def.cpp:1143:1:void __static_initialization_and_destruction_0(int, int)	8	static
def.cpp:723:6:void StopMotor(GPIO_TypeDef*, uint16_t, GPIO_TypeDef*, uint16_t)	16	static
def.cpp:736:6:void PortRead(I2C_HandleTypeDef*, uint8_t, uint8_t*)	24	static
def.cpp:868:6:void ArreyRx(std::string)	8	static
def.cpp:922:6:void Msg(std::string)	16	dynamic
def.cpp:941:6:void DWT_Init()	0	static
def.cpp:947:6:void delay_micros(uint32_t)	0	static
def.cpp:958:19:HAL_StatusTypeDef Read_I2C(I2C_HandleTypeDef*, uint16_t, uint16_t, uint8_t*, uint16_t)	40	static
def.cpp:973:19:HAL_StatusTypeDef Write_I2C(I2C_HandleTypeDef*, uint16_t, uint16_t, uint8_t*, uint16_t)	40	static
def.cpp:1062:6:void EraseEEPROM(uint16_t)	24	dynamic
def.cpp:1069:6:void Event_err()	8	static
def.cpp:1079:6:void TestSol()	8	static
string_conversions.h:54:5:) [with _TRet = long int; _Ret = int; _CharT = char; _Base = {int}]	32	static
basic_string.tcc:206:7:void std::__cxx11::basic_string<_CharT, _Traits, _Alloc>::_M_construct(_InIterator, _InIterator, std::forward_iterator_tag) [with _FwdIterator = const char*; _CharT = char; _Traits = std::char_traits<char>; _Alloc = std::allocator<char>]	24	static
def.cpp:916:6:void WriteMtk(const char*)	32	static
def.cpp:401:6:void Solenoid(GPIO_TypeDef*, uint16_t, uint8_t, const char*)	48	static
def.cpp:1109:6:void TestInput()	224	static
basic_string.tcc:206:7:void std::__cxx11::basic_string<_CharT, _Traits, _Alloc>::_M_construct(_InIterator, _InIterator, std::forward_iterator_tag) [with _FwdIterator = char*; _CharT = char; _Traits = std::char_traits<char>; _Alloc = std::allocator<char>]	24	static
def.cpp:748:8:std::string convertCommandToIntList(std::string&, int*)	136	static
def.cpp:934:6:void Msgint(int)	72	static
def.cpp:998:6:void ReadEEPROM()	16	static
def.cpp:1038:6:void WriteEEPROM()	32	static
def.cpp:350:6:void WaitForOptoStatus(uint8_t, uint8_t, uint16_t, const char*)	96	static
def.cpp:430:13:StatusMotor RunStepMotor(int, uint8_t, uint32_t, int8_t, uint8_t, uint16_t, const char*)	152	static
def.cpp:306:6:void PrintFoto()	32	static
def.cpp:625:13:StatusMotor RunMotor(GPIO_TypeDef*, uint16_t, GPIO_TypeDef*, uint16_t, uint16_t, long int, int16_t, int8_t, uint8_t, uint16_t, const char*)	176	static
def.cpp:337:6:void MagnFrv()	40	static
def.cpp:885:6:void InitDev()	56	static
def.cpp:109:6:void Main_func(uint16_t, uint8_t, uint8_t)	176	static
def.cpp:228:6:void Foto_to_magn(uint16_t, uint8_t, uint8_t)	128	static
def.cpp:546:13:StatusMotor CalibrSteps()	40	static
def.cpp:778:6:void executeCommand(std::string)	192	static,ignoring_inline_asm
def.cpp:1143:1:cpp)	8	static
def.cpp:1143:1:cpp)	8	static
