def.cpp:786:1:void __static_initialization_and_destruction_0(int, int)	8	static
def.cpp:438:6:void StopMotor(GPIO_TypeDef*, uint16_t, GPIO_TypeDef*, uint16_t)	16	static
def.cpp:451:6:void PortRead(I2C_HandleTypeDef*, uint8_t, uint8_t*)	24	static
def.cpp:528:6:void ArreyRx(std::string)	8	static
def.cpp:621:6:void Service()	16	static
def.cpp:737:6:void InitDev()	8	static
def.cpp:770:6:void Msg(std::string)	16	dynamic
string_conversions.h:54:5:) [with _TRet = long int; _Ret = int; _CharT = char; _Base = {int}]	32	static
basic_string.tcc:206:7:void std::__cxx11::basic_string<_CharT, _Traits, _Alloc>::_M_construct(_InIterator, _InIterator, std::forward_iterator_tag) [with _FwdIterator = const char*; _CharT = char; _Traits = std::char_traits<char>; _Alloc = std::allocator<char>]	24	static
def.cpp:764:6:void WriteMtk(const char*)	32	static
def.cpp:243:6:void Solenoid(GPIO_TypeDef*, uint16_t, uint8_t, const char*)	16	static
def.cpp:204:6:void WaitForOptoStatus(uint8_t, uint8_t, uint8_t, const char*)	72	static
def.cpp:359:13:StatusMotor RunMotor(GPIO_TypeDef*, uint16_t, GPIO_TypeDef*, uint16_t, uint16_t, long int, int16_t, int8_t, uint8_t, uint16_t, const char*)	144	static
def.cpp:191:6:void MagnFrv()	40	static
def.cpp:544:6:void TestDev()	40	static
def.cpp:269:13:StatusMotor RunStepMotor(int, uint8_t, uint32_t, int8_t, uint8_t, uint16_t, const char*)	152	static
def.cpp:184:6:void PrintFoto()	24	static
basic_string.tcc:206:7:void std::__cxx11::basic_string<_CharT, _Traits, _Alloc>::_M_construct(_InIterator, _InIterator, std::forward_iterator_tag) [with _FwdIterator = char*; _CharT = char; _Traits = std::char_traits<char>; _Alloc = std::allocator<char>]	24	static
def.cpp:463:8:std::string convertCommandToIntList(std::string&, uint16_t*)	136	static
def.cpp:782:6:void Msgint(int)	72	static
def.cpp:96:6:void Main_func(uint16_t, uint8_t, uint8_t)	384	static
def.cpp:493:6:void executeCommand(std::string)	136	static,ignoring_inline_asm
def.cpp:786:1:cpp)	8	static
def.cpp:786:1:cpp)	8	static
