def.cpp:1104:1:void __static_initialization_and_destruction_0(int, int)	8	static
def.cpp:617:6:void StopMotor(GPIO_TypeDef*, uint16_t, GPIO_TypeDef*, uint16_t)	16	static
def.cpp:630:6:void PortRead(I2C_HandleTypeDef*, uint8_t, uint8_t*)	24	static
def.cpp:780:6:void ArreyRx(std::string)	8	static
def.cpp:833:6:void Msg(std::string)	16	dynamic
def.cpp:852:6:void DWT_Init()	0	static
def.cpp:858:6:void delay_micros(uint32_t)	0	static
def.cpp:869:19:HAL_StatusTypeDef Read_I2C(I2C_HandleTypeDef*, uint16_t, uint16_t, uint8_t*, uint16_t)	40	static
def.cpp:884:19:HAL_StatusTypeDef Write_I2C(I2C_HandleTypeDef*, uint16_t, uint16_t, uint8_t*, uint16_t)	40	static
def.cpp:991:6:void Event_err(uint8_t*)	8	static
def.cpp:1001:6:void TestSol()	8	static
string_conversions.h:54:5:) [with _TRet = long int; _Ret = int; _CharT = char; _Base = {int}]	32	static
basic_string.tcc:206:7:void std::__cxx11::basic_string<_CharT, _Traits, _Alloc>::_M_construct(_InIterator, _InIterator, std::forward_iterator_tag) [with _FwdIterator = const char*; _CharT = char; _Traits = std::char_traits<char>; _Alloc = std::allocator<char>]	24	static
def.cpp:1031:6:void TestInput()	328	static
def.cpp:827:6:void WriteMtk(const char*)	32	static
def.cpp:304:6:void Solenoid(GPIO_TypeDef*, uint16_t, uint8_t, uint8_t*)	48	static
def.cpp:256:6:void WaitForOptoStatus(uint8_t, uint8_t, uint16_t, uint8_t*)	96	static
def.cpp:527:6:void RunMotor(GPIO_TypeDef*, uint16_t, GPIO_TypeDef*, uint16_t, uint16_t, long int, int16_t, int8_t, uint8_t, uint16_t, uint8_t*)	168	static
def.cpp:243:6:void MagnFrv()	40	static
def.cpp:796:6:void InitDev()	64	static
basic_string.tcc:206:7:void std::__cxx11::basic_string<_CharT, _Traits, _Alloc>::_M_construct(_InIterator, _InIterator, std::forward_iterator_tag) [with _FwdIterator = char*; _CharT = char; _Traits = std::char_traits<char>; _Alloc = std::allocator<char>]	24	static
def.cpp:642:8:std::string convertCommandToIntList(std::string&, int*)	136	static
def.cpp:845:6:void Msgint(int)	72	static
def.cpp:909:6:void ReadEEPROM()	16	static
def.cpp:982:6:void EraseEEPROM(uint16_t)	24	dynamic
def.cpp:961:6:void WriteEEPROM()	48	static
def.cpp:336:6:void RunStepMotor(int, uint8_t, uint32_t, int8_t, uint8_t, uint16_t, uint8_t*)	152	static
def.cpp:177:6:void Foto_to_magn(uint16_t, uint8_t, uint8_t)	80	static
def.cpp:220:6:void PrintFoto()	32	static
def.cpp:97:6:void Main_func(uint16_t, uint8_t, uint8_t)	104	static
def.cpp:448:13:StatusMotor CalibrSteps()	40	static
def.cpp:672:6:void executeCommand(std::string)	184	static,ignoring_inline_asm
def.cpp:1104:1:cpp)	8	static
def.cpp:1104:1:cpp)	8	static
