def.cpp:1076:4:void __static_initialization_and_destruction_0(int, int)	8	static
def.cpp:642:6:void StopMotor(GPIO_TypeDef*, uint16_t, GPIO_TypeDef*, uint16_t)	16	static
def.cpp:655:6:void PortRead(I2C_HandleTypeDef*, uint8_t, uint8_t*)	24	static
def.cpp:756:6:void ArreyRx(std::string)	8	static
def.cpp:850:6:void Service()	0	static
def.cpp:1005:6:void Msg(std::string)	16	dynamic
def.cpp:1024:6:void DWT_Init()	0	static
def.cpp:1030:6:void delay_micros(uint32_t)	0	static
def.cpp:1041:19:HAL_StatusTypeDef Read_I2C(I2C_HandleTypeDef*, uint16_t, uint16_t, uint8_t*, uint16_t)	40	static
def.cpp:1056:19:HAL_StatusTypeDef Write_I2C(I2C_HandleTypeDef*, uint16_t, uint16_t, uint8_t*, uint16_t)	40	static
string_conversions.h:54:5:) [with _TRet = long int; _Ret = int; _CharT = char; _Base = {int}]	32	static
basic_string.tcc:206:7:void std::__cxx11::basic_string<_CharT, _Traits, _Alloc>::_M_construct(_InIterator, _InIterator, std::forward_iterator_tag) [with _FwdIterator = const char*; _CharT = char; _Traits = std::char_traits<char>; _Alloc = std::allocator<char>]	24	static
def.cpp:999:6:void WriteMtk(const char*)	32	static
def.cpp:382:6:void Solenoid(GPIO_TypeDef*, uint16_t, uint8_t, const char*)	48	static
basic_string.tcc:206:7:void std::__cxx11::basic_string<_CharT, _Traits, _Alloc>::_M_construct(_InIterator, _InIterator, std::forward_iterator_tag) [with _FwdIterator = char*; _CharT = char; _Traits = std::char_traits<char>; _Alloc = std::allocator<char>]	24	static
def.cpp:667:8:std::string convertCommandToIntList(std::string&, int*)	136	static
def.cpp:1017:6:void Msgint(int)	72	static
def.cpp:333:6:void WaitForOptoStatus(uint8_t, uint8_t, uint8_t, const char*)	96	static
def.cpp:413:13:StatusMotor RunStepMotor(int, uint8_t, uint32_t, int8_t, uint8_t, uint16_t, const char*)	152	static
def.cpp:291:6:void PrintFoto()	32	static
def.cpp:772:6:void TestDev()	32	static
def.cpp:544:13:StatusMotor RunMotor(GPIO_TypeDef*, uint16_t, GPIO_TypeDef*, uint16_t, uint16_t, long int, int16_t, int8_t, uint8_t, uint16_t, const char*)	176	static
def.cpp:320:6:void MagnFrv()	40	static
def.cpp:968:6:void InitDev()	56	static
def.cpp:96:6:void Main_func(uint16_t, uint8_t, uint8_t)	176	static
def.cpp:214:6:void Foto_to_magn(uint16_t, uint8_t, uint8_t)	128	static
def.cpp:697:6:void executeCommand(std::string)	192	static,ignoring_inline_asm
def.cpp:1076:4:cpp)	8	static
def.cpp:1076:4:cpp)	8	static
