def.cpp:818:1:void __static_initialization_and_destruction_0(int, int)	8	static
def.cpp:462:6:void StopMotor(GPIO_TypeDef*, uint16_t, GPIO_TypeDef*, uint16_t)	16	static
def.cpp:475:6:void PortRead(I2C_HandleTypeDef*, uint8_t, uint8_t*)	24	static
def.cpp:555:6:void ArreyRx(std::string)	8	static
def.cpp:653:6:void Service()	16	static
def.cpp:769:6:void InitDev()	8	static
def.cpp:802:6:void Msg(std::string)	16	dynamic
string_conversions.h:54:5:) [with _TRet = long int; _Ret = int; _CharT = char; _Base = {int}]	32	static
basic_string.tcc:206:7:void std::__cxx11::basic_string<_CharT, _Traits, _Alloc>::_M_construct(_InIterator, _InIterator, std::forward_iterator_tag) [with _FwdIterator = const char*; _CharT = char; _Traits = std::char_traits<char>; _Alloc = std::allocator<char>]	24	static
def.cpp:796:6:void WriteMtk(const char*)	32	static
def.cpp:251:6:void Solenoid(GPIO_TypeDef*, uint16_t, uint8_t, const char*)	48	static
basic_string.tcc:206:7:void std::__cxx11::basic_string<_CharT, _Traits, _Alloc>::_M_construct(_InIterator, _InIterator, std::forward_iterator_tag) [with _FwdIterator = char*; _CharT = char; _Traits = std::char_traits<char>; _Alloc = std::allocator<char>]	24	static
def.cpp:487:8:std::string convertCommandToIntList(std::string&, uint16_t*)	136	static
def.cpp:814:6:void Msgint(int)	72	static
def.cpp:208:6:void WaitForOptoStatus(uint8_t, uint8_t, uint8_t, const char*)	96	static
def.cpp:280:13:StatusMotor RunStepMotor(int, uint8_t, uint32_t, int8_t, uint8_t, uint16_t, const char*)	160	static
def.cpp:188:6:void PrintFoto()	24	static
def.cpp:571:6:void TestDev()	32	static
def.cpp:377:13:StatusMotor RunMotor(GPIO_TypeDef*, uint16_t, GPIO_TypeDef*, uint16_t, uint16_t, long int, int16_t, int8_t, uint8_t, uint16_t, const char*)	176	static
def.cpp:195:6:void MagnFrv()	40	static
def.cpp:96:6:void Main_func(uint16_t, uint8_t, uint8_t)	104	static
def.cpp:517:6:void executeCommand(std::string)	136	static,ignoring_inline_asm
def.cpp:818:1:cpp)	8	static
def.cpp:818:1:cpp)	8	static
