def.cpp:1222:1:void __static_initialization_and_destruction_0(int, int)	8	static
def.cpp:677:6:void StopMotor(GPIO_TypeDef*, uint16_t, GPIO_TypeDef*, uint16_t)	16	static
def.cpp:690:6:void PortRead(I2C_HandleTypeDef*, uint8_t, uint8_t*)	24	static
def.cpp:822:6:void ArreyRx(std::string)	8	static
def.cpp:838:6:void TestDev()	0	static
def.cpp:845:6:void Service()	0	static
def.cpp:1000:6:void Msg(std::string)	16	dynamic
def.cpp:1019:6:void DWT_Init()	0	static
def.cpp:1025:6:void delay_micros(uint32_t)	0	static
def.cpp:1036:19:HAL_StatusTypeDef Read_I2C(I2C_HandleTypeDef*, uint16_t, uint16_t, uint8_t*, uint16_t)	40	static
def.cpp:1051:19:HAL_StatusTypeDef Write_I2C(I2C_HandleTypeDef*, uint16_t, uint16_t, uint8_t*, uint16_t)	40	static
def.cpp:1140:6:void EraseEEPROM(uint16_t)	24	dynamic
def.cpp:1147:6:void Event_err()	8	static
def.cpp:1157:6:void TestSol()	8	static
string_conversions.h:54:5:) [with _TRet = long int; _Ret = int; _CharT = char; _Base = {int}]	32	static
basic_string.tcc:206:7:void std::__cxx11::basic_string<_CharT, _Traits, _Alloc>::_M_construct(_InIterator, _InIterator, std::forward_iterator_tag) [with _FwdIterator = const char*; _CharT = char; _Traits = std::char_traits<char>; _Alloc = std::allocator<char>]	24	static
def.cpp:994:6:void WriteMtk(const char*)	32	static
def.cpp:417:6:void Solenoid(GPIO_TypeDef*, uint16_t, uint8_t, const char*)	48	static
def.cpp:1187:6:void TestInput()	224	static
basic_string.tcc:206:7:void std::__cxx11::basic_string<_CharT, _Traits, _Alloc>::_M_construct(_InIterator, _InIterator, std::forward_iterator_tag) [with _FwdIterator = char*; _CharT = char; _Traits = std::char_traits<char>; _Alloc = std::allocator<char>]	24	static
def.cpp:702:8:std::string convertCommandToIntList(std::string&, int*)	136	static
def.cpp:1012:6:void Msgint(int)	72	static
def.cpp:1076:6:void ReadEEPROM()	16	static
def.cpp:1116:6:void WriteEEPROM()	32	static
def.cpp:366:6:void WaitForOptoStatus(uint8_t, uint8_t, uint16_t, const char*)	96	static
def.cpp:446:13:StatusMotor RunStepMotor(int, uint8_t, uint32_t, int8_t, uint8_t, uint16_t, const char*)	152	static
def.cpp:322:6:void PrintFoto()	32	static
def.cpp:579:13:StatusMotor RunMotor(GPIO_TypeDef*, uint16_t, GPIO_TypeDef*, uint16_t, uint16_t, long int, int16_t, int8_t, uint8_t, uint16_t, const char*)	176	static
def.cpp:353:6:void MagnFrv()	40	static
def.cpp:963:6:void InitDev()	56	static
def.cpp:125:6:void Main_func(uint16_t, uint8_t, uint8_t)	176	static
def.cpp:244:6:void Foto_to_magn(uint16_t, uint8_t, uint8_t)	128	static
def.cpp:732:6:void executeCommand(std::string)	192	static,ignoring_inline_asm
def.cpp:1222:1:cpp)	8	static
def.cpp:1222:1:cpp)	8	static
