main.cpp:693:13:void MX_GPIO_Init()	64	static
main.cpp:672:13:void MX_DMA_Init()	16	static
main.cpp:107:6:void HAL_ADCEx_InjectedConvCpltCallback(ADC_HandleTypeDef*)	8	static
main.cpp:126:6:void HAL_TIM_IC_CaptureCallback(TIM_HandleTypeDef*)	0	static
main.cpp:761:5:int __io_putchar(int)	0	static,ignoring_inline_asm
main.cpp:775:6:void Error_Handler()	0	static,ignoring_inline_asm
main.cpp:382:13:void MX_TIM1_Init()	96	static
main.cpp:463:13:void MX_TIM2_Init()	80	static
main.cpp:348:13:void MX_I2C1_Init()	8	static
main.cpp:293:13:void MX_ADC1_Init()	40	static
main.cpp:594:13:void MX_TIM4_Init()	32	static
main.cpp:535:13:void MX_TIM3_Init()	64	static
main.cpp:641:13:void MX_USART1_UART_Init()	8	static
main.cpp:246:6:void SystemClock_Config()	88	static
basic_string.tcc:206:7:void std::__cxx11::basic_string<_CharT, _Traits, _Alloc>::_M_construct(_InIterator, _InIterator, std::forward_iterator_tag) [with _FwdIterator = char*; _CharT = char; _Traits = std::char_traits<char>; _Alloc = std::allocator<char>]	24	static
main.cpp:143:5:int main()	96	static
