main.cpp:556:13:void MX_GPIO_Init()	56	static
main.cpp:538:13:void MX_DMA_Init()	16	static
main.cpp:104:6:void HAL_ADCEx_InjectedConvCpltCallback(ADC_HandleTypeDef*)	8	static
main.cpp:123:6:void HAL_TIM_IC_CaptureCallback(TIM_HandleTypeDef*)	0	static
main.cpp:617:5:int __io_putchar(int)	0	static,ignoring_inline_asm
main.cpp:631:6:void Error_Handler()	0	static,ignoring_inline_asm
main.cpp:362:13:void MX_TIM2_Init()	80	static
main.cpp:328:13:void MX_I2C1_Init()	8	static
main.cpp:273:13:void MX_ADC1_Init()	40	static
main.cpp:493:13:void MX_TIM4_Init()	32	static
main.cpp:434:13:void MX_TIM3_Init()	64	static
main.cpp:226:6:void SystemClock_Config()	88	static
basic_string.tcc:206:7:void std::__cxx11::basic_string<_CharT, _Traits, _Alloc>::_M_construct(_InIterator, _InIterator, std::forward_iterator_tag) [with _FwdIterator = const char*; _CharT = char; _Traits = std::char_traits<char>; _Alloc = std::allocator<char>]	24	static
basic_string.tcc:206:7:void std::__cxx11::basic_string<_CharT, _Traits, _Alloc>::_M_construct(_InIterator, _InIterator, std::forward_iterator_tag) [with _FwdIterator = char*; _CharT = char; _Traits = std::char_traits<char>; _Alloc = std::allocator<char>]	24	static
main.cpp:138:5:int main()	88	static
