stm32f1xx_it.cpp:87:6:void NMI_Handler()	0	static
stm32f1xx_it.cpp:102:6:void HardFault_Handler()	0	static
stm32f1xx_it.cpp:117:6:void MemManage_Handler()	0	static
stm32f1xx_it.cpp:132:6:void BusFault_Handler()	0	static
stm32f1xx_it.cpp:147:6:void UsageFault_Handler()	0	static
stm32f1xx_it.cpp:162:6:void SVC_Handler()	0	static
stm32f1xx_it.cpp:175:6:void DebugMon_Handler()	0	static
stm32f1xx_it.cpp:188:6:void PendSV_Handler()	0	static
stm32f1xx_it.cpp:201:6:void SysTick_Handler()	8	static
stm32f1xx_it.cpp:222:6:void DMA1_Channel2_IRQHandler()	8	static
stm32f1xx_it.cpp:236:6:void DMA1_Channel7_IRQHandler()	8	static
stm32f1xx_it.cpp:250:6:void ADC1_2_IRQHandler()	8	static
stm32f1xx_it.cpp:264:6:void USB_HP_CAN1_TX_IRQHandler()	8	static
stm32f1xx_it.cpp:278:6:void USB_LP_CAN1_RX0_IRQHandler()	8	static
stm32f1xx_it.cpp:292:6:void TIM1_UP_IRQHandler()	8	static
stm32f1xx_it.cpp:306:6:void TIM1_CC_IRQHandler()	8	static
stm32f1xx_it.cpp:329:6:void TIM2_IRQHandler()	8	static
stm32f1xx_it.cpp:346:6:void TIM3_IRQHandler()	8	static
stm32f1xx_it.cpp:360:6:void TIM4_IRQHandler()	8	static
stm32f1xx_it.cpp:397:6:void I2C1_EV_IRQHandler()	8	static
stm32f1xx_it.cpp:411:6:void I2C1_ER_IRQHandler()	8	static
stm32f1xx_it.cpp:424:6:void USBWakeUp_IRQHandler()	8	static
