syscalls.c:51:6:initialise_monitor_handles	0	static
syscalls.c:55:5:_getpid	0	static
syscalls.c:60:5:_kill	8	static
syscalls.c:66:6:_exit	8	static
syscalls.c:72:27:_read	16	static
syscalls.c:84:27:_write	4	static,ignoring_inline_asm
syscalls.c:96:5:_close	0	static
syscalls.c:102:5:_fstat	0	static
syscalls.c:108:5:_isatty	0	static
syscalls.c:113:5:_lseek	0	static
syscalls.c:118:5:_open	0	static
syscalls.c:124:5:_wait	8	static
syscalls.c:130:5:_unlink	8	static
syscalls.c:136:5:_times	0	static
syscalls.c:141:5:_stat	0	static
syscalls.c:147:5:_link	8	static
syscalls.c:153:5:_fork	8	static
syscalls.c:159:5:_execve	8	static
