usbd_cdc_if.cpp:171:15:int8_t CDC_DeInit_FS()	0	static
usbd_cdc_if.cpp:185:15:int8_t CDC_Control_FS(uint8_t, uint8_t*, uint16_t)	0	static
usbd_cdc_if.cpp:157:15:int8_t CDC_Init_FS()	8	static
usbd_cdc_if.cpp:295:9:uint8_t CDC_Transmit_FS(uint8_t*, uint16_t)	8	static
basic_string.tcc:206:7:void std::__cxx11::basic_string<_CharT, _Traits, _Alloc>::_M_construct(_InIterator, _InIterator, std::forward_iterator_tag) [with _FwdIterator = const char*; _CharT = char; _Traits = std::char_traits<char>; _Alloc = std::allocator<char>]	24	static
basic_string.tcc:206:7:void std::__cxx11::basic_string<_CharT, _Traits, _Alloc>::_M_construct(_InIterator, _InIterator, std::forward_iterator_tag) [with _FwdIterator = char*; _CharT = char; _Traits = std::char_traits<char>; _Alloc = std::allocator<char>]	24	static
usbd_cdc_if.cpp:266:15:int8_t CDC_Receive_FS(uint8_t*, uint32_t*)	56	static
