core_cm3.h:1762:34:void __NVIC_SystemReset()	4	static,ignoring_inline_asm
gthr-default.h:229:1:int __gthread_key_delete(__gthread_key_t)	16	static
basic_string.h:6503:3:int std::__cxx11::stoi(const string&, std::size_t*, int)	32	static
def.cpp:98:6:void main_func(uint16_t, char, uint8_t)	288	static
def.cpp:173:6:void WaitForOptoStatus(uint8_t, uint8_t, uint8_t)	24	static
def.cpp:194:6:void Solenoid(GPIO_TypeDef*, uint16_t, uint8_t)	16	static
def.cpp:208:13:StatusMotor RunStepMotor(int, uint8_t, uint32_t, uint8_t, uint8_t, uint16_t)	32	static
def.cpp:307:13:StatusMotor RunMotor(GPIO_TypeDef*, uint16_t, GPIO_TypeDef*, uint16_t, uint16_t, long int, uint16_t, uint8_t, uint8_t, uint16_t)	40	static
def.cpp:389:6:void StopMotor(GPIO_TypeDef*, uint16_t, GPIO_TypeDef*, uint16_t)	24	static
def.cpp:397:19:HAL_StatusTypeDef Read_I2C(I2C_HandleTypeDef*, uint16_t, uint16_t, uint8_t*, uint16_t)	40	static
def.cpp:412:19:HAL_StatusTypeDef Write_I2C(I2C_HandleTypeDef*, uint16_t, uint16_t, uint8_t*, uint16_t)	40	static
def.cpp:443:6:void PortRead(I2C_HandleTypeDef*, uint8_t, uint8_t*)	40	static
def.cpp:456:8:std::string convertCommandToIntList(std::string, LinkedList<int>&)	136	static
def.cpp:478:6:void executeCommand(std::string)	152	static,ignoring_inline_asm
def.cpp:505:6:void ArreyRx(std::string)	40	static
def.cpp:519:6:void TestDev()	8	static
def.cpp:600:6:void InitDev()	8	static
def.cpp:625:6:void Msg(std::string)	40	dynamic
string_conversions.h:63:2:)::_Save_errno::_Save_errno() [with _TRet = long int; _Ret = int; _CharT = char; _Base = {int}]	16	static
string_conversions.h:64:2:)::_Save_errno::~_Save_errno() [with _TRet = long int; _Ret = int; _CharT = char; _Base = {int}]	16	static
string_conversions.h:73:4:)::_Range_chk::_S_chk(_TRet, std::true_type) [with _TRet = long int; _Ret = int; _CharT = char; _Base = {int}]	16	static
string_conversions.h:54:5:) [with _TRet = long int; _Ret = int; _CharT = char; _Base = {int}]	56	static
LinkedList.h:209:6:bool LinkedList<T>::add(T) [with T = int]	24	static
LinkedList.h:113:1:LinkedList<T>::LinkedList() [with T = int]	16	static
LinkedList.h:126:1:LinkedList<T>::~LinkedList() [with T = int]	24	static
LinkedList.h:126:1:LinkedList<T>::~LinkedList() [with T = int]	16	static
def.cpp:633:4:void __static_initialization_and_destruction_0(int, int)	16	static
LinkedList.h:176:5:int LinkedList<T>::size() [with T = int]	16	static
LinkedList.h:188:6:bool LinkedList<T>::add(int, T) [with T = int]	32	static
LinkedList.h:232:6:bool LinkedList<T>::unshift(T) [with T = int]	24	static
LinkedList.h:255:6:bool LinkedList<T>::set(int, T) [with T = int]	24	static
LinkedList.h:312:3:T LinkedList<T>::remove(int) [with T = int]	32	static
LinkedList.h:265:3:T LinkedList<T>::pop() [with T = int]	32	static
LinkedList.h:291:3:T LinkedList<T>::shift() [with T = int]	24	static
LinkedList.h:338:3:T LinkedList<T>::get(int) [with T = int]	24	static
LinkedList.h:345:6:void LinkedList<T>::clear() [with T = int]	16	static
LinkedList.h:351:6:void LinkedList<T>::sort(int (*)(T&, T&)) [with T = int]	40	static
LinkedList.h:145:14:ListNode<T>* LinkedList<T>::getNode(int) [with T = int]	24	static
LinkedList.h:411:14:ListNode<T>* LinkedList<T>::findEndOfSortedString(ListNode<T>*, int (*)(T&, T&)) [with T = int]	24	static
def.cpp:633:4:cpp)	8	static
def.cpp:633:4:cpp)	8	static
