core_cm3.h:1876:26:uint32_t ITM_SendChar(uint32_t)	16	static,ignoring_inline_asm
gthr-default.h:229:1:int __gthread_key_delete(__gthread_key_t)	16	static
main.cpp:103:6:void HAL_ADCEx_InjectedConvCpltCallback(ADC_HandleTypeDef*)	16	static
main.cpp:125:5:int main()	8	static
main.cpp:206:6:void SystemClock_Config()	88	static
main.cpp:253:13:void MX_ADC1_Init()	40	static
main.cpp:306:13:void MX_I2C1_Init()	8	static
main.cpp:340:13:void MX_TIM1_Init()	96	static
main.cpp:421:13:void MX_TIM2_Init()	64	static
main.cpp:480:13:void MX_TIM3_Init()	64	static
main.cpp:539:13:void MX_TIM4_Init()	32	static
main.cpp:584:13:void MX_DMA_Init()	16	static
main.cpp:605:13:void MX_GPIO_Init()	40	static
main.cpp:669:5:int __io_putchar(int)	16	static
main.cpp:684:6:void Error_Handler()	4	static,ignoring_inline_asm
