core_cm3.h:1876:26:uint32_t ITM_SendChar(uint32_t)	16	static,ignoring_inline_asm
gthr-default.h:229:1:int __gthread_key_delete(__gthread_key_t)	16	static
main.cpp:104:6:void HAL_ADCEx_InjectedConvCpltCallback(ADC_HandleTypeDef*)	16	static
main.cpp:124:6:void HAL_TIM_IC_CaptureCallback(TIM_HandleTypeDef*)	16	static
main.cpp:141:5:int main()	32	static
main.cpp:233:6:void SystemClock_Config()	88	static
main.cpp:280:13:void MX_ADC1_Init()	40	static
main.cpp:335:13:void MX_I2C1_Init()	8	static
main.cpp:369:13:void MX_TIM1_Init()	96	static
main.cpp:450:13:void MX_TIM2_Init()	80	static
main.cpp:523:13:void MX_TIM3_Init()	64	static
main.cpp:582:13:void MX_TIM4_Init()	32	static
main.cpp:627:13:void MX_DMA_Init()	16	static
main.cpp:648:13:void MX_GPIO_Init()	40	static
main.cpp:712:5:int __io_putchar(int)	16	static
main.cpp:726:6:void Error_Handler()	4	static,ignoring_inline_asm
