gthr-default.h:229:1:int __gthread_key_delete(__gthread_key_t)	16	static
stm32f1xx_it.cpp:85:6:void NMI_Handler()	4	static
stm32f1xx_it.cpp:100:6:void HardFault_Handler()	4	static
stm32f1xx_it.cpp:115:6:void MemManage_Handler()	4	static
stm32f1xx_it.cpp:130:6:void BusFault_Handler()	4	static
stm32f1xx_it.cpp:145:6:void UsageFault_Handler()	4	static
stm32f1xx_it.cpp:160:6:void SVC_Handler()	4	static
stm32f1xx_it.cpp:173:6:void DebugMon_Handler()	4	static
stm32f1xx_it.cpp:186:6:void PendSV_Handler()	4	static
stm32f1xx_it.cpp:199:6:void SysTick_Handler()	8	static
stm32f1xx_it.cpp:220:6:void DMA1_Channel7_IRQHandler()	8	static
stm32f1xx_it.cpp:234:6:void ADC1_2_IRQHandler()	8	static
stm32f1xx_it.cpp:248:6:void USB_HP_CAN1_TX_IRQHandler()	8	static
stm32f1xx_it.cpp:262:6:void USB_LP_CAN1_RX0_IRQHandler()	8	static
stm32f1xx_it.cpp:276:6:void TIM2_IRQHandler()	8	static
stm32f1xx_it.cpp:293:6:void TIM3_IRQHandler()	8	static
stm32f1xx_it.cpp:307:6:void TIM4_IRQHandler()	8	static
stm32f1xx_it.cpp:344:6:void I2C1_EV_IRQHandler()	8	static
stm32f1xx_it.cpp:358:6:void I2C1_ER_IRQHandler()	8	static
stm32f1xx_it.cpp:371:6:void USBWakeUp_IRQHandler()	8	static
