gthr-default.h:229:1:int __gthread_key_delete(__gthread_key_t)	16	static
stm32f1xx_it.cpp:84:6:void NMI_Handler()	4	static
stm32f1xx_it.cpp:99:6:void HardFault_Handler()	4	static
stm32f1xx_it.cpp:114:6:void MemManage_Handler()	4	static
stm32f1xx_it.cpp:129:6:void BusFault_Handler()	4	static
stm32f1xx_it.cpp:144:6:void UsageFault_Handler()	4	static
stm32f1xx_it.cpp:159:6:void SVC_Handler()	4	static
stm32f1xx_it.cpp:172:6:void DebugMon_Handler()	4	static
stm32f1xx_it.cpp:185:6:void PendSV_Handler()	4	static
stm32f1xx_it.cpp:198:6:void SysTick_Handler()	8	static
stm32f1xx_it.cpp:219:6:void DMA1_Channel2_IRQHandler()	8	static
stm32f1xx_it.cpp:233:6:void DMA1_Channel7_IRQHandler()	8	static
stm32f1xx_it.cpp:247:6:void ADC1_2_IRQHandler()	8	static
stm32f1xx_it.cpp:261:6:void USB_HP_CAN1_TX_IRQHandler()	8	static
stm32f1xx_it.cpp:275:6:void USB_LP_CAN1_RX0_IRQHandler()	8	static
stm32f1xx_it.cpp:289:6:void TIM1_UP_IRQHandler()	8	static
stm32f1xx_it.cpp:303:6:void TIM1_CC_IRQHandler()	8	static
stm32f1xx_it.cpp:324:6:void TIM2_IRQHandler()	8	static
stm32f1xx_it.cpp:341:6:void TIM3_IRQHandler()	8	static
stm32f1xx_it.cpp:355:6:void TIM4_IRQHandler()	16	static
stm32f1xx_it.cpp:391:6:void I2C1_EV_IRQHandler()	8	static
stm32f1xx_it.cpp:405:6:void I2C1_ER_IRQHandler()	8	static
