stm32f1xx_it.cpp:83:6:void NMI_Handler()	4	static
stm32f1xx_it.cpp:98:6:void HardFault_Handler()	4	static
stm32f1xx_it.cpp:113:6:void MemManage_Handler()	4	static
stm32f1xx_it.cpp:128:6:void BusFault_Handler()	4	static
stm32f1xx_it.cpp:143:6:void UsageFault_Handler()	4	static
stm32f1xx_it.cpp:158:6:void SVC_Handler()	4	static
stm32f1xx_it.cpp:171:6:void DebugMon_Handler()	4	static
stm32f1xx_it.cpp:184:6:void PendSV_Handler()	4	static
stm32f1xx_it.cpp:197:6:void SysTick_Handler()	8	static
stm32f1xx_it.cpp:218:6:void DMA1_Channel2_IRQHandler()	8	static
stm32f1xx_it.cpp:232:6:void DMA1_Channel7_IRQHandler()	8	static
stm32f1xx_it.cpp:246:6:void ADC1_2_IRQHandler()	8	static
stm32f1xx_it.cpp:260:6:void USB_HP_CAN1_TX_IRQHandler()	8	static
stm32f1xx_it.cpp:274:6:void USB_LP_CAN1_RX0_IRQHandler()	8	static
stm32f1xx_it.cpp:288:6:void TIM1_UP_IRQHandler()	8	static
stm32f1xx_it.cpp:302:6:void TIM1_CC_IRQHandler()	8	static
stm32f1xx_it.cpp:326:6:void TIM2_IRQHandler()	8	static
stm32f1xx_it.cpp:340:6:void TIM3_IRQHandler()	8	static
stm32f1xx_it.cpp:354:6:void TIM4_IRQHandler()	16	static
stm32f1xx_it.cpp:397:6:void I2C1_EV_IRQHandler()	8	static
stm32f1xx_it.cpp:411:6:void I2C1_ER_IRQHandler()	8	static
