Archive member included to satisfy reference by file (symbol)

c:/st/stm32cubeide_1.8.0/stm32cubeide/plugins/com.st.stm32cube.ide.mcu.externaltools.gnu-tools-for-stm32.9-2020-q2-update.win32_2.0.0.202105311346/tools/bin/../lib/gcc/arm-none-eabi/9.3.1/../../../../arm-none-eabi/lib/thumb/v7-m/nofp\libstdc++_nano.a(del_op.o)
                              ./Core/Src/def.o (operator delete(void*))
c:/st/stm32cubeide_1.8.0/stm32cubeide/plugins/com.st.stm32cube.ide.mcu.externaltools.gnu-tools-for-stm32.9-2020-q2-update.win32_2.0.0.202105311346/tools/bin/../lib/gcc/arm-none-eabi/9.3.1/../../../../arm-none-eabi/lib/thumb/v7-m/nofp\libstdc++_nano.a(functexcept.o)
                              ./Core/Src/def.o (std::__throw_logic_error(char const*))
c:/st/stm32cubeide_1.8.0/stm32cubeide/plugins/com.st.stm32cube.ide.mcu.externaltools.gnu-tools-for-stm32.9-2020-q2-update.win32_2.0.0.202105311346/tools/bin/../lib/gcc/arm-none-eabi/9.3.1/../../../../arm-none-eabi/lib/thumb/v7-m/nofp\libstdc++_nano.a(snprintf_lite.o)
                              c:/st/stm32cubeide_1.8.0/stm32cubeide/plugins/com.st.stm32cube.ide.mcu.externaltools.gnu-tools-for-stm32.9-2020-q2-update.win32_2.0.0.202105311346/tools/bin/../lib/gcc/arm-none-eabi/9.3.1/../../../../arm-none-eabi/lib/thumb/v7-m/nofp\libstdc++_nano.a(functexcept.o) (__gnu_cxx::__snprintf_lite(char*, unsigned int, char const*, std::__va_list))
c:/st/stm32cubeide_1.8.0/stm32cubeide/plugins/com.st.stm32cube.ide.mcu.externaltools.gnu-tools-for-stm32.9-2020-q2-update.win32_2.0.0.202105311346/tools/bin/../lib/gcc/arm-none-eabi/9.3.1/../../../../arm-none-eabi/lib/thumb/v7-m/nofp\libstdc++_nano.a(string-inst.o)
                              ./Core/Src/def.o (std::__cxx11::basic_string<char, std::char_traits<char>, std::allocator<char> >::_M_create(unsigned int&, unsigned int))
c:/st/stm32cubeide_1.8.0/stm32cubeide/plugins/com.st.stm32cube.ide.mcu.externaltools.gnu-tools-for-stm32.9-2020-q2-update.win32_2.0.0.202105311346/tools/bin/../lib/gcc/arm-none-eabi/9.3.1/../../../../arm-none-eabi/lib/thumb/v7-m/nofp\libstdc++_nano.a(new_op.o)
                              c:/st/stm32cubeide_1.8.0/stm32cubeide/plugins/com.st.stm32cube.ide.mcu.externaltools.gnu-tools-for-stm32.9-2020-q2-update.win32_2.0.0.202105311346/tools/bin/../lib/gcc/arm-none-eabi/9.3.1/../../../../arm-none-eabi/lib/thumb/v7-m/nofp\libstdc++_nano.a(string-inst.o) (operator new(unsigned int))
c:/st/stm32cubeide_1.8.0/stm32cubeide/plugins/com.st.stm32cube.ide.mcu.externaltools.gnu-tools-for-stm32.9-2020-q2-update.win32_2.0.0.202105311346/tools/bin/../lib/gcc/arm-none-eabi/9.3.1/../../../../arm-none-eabi/lib/thumb/v7-m/nofp\libstdc++_nano.a(new_handler.o)
                              c:/st/stm32cubeide_1.8.0/stm32cubeide/plugins/com.st.stm32cube.ide.mcu.externaltools.gnu-tools-for-stm32.9-2020-q2-update.win32_2.0.0.202105311346/tools/bin/../lib/gcc/arm-none-eabi/9.3.1/../../../../arm-none-eabi/lib/thumb/v7-m/nofp\libstdc++_nano.a(new_op.o) (std::get_new_handler())
c:/st/stm32cubeide_1.8.0/stm32cubeide/plugins/com.st.stm32cube.ide.mcu.externaltools.gnu-tools-for-stm32.9-2020-q2-update.win32_2.0.0.202105311346/tools/bin/../lib/gcc/arm-none-eabi/9.3.1/../../../../arm-none-eabi/lib/thumb/v7-m/nofp\libc_nano.a(lib_a-abort.o)
                              c:/st/stm32cubeide_1.8.0/stm32cubeide/plugins/com.st.stm32cube.ide.mcu.externaltools.gnu-tools-for-stm32.9-2020-q2-update.win32_2.0.0.202105311346/tools/bin/../lib/gcc/arm-none-eabi/9.3.1/../../../../arm-none-eabi/lib/thumb/v7-m/nofp\libstdc++_nano.a(functexcept.o) (abort)
c:/st/stm32cubeide_1.8.0/stm32cubeide/plugins/com.st.stm32cube.ide.mcu.externaltools.gnu-tools-for-stm32.9-2020-q2-update.win32_2.0.0.202105311346/tools/bin/../lib/gcc/arm-none-eabi/9.3.1/../../../../arm-none-eabi/lib/thumb/v7-m/nofp\libc_nano.a(lib_a-errno.o)
                              ./Core/Src/def.o (__errno)
c:/st/stm32cubeide_1.8.0/stm32cubeide/plugins/com.st.stm32cube.ide.mcu.externaltools.gnu-tools-for-stm32.9-2020-q2-update.win32_2.0.0.202105311346/tools/bin/../lib/gcc/arm-none-eabi/9.3.1/../../../../arm-none-eabi/lib/thumb/v7-m/nofp\libc_nano.a(lib_a-exit.o)
                              c:/st/stm32cubeide_1.8.0/stm32cubeide/plugins/com.st.stm32cube.ide.mcu.externaltools.gnu-tools-for-stm32.9-2020-q2-update.win32_2.0.0.202105311346/tools/bin/../lib/gcc/arm-none-eabi/9.3.1/../../../../arm-none-eabi/lib/thumb/v7-m/nofp/crt0.o (exit)
c:/st/stm32cubeide_1.8.0/stm32cubeide/plugins/com.st.stm32cube.ide.mcu.externaltools.gnu-tools-for-stm32.9-2020-q2-update.win32_2.0.0.202105311346/tools/bin/../lib/gcc/arm-none-eabi/9.3.1/../../../../arm-none-eabi/lib/thumb/v7-m/nofp\libc_nano.a(lib_a-impure.o)
                              c:/st/stm32cubeide_1.8.0/stm32cubeide/plugins/com.st.stm32cube.ide.mcu.externaltools.gnu-tools-for-stm32.9-2020-q2-update.win32_2.0.0.202105311346/tools/bin/../lib/gcc/arm-none-eabi/9.3.1/../../../../arm-none-eabi/lib/thumb/v7-m/nofp\libc_nano.a(lib_a-exit.o) (_global_impure_ptr)
[...]
Memory Configuration

Name             Origin             Length             Attributes
RAM              0x0000000020000000 0x0000000000005000 xrw
FLASH            0x0000000008000000 0x0000000000010000 xr
*default*        0x0000000000000000 0xffffffffffffffff

Linker script and memory map

LOAD c:/st/stm32cubeide_1.8.0/stm32cubeide/plugins/com.st.stm32cube.ide.mcu.externaltools.gnu-tools-for-stm32.9-2020-q2-update.win32_2.0.0.202105311346/tools/bin/../lib/gcc/arm-none-eabi/9.3.1/thumb/v7-m/nofp/crti.o
LOAD c:/st/stm32cubeide_1.8.0/stm32cubeide/plugins/com.st.stm32cube.ide.mcu.externaltools.gnu-tools-for-stm32.9-2020-q2-update.win32_2.0.0.202105311346/tools/bin/../lib/gcc/arm-none-eabi/9.3.1/thumb/v7-m/nofp/crtbegin.o
LOAD c:/st/stm32cubeide_1.8.0/stm32cubeide/plugins/com.st.stm32cube.ide.mcu.externaltools.gnu-tools-for-stm32.9-2020-q2-update.win32_2.0.0.202105311346/tools/bin/../lib/gcc/arm-none-eabi/9.3.1/../../../../arm-none-eabi/lib/thumb/v7-m/nofp/crt0.o
LOAD ./Core/Src/def.o
LOAD ./Core/Src/main.o
LOAD ./Core/Src/stm32f1xx_hal_msp.o
LOAD ./Core/Src/stm32f1xx_it.o
LOAD ./Core/Src/syscalls.o
LOAD ./Core/Src/sysmem.o
LOAD ./Core/Src/system_stm32f1xx.o
LOAD ./Core/Startup/startup_stm32f103c8tx.o
LOAD ./Drivers/STM32F1xx_HAL_Driver/Src/stm32f1xx_hal.o
LOAD ./Drivers/STM32F1xx_HAL_Driver/Src/stm32f1xx_hal_adc.o
LOAD ./Drivers/STM32F1xx_HAL_Driver/Src/stm32f1xx_hal_adc_ex.o
LOAD ./Drivers/STM32F1xx_HAL_Driver/Src/stm32f1xx_hal_cortex.o
LOAD ./Drivers/STM32F1xx_HAL_Driver/Src/stm32f1xx_hal_dma.o
LOAD ./Drivers/STM32F1xx_HAL_Driver/Src/stm32f1xx_hal_exti.o
LOAD ./Drivers/STM32F1xx_HAL_Driver/Src/stm32f1xx_hal_flash.o
LOAD ./Drivers/STM32F1xx_HAL_Driver/Src/stm32f1xx_hal_flash_ex.o
LOAD ./Drivers/STM32F1xx_HAL_Driver/Src/stm32f1xx_hal_gpio.o
LOAD ./Drivers/STM32F1xx_HAL_Driver/Src/stm32f1xx_hal_gpio_ex.o
LOAD ./Drivers/STM32F1xx_HAL_Driver/Src/stm32f1xx_hal_i2c.o
LOAD ./Drivers/STM32F1xx_HAL_Driver/Src/stm32f1xx_hal_pcd.o
LOAD ./Drivers/STM32F1xx_HAL_Driver/Src/stm32f1xx_hal_pcd_ex.o
LOAD ./Drivers/STM32F1xx_HAL_Driver/Src/stm32f1xx_hal_pwr.o
LOAD ./Drivers/STM32F1xx_HAL_Driver/Src/stm32f1xx_hal_rcc.o
LOAD ./Drivers/STM32F1xx_HAL_Driver/Src/stm32f1xx_hal_rcc_ex.o
LOAD ./Drivers/STM32F1xx_HAL_Driver/Src/stm32f1xx_hal_tim.o
LOAD ./Drivers/STM32F1xx_HAL_Driver/Src/stm32f1xx_hal_tim_ex.o
LOAD ./Drivers/STM32F1xx_HAL_Driver/Src/stm32f1xx_ll_usb.o
LOAD ./Middlewares/ST/STM32_USB_Device_Library/Class/CDC/Src/usbd_cdc.o
LOAD ./Middlewares/ST/STM32_USB_Device_Library/Core/Src/usbd_core.o
LOAD ./Middlewares/ST/STM32_USB_Device_Library/Core/Src/usbd_ctlreq.o
LOAD ./Middlewares/ST/STM32_USB_Device_Library/Core/Src/usbd_ioreq.o
LOAD ./USB_DEVICE/App/usb_device.o
LOAD ./USB_DEVICE/App/usbd_cdc_if.o
LOAD ./USB_DEVICE/App/usbd_desc.o
LOAD ./USB_DEVICE/Target/usbd_conf.o
START GROUP
LOAD c:/st/stm32cubeide_1.8.0/stm32cubeide/plugins/com.st.stm32cube.ide.mcu.externaltools.gnu-tools-for-stm32.9-2020-q2-update.win32_2.0.0.202105311346/tools/bin/../lib/gcc/arm-none-eabi/9.3.1/../../../../arm-none-eabi/lib/thumb/v7-m/nofp\libstdc++_nano.a
LOAD c:/st/stm32cubeide_1.8.0/stm32cubeide/plugins/com.st.stm32cube.ide.mcu.externaltools.gnu-tools-for-stm32.9-2020-q2-update.win32_2.0.0.202105311346/tools/bin/../lib/gcc/arm-none-eabi/9.3.1/../../../../arm-none-eabi/lib/thumb/v7-m/nofp\libsupc++_nano.a
END GROUP
LOAD c:/st/stm32cubeide_1.8.0/stm32cubeide/plugins/com.st.stm32cube.ide.mcu.externaltools.gnu-tools-for-stm32.9-2020-q2-update.win32_2.0.0.202105311346/tools/bin/../lib/gcc/arm-none-eabi/9.3.1/../../../../arm-none-eabi/lib/thumb/v7-m/nofp\libstdc++_nano.a
LOAD c:/st/stm32cubeide_1.8.0/stm32cubeide/plugins/com.st.stm32cube.ide.mcu.externaltools.gnu-tools-for-stm32.9-2020-q2-update.win32_2.0.0.202105311346/tools/bin/../lib/gcc/arm-none-eabi/9.3.1/../../../../arm-none-eabi/lib/thumb/v7-m/nofp\libm.a
LOAD c:/st/stm32cubeide_1.8.0/stm32cubeide/plugins/com.st.stm32cube.ide.mcu.externaltools.gnu-tools-for-stm32.9-2020-q2-update.win32_2.0.0.202105311346/tools/bin/../lib/gcc/arm-none-eabi/9.3.1/../../../../arm-none-eabi/lib/thumb/v7-m/nofp\libc_nano.a
START GROUP
LOAD c:/st/stm32cubeide_1.8.0/stm32cubeide/plugins/com.st.stm32cube.ide.mcu.externaltools.gnu-tools-for-stm32.9-2020-q2-update.win32_2.0.0.202105311346/tools/bin/../lib/gcc/arm-none-eabi/9.3.1/thumb/v7-m/nofp\libgcc.a
LOAD c:/st/stm32cubeide_1.8.0/stm32cubeide/plugins/com.st.stm32cube.ide.mcu.externaltools.gnu-tools-for-stm32.9-2020-q2-update.win32_2.0.0.202105311346/tools/bin/../lib/gcc/arm-none-eabi/9.3.1/../../../../arm-none-eabi/lib/thumb/v7-m/nofp\libc_nano.a
END GROUP
START GROUP
LOAD c:/st/stm32cubeide_1.8.0/stm32cubeide/plugins/com.st.stm32cube.ide.mcu.externaltools.gnu-tools-for-stm32.9-2020-q2-update.win32_2.0.0.202105311346/tools/bin/../lib/gcc/arm-none-eabi/9.3.1/thumb/v7-m/nofp\libgcc.a
LOAD c:/st/stm32cubeide_1.8.0/stm32cubeide/plugins/com.st.stm32cube.ide.mcu.externaltools.gnu-tools-for-stm32.9-2020-q2-update.win32_2.0.0.202105311346/tools/bin/../lib/gcc/arm-none-eabi/9.3.1/../../../../arm-none-eabi/lib/thumb/v7-m/nofp\libc_nano.a
LOAD c:/st/stm32cubeide_1.8.0/stm32cubeide/plugins/com.st.stm32cube.ide.mcu.externaltools.gnu-tools-for-stm32.9-2020-q2-update.win32_2.0.0.202105311346/tools/bin/../lib/gcc/arm-none-eabi/9.3.1/../../../../arm-none-eabi/lib/thumb/v7-m/nofp\libnosys.a
END GROUP
START GROUP
LOAD c:/st/stm32cubeide_1.8.0/stm32cubeide/plugins/com.st.stm32cube.ide.mcu.externaltools.gnu-tools-for-stm32.9-2020-q2-update.win32_2.0.0.202105311346/tools/bin/../lib/gcc/arm-none-eabi/9.3.1/thumb/v7-m/nofp\libgcc.a
LOAD c:/st/stm32cubeide_1.8.0/stm32cubeide/plugins/com.st.stm32cube.ide.mcu.externaltools.gnu-tools-for-stm32.9-2020-q2-update.win32_2.0.0.202105311346/tools/bin/../lib/gcc/arm-none-eabi/9.3.1/../../../../arm-none-eabi/lib/thumb/v7-m/nofp\libc_nano.a
LOAD c:/st/stm32cubeide_1.8.0/stm32cubeide/plugins/com.st.stm32cube.ide.mcu.externaltools.gnu-tools-for-stm32.9-2020-q2-update.win32_2.0.0.202105311346/tools/bin/../lib/gcc/arm-none-eabi/9.3.1/../../../../arm-none-eabi/lib/thumb/v7-m/nofp\libnosys.a
END GROUP
LOAD c:/st/stm32cubeide_1.8.0/stm32cubeide/plugins/com.st.stm32cube.ide.mcu.externaltools.gnu-tools-for-stm32.9-2020-q2-update.win32_2.0.0.202105311346/tools/bin/../lib/gcc/arm-none-eabi/9.3.1/thumb/v7-m/nofp/crtend.o
LOAD c:/st/stm32cubeide_1.8.0/stm32cubeide/plugins/com.st.stm32cube.ide.mcu.externaltools.gnu-tools-for-stm32.9-2020-q2-update.win32_2.0.0.202105311346/tools/bin/../lib/gcc/arm-none-eabi/9.3.1/thumb/v7-m/nofp/crtn.o
                0x0000000020005000                _estack = (ORIGIN (RAM) + LENGTH (RAM))
                0x0000000000000200                _Min_Heap_Size = 0x200
                0x0000000000000400                _Min_Stack_Size = 0x400

.isr_vector     0x0000000008000000      0x10c
                0x0000000008000000                . = ALIGN (0x4)
 *(.isr_vector)
 .isr_vector    0x0000000008000000      0x10c ./Core/Startup/startup_stm32f103c8tx.o
                0x0000000008000000                g_pfnVectors
                0x000000000800010c                . = ALIGN (0x4)

.text           0x000000000800010c     0x9f94
                0x000000000800010c                . = ALIGN (0x4)
 *(.text)
 .text          0x000000000800010c       0x40 c:/st/stm32cubeide_1.8.0/stm32cubeide/plugins/com.st.stm32cube.ide.mcu.externaltools.gnu-tools-for-stm32.9-2020-q2-update.win32_2.0.0.202105311346/tools/bin/../lib/gcc/arm-none-eabi/9.3.1/thumb/v7-m/nofp/crtbegin.o
 .text          0x000000000800014c       0x10 c:/st/stm32cubeide_1.8.0/stm32cubeide/plugins/com.st.stm32cube.ide.mcu.externaltools.gnu-tools-for-stm32.9-2020-q2-update.win32_2.0.0.202105311346/tools/bin/../lib/gcc/arm-none-eabi/9.3.1/../../../../arm-none-eabi/lib/thumb/v7-m/nofp\libc_nano.a(lib_a-strlen.o)
                0x000000000800014c                strlen
 *(.text*)
 .text._Z41__static_initialization_and_destruction_0ii
                0x000000000800015c       0x50 ./Core/Src/def.o
 .text._Z9StopMotorP12GPIO_TypeDeftS0_t
                0x00000000080001ac       0x18 ./Core/Src/def.o
                0x00000000080001ac                StopMotor(GPIO_TypeDef*, unsigned short, GPIO_TypeDef*, unsigned short)
 .text._Z8PortReadP17I2C_HandleTypeDefhPh
                0x00000000080001c4       0x2a ./Core/Src/def.o
                0x00000000080001c4                PortRead(I2C_HandleTypeDef*, unsigned char, unsigned char*)
 *fill*         0x00000000080001ee        0x2 
 .text._Z7ArreyRxNSt7__cxx1112basic_stringIcSt11char_traitsIcESaIcEEE
                0x00000000080001f0       0x40 ./Core/Src/def.o
                0x00000000080001f0                ArreyRx(std::__cxx11::basic_string<char, std::char_traits<char>, std::allocator<char> >)
 .text._Z3MsgNSt7__cxx1112basic_stringIcSt11char_traitsIcESaIcEEE
                0x0000000008000230       0x58 ./Core/Src/def.o
                0x0000000008000230                Msg(std::__cxx11::basic_string<char, std::char_traits<char>, std::allocator<char> >)
 .text._Z8DWT_Initv
                0x0000000008000288       0x20 ./Core/Src/def.o
                0x0000000008000288                DWT_Init()
 .text._Z12delay_microsm
                0x00000000080002a8       0x2c ./Core/Src/def.o
                0x00000000080002a8                delay_micros(unsigned long)
 .text._Z8Read_I2CP17I2C_HandleTypeDefttPht
                0x00000000080002d4       0x3e ./Core/Src/def.o
                0x00000000080002d4                Read_I2C(I2C_HandleTypeDef*, unsigned short, unsigned short, unsigned char*, unsigned short)
 .text._Z9Write_I2CP17I2C_HandleTypeDefttPht
                0x0000000008000312       0x6e ./Core/Src/def.o
                0x0000000008000312                Write_I2C(I2C_HandleTypeDef*, unsigned short, unsigned short, unsigned char*, unsigned short)
 .text._Z11EraseEEPROMt
                0x0000000008000380       0x54 ./Core/Src/def.o
                0x0000000008000380                EraseEEPROM(unsigned short)
 .text._Z9Event_errv
                0x00000000080003d4       0x50 ./Core/Src/def.o
                0x00000000080003d4                Event_err()
 .text._Z7TestSolv
                0x0000000008000424       0x94 ./Core/Src/def.o
                0x0000000008000424                TestSol()
 .text._ZN9__gnu_cxx6__stoaIlicJiEEET0_PFT_PKT1_PPS3_DpT2_EPKcS5_PjS9_
                0x00000000080004b8       0x62 ./Core/Src/def.o
                0x00000000080004b8                int __gnu_cxx::__stoa<long, int, char, int>(long (*)(char const*, char**, int), char const*, char const*, unsigned int*, int)
 *fill*         0x000000000800051a        0x2 
 .text._ZNSt7__cxx1112basic_stringIcSt11char_traitsIcESaIcEE12_M_constructIPKcEEvT_S8_St20forward_iterator_tag
                0x000000000800051c       0x58 ./Core/Src/def.o
                0x000000000800051c                void std::__cxx11::basic_string<char, std::char_traits<char>, std::allocator<char> >::_M_construct<char const*>(char const*, char const*, std::forward_iterator_tag)
 .text._Z8WriteMtkPKc
                0x0000000008000574       0x40 ./Core/Src/def.o
                0x0000000008000574                WriteMtk(char const*)
 .text._Z8SolenoidP12GPIO_TypeDefthPKc
                0x00000000080005b4       0x68 ./Core/Src/def.o
                0x00000000080005b4                Solenoid(GPIO_TypeDef*, unsigned short, unsigned char, char const*)
 .text._Z9TestInputv
                0x000000000800061c      0x1d0 ./Core/Src/def.o
                0x000000000800061c                TestInput()
 .text._ZNSt7__cxx1112basic_stringIcSt11char_traitsIcESaIcEE12_M_constructIPcEEvT_S7_St20forward_iterator_tag
                0x00000000080007ec       0x58 ./Core/Src/def.o
                0x00000000080007ec                void std::__cxx11::basic_string<char, std::char_traits<char>, std::allocator<char> >::_M_construct<char*>(char*, char*, std::forward_iterator_tag)
 .text._Z23convertCommandToIntListRNSt7__cxx1112basic_stringIcSt11char_traitsIcESaIcEEEPi
                0x0000000008000844      0x278 ./Core/Src/def.o
                0x0000000008000844                convertCommandToIntList(std::__cxx11::basic_string<char, std::char_traits<char>, std::allocator<char> >&, int*)
 .text._Z6Msginti
                0x0000000008000abc       0x5e ./Core/Src/def.o
                0x0000000008000abc                Msgint(int)
 *fill*         0x0000000008000b1a        0x2 
 .text._Z10ReadEEPROMv
                0x0000000008000b1c       0x58 ./Core/Src/def.o
                0x0000000008000b1c                ReadEEPROM()
 .text._Z11WriteEEPROMv
                0x0000000008000b74       0x88 ./Core/Src/def.o
                0x0000000008000b74                WriteEEPROM()
 .text._Z17WaitForOptoStatushhtPKc
                0x0000000008000bfc       0xf4 ./Core/Src/def.o
                0x0000000008000bfc                WaitForOptoStatus(unsigned char, unsigned char, unsigned short, char const*)
 .text._Z12RunStepMotorihmahtPKc
                0x0000000008000cf0      0x278 ./Core/Src/def.o
                0x0000000008000cf0                RunStepMotor(int, unsigned char, unsigned long, signed char, unsigned char, unsigned short, char const*)
 .text._Z9PrintFotov
                0x0000000008000f68       0xe0 ./Core/Src/def.o
                0x0000000008000f68                PrintFoto()
 .text._Z8RunMotorP12GPIO_TypeDeftS0_ttlsahtPKc
                0x0000000008001048      0x240 ./Core/Src/def.o
                0x0000000008001048                RunMotor(GPIO_TypeDef*, unsigned short, GPIO_TypeDef*, unsigned short, unsigned short, long, short, signed char, unsigned char, unsigned short, char const*)
 .text._Z7InitDevv
                0x0000000008001288      0x128 ./Core/Src/def.o
                0x0000000008001288                InitDev()
 .text._Z9Main_functhh
                0x00000000080013b0      0x404 ./Core/Src/def.o
                0x00000000080013b0                Main_func(unsigned short, unsigned char, unsigned char)
 .text._Z12Foto_to_magnthh
                0x00000000080017b4      0x268 ./Core/Src/def.o
                0x00000000080017b4                Foto_to_magn(unsigned short, unsigned char, unsigned char)
 .text._Z14executeCommandNSt7__cxx1112basic_stringIcSt11char_traitsIcESaIcEEE
                0x0000000008001a1c      0x4e0 ./Core/Src/def.o
                0x0000000008001a1c                executeCommand(std::__cxx11::basic_string<char, std::char_traits<char>, std::allocator<char> >)
 .text._GLOBAL__sub_I_fl_er
                0x0000000008001efc        0xe ./Core/Src/def.o
 .text._GLOBAL__sub_D_fl_er
                0x0000000008001f0a        0xe ./Core/Src/def.o
 .text._ZL12MX_GPIO_Initv
                0x0000000008001f18       0xf4 ./Core/Src/main.o
 .text._ZL11MX_DMA_Initv
                0x000000000800200c       0x34 ./Core/Src/main.o
 .text.HAL_ADCEx_InjectedConvCpltCallback
                0x0000000008002040       0x70 ./Core/Src/main.o
                0x0000000008002040                HAL_ADCEx_InjectedConvCpltCallback
 .text.HAL_TIM_IC_CaptureCallback
                0x00000000080020b0       0x20 ./Core/Src/main.o
                0x00000000080020b0                HAL_TIM_IC_CaptureCallback
 .text.Error_Handler
                0x00000000080020d0        0x4 ./Core/Src/main.o
                0x00000000080020d0                Error_Handler
 .text._ZL12MX_TIM2_Initv
                0x00000000080020d4       0xdc ./Core/Src/main.o
 .text._ZL12MX_I2C1_Initv
                0x00000000080021b0       0x38 ./Core/Src/main.o
 .text._ZL12MX_ADC1_Initv
                0x00000000080021e8       0x8c ./Core/Src/main.o
 .text._ZL12MX_TIM4_Initv
                0x0000000008002274       0x68 ./Core/Src/main.o
 .text._ZL12MX_TIM3_Initv
                0x00000000080022dc       0xa4 ./Core/Src/main.o
 .text._Z18SystemClock_Configv
                0x0000000008002380       0x88 ./Core/Src/main.o
                0x0000000008002380                SystemClock_Config()
 .text.main     0x0000000008002408      0x138 ./Core/Src/main.o
                0x0000000008002408                main
 .text.HAL_MspInit
                0x0000000008002540       0x44 ./Core/Src/stm32f1xx_hal_msp.o
                0x0000000008002540                HAL_MspInit
 .text.HAL_ADC_MspInit
                0x0000000008002584       0x6c ./Core/Src/stm32f1xx_hal_msp.o
                0x0000000008002584                HAL_ADC_MspInit
 .text.HAL_I2C_MspInit
                0x00000000080025f0       0x98 ./Core/Src/stm32f1xx_hal_msp.o
                0x00000000080025f0                HAL_I2C_MspInit
 .text.HAL_TIM_Base_MspInit
                0x0000000008002688      0x10c ./Core/Src/stm32f1xx_hal_msp.o
                0x0000000008002688                HAL_TIM_Base_MspInit
 .text.HAL_TIM_MspPostInit
                0x0000000008002794       0x9c ./Core/Src/stm32f1xx_hal_msp.o
                0x0000000008002794                HAL_TIM_MspPostInit
 .text.NMI_Handler
                0x0000000008002830        0x2 ./Core/Src/stm32f1xx_it.o
                0x0000000008002830                NMI_Handler
 .text.HardFault_Handler
                0x0000000008002832        0x2 ./Core/Src/stm32f1xx_it.o
                0x0000000008002832                HardFault_Handler
 .text.MemManage_Handler
                0x0000000008002834        0x2 ./Core/Src/stm32f1xx_it.o
                0x0000000008002834                MemManage_Handler
 .text.BusFault_Handler
                0x0000000008002836        0x2 ./Core/Src/stm32f1xx_it.o
                0x0000000008002836                BusFault_Handler
 .text.UsageFault_Handler
                0x0000000008002838        0x2 ./Core/Src/stm32f1xx_it.o
                0x0000000008002838                UsageFault_Handler
 .text.SVC_Handler
                0x000000000800283a        0x2 ./Core/Src/stm32f1xx_it.o
                0x000000000800283a                SVC_Handler
 .text.DebugMon_Handler
                0x000000000800283c        0x2 ./Core/Src/stm32f1xx_it.o
                0x000000000800283c                DebugMon_Handler
 .text.PendSV_Handler
                0x000000000800283e        0x2 ./Core/Src/stm32f1xx_it.o
                0x000000000800283e                PendSV_Handler
 .text.SysTick_Handler
                0x0000000008002840        0x8 ./Core/Src/stm32f1xx_it.o
                0x0000000008002840                SysTick_Handler
 .text.DMA1_Channel7_IRQHandler
                0x0000000008002848       0x10 ./Core/Src/stm32f1xx_it.o
                0x0000000008002848                DMA1_Channel7_IRQHandler
 .text.ADC1_2_IRQHandler
                0x0000000008002858       0x10 ./Core/Src/stm32f1xx_it.o
                0x0000000008002858                ADC1_2_IRQHandler
 .text.USB_HP_CAN1_TX_IRQHandler
                0x0000000008002868       0x10 ./Core/Src/stm32f1xx_it.o
                0x0000000008002868                USB_HP_CAN1_TX_IRQHandler
 .text.USB_LP_CAN1_RX0_IRQHandler
                0x0000000008002878       0x10 ./Core/Src/stm32f1xx_it.o
                0x0000000008002878                USB_LP_CAN1_RX0_IRQHandler
 .text.TIM2_IRQHandler
                0x0000000008002888       0x10 ./Core/Src/stm32f1xx_it.o
                0x0000000008002888                TIM2_IRQHandler
 .text.TIM3_IRQHandler
                0x0000000008002898       0x10 ./Core/Src/stm32f1xx_it.o
                0x0000000008002898                TIM3_IRQHandler
 .text.TIM4_IRQHandler
                0x00000000080028a8       0x1c ./Core/Src/stm32f1xx_it.o
                0x00000000080028a8                TIM4_IRQHandler
 .text.I2C1_EV_IRQHandler
                0x00000000080028c4       0x10 ./Core/Src/stm32f1xx_it.o
                0x00000000080028c4                I2C1_EV_IRQHandler
 .text.I2C1_ER_IRQHandler
                0x00000000080028d4       0x10 ./Core/Src/stm32f1xx_it.o
                0x00000000080028d4                I2C1_ER_IRQHandler
 .text.USBWakeUp_IRQHandler
                0x00000000080028e4       0x30 ./Core/Src/stm32f1xx_it.o
                0x00000000080028e4                USBWakeUp_IRQHandler
 .text._getpid  0x0000000008002914        0x4 ./Core/Src/syscalls.o
                0x0000000008002914                _getpid
 .text._kill    0x0000000008002918       0x10 ./Core/Src/syscalls.o
                0x0000000008002918                _kill
 .text._exit    0x0000000008002928        0xc ./Core/Src/syscalls.o
                0x0000000008002928                _exit
 .text._sbrk    0x0000000008002934       0x48 ./Core/Src/sysmem.o
                0x0000000008002934                _sbrk
 .text.SystemInit
                0x000000000800297c        0x2 ./Core/Src/system_stm32f1xx.o
                0x000000000800297c                SystemInit
 *fill*         0x000000000800297e        0x2 
 .text.Reset_Handler
                0x0000000008002980       0x48 ./Core/Startup/startup_stm32f103c8tx.o
                0x0000000008002980                Reset_Handler
 .text.Default_Handler
                0x00000000080029c8        0x2 ./Core/Startup/startup_stm32f103c8tx.o
                0x00000000080029c8                RTC_Alarm_IRQHandler
                0x00000000080029c8                EXTI2_IRQHandler
                0x00000000080029c8                TIM1_CC_IRQHandler
                0x00000000080029c8                PVD_IRQHandler
                0x00000000080029c8                EXTI3_IRQHandler
                0x00000000080029c8                EXTI0_IRQHandler
                0x00000000080029c8                I2C2_EV_IRQHandler
                0x00000000080029c8                SPI1_IRQHandler
                0x00000000080029c8                TAMPER_IRQHandler
                0x00000000080029c8                DMA1_Channel4_IRQHandler
                0x00000000080029c8                USART3_IRQHandler
                0x00000000080029c8                RTC_IRQHandler
                0x00000000080029c8                CAN1_RX1_IRQHandler
                0x00000000080029c8                DMA1_Channel6_IRQHandler
                0x00000000080029c8                RCC_IRQHandler
                0x00000000080029c8                TIM1_TRG_COM_IRQHandler
                0x00000000080029c8                DMA1_Channel1_IRQHandler
                0x00000000080029c8                Default_Handler
                0x00000000080029c8                EXTI15_10_IRQHandler
                0x00000000080029c8                EXTI9_5_IRQHandler
                0x00000000080029c8                SPI2_IRQHandler
                0x00000000080029c8                DMA1_Channel5_IRQHandler
                0x00000000080029c8                EXTI4_IRQHandler
                0x00000000080029c8                DMA1_Channel3_IRQHandler
                0x00000000080029c8                TIM1_UP_IRQHandler
                0x00000000080029c8                WWDG_IRQHandler
                0x00000000080029c8                TIM1_BRK_IRQHandler
                0x00000000080029c8                EXTI1_IRQHandler
                0x00000000080029c8                USART2_IRQHandler
                0x00000000080029c8                I2C2_ER_IRQHandler
                0x00000000080029c8                DMA1_Channel2_IRQHandler
                0x00000000080029c8                CAN1_SCE_IRQHandler
                0x00000000080029c8                FLASH_IRQHandler
                0x00000000080029c8                USART1_IRQHandler
 *fill*         0x00000000080029ca        0x2 
 .text.HAL_InitTick
                0x00000000080029cc       0x4c ./Drivers/STM32F1xx_HAL_Driver/Src/stm32f1xx_hal.o
                0x00000000080029cc                HAL_InitTick
 .text.HAL_Init
                0x0000000008002a18       0x24 ./Drivers/STM32F1xx_HAL_Driver/Src/stm32f1xx_hal.o
                0x0000000008002a18                HAL_Init
 .text.HAL_IncTick
                0x0000000008002a3c       0x18 ./Drivers/STM32F1xx_HAL_Driver/Src/stm32f1xx_hal.o
                0x0000000008002a3c                HAL_IncTick
 .text.HAL_GetTick
                0x0000000008002a54        0xc ./Drivers/STM32F1xx_HAL_Driver/Src/stm32f1xx_hal.o
                0x0000000008002a54                HAL_GetTick
 .text.HAL_Delay
                0x0000000008002a60       0x28 ./Drivers/STM32F1xx_HAL_Driver/Src/stm32f1xx_hal.o
                0x0000000008002a60                HAL_Delay
 .text.HAL_ADC_ConvCpltCallback
                0x0000000008002a88        0x2 ./Drivers/STM32F1xx_HAL_Driver/Src/stm32f1xx_hal_adc.o
                0x0000000008002a88                HAL_ADC_ConvCpltCallback
 .text.HAL_ADC_LevelOutOfWindowCallback
                0x0000000008002a8a        0x2 ./Drivers/STM32F1xx_HAL_Driver/Src/stm32f1xx_hal_adc.o
                0x0000000008002a8a                HAL_ADC_LevelOutOfWindowCallback
 .text.HAL_ADC_IRQHandler
                0x0000000008002a8c      0x10c ./Drivers/STM32F1xx_HAL_Driver/Src/stm32f1xx_hal_adc.o
                0x0000000008002a8c                HAL_ADC_IRQHandler
 .text.ADC_Enable
                0x0000000008002b98       0x88 ./Drivers/STM32F1xx_HAL_Driver/Src/stm32f1xx_hal_adc.o
                0x0000000008002b98                ADC_Enable
 .text.ADC_ConversionStop_Disable
                0x0000000008002c20       0x56 ./Drivers/STM32F1xx_HAL_Driver/Src/stm32f1xx_hal_adc.o
                0x0000000008002c20                ADC_ConversionStop_Disable
 *fill*         0x0000000008002c76        0x2 
 .text.HAL_ADC_Init
                0x0000000008002c78      0x108 ./Drivers/STM32F1xx_HAL_Driver/Src/stm32f1xx_hal_adc.o
                0x0000000008002c78                HAL_ADC_Init
 .text.HAL_ADCEx_Calibration_Start
                0x0000000008002d80      0x100 ./Drivers/STM32F1xx_HAL_Driver/Src/stm32f1xx_hal_adc_ex.o
                0x0000000008002d80                HAL_ADCEx_Calibration_Start
 .text.HAL_ADCEx_InjectedStart_IT
                0x0000000008002e80       0xc0 ./Drivers/STM32F1xx_HAL_Driver/Src/stm32f1xx_hal_adc_ex.o
                0x0000000008002e80                HAL_ADCEx_InjectedStart_IT
 .text.HAL_ADCEx_InjectedGetValue
                0x0000000008002f40       0x24 ./Drivers/STM32F1xx_HAL_Driver/Src/stm32f1xx_hal_adc_ex.o
                0x0000000008002f40                HAL_ADCEx_InjectedGetValue
 .text.HAL_ADCEx_InjectedConfigChannel
                0x0000000008002f64      0x220 ./Drivers/STM32F1xx_HAL_Driver/Src/stm32f1xx_hal_adc_ex.o
                0x0000000008002f64                HAL_ADCEx_InjectedConfigChannel
 .text.HAL_NVIC_SetPriorityGrouping
                0x0000000008003184       0x24 ./Drivers/STM32F1xx_HAL_Driver/Src/stm32f1xx_hal_cortex.o
                0x0000000008003184                HAL_NVIC_SetPriorityGrouping
 .text.HAL_NVIC_SetPriority
                0x00000000080031a8       0x68 ./Drivers/STM32F1xx_HAL_Driver/Src/stm32f1xx_hal_cortex.o
                0x00000000080031a8                HAL_NVIC_SetPriority
 .text.HAL_NVIC_EnableIRQ
                0x0000000008003210       0x1c ./Drivers/STM32F1xx_HAL_Driver/Src/stm32f1xx_hal_cortex.o
                0x0000000008003210                HAL_NVIC_EnableIRQ
 .text.HAL_SYSTICK_Config
                0x000000000800322c       0x2c ./Drivers/STM32F1xx_HAL_Driver/Src/stm32f1xx_hal_cortex.o
                0x000000000800322c                HAL_SYSTICK_Config
 .text.HAL_DMA_Init
                0x0000000008003258       0x6c ./Drivers/STM32F1xx_HAL_Driver/Src/stm32f1xx_hal_dma.o
                0x0000000008003258                HAL_DMA_Init
 .text.HAL_DMA_Abort_IT
                0x00000000080032c4       0x98 ./Drivers/STM32F1xx_HAL_Driver/Src/stm32f1xx_hal_dma.o
                0x00000000080032c4                HAL_DMA_Abort_IT
 .text.HAL_DMA_IRQHandler
                0x000000000800335c      0x144 ./Drivers/STM32F1xx_HAL_Driver/Src/stm32f1xx_hal_dma.o
                0x000000000800335c                HAL_DMA_IRQHandler
 .text.HAL_DMA_GetState
                0x00000000080034a0        0x6 ./Drivers/STM32F1xx_HAL_Driver/Src/stm32f1xx_hal_dma.o
                0x00000000080034a0                HAL_DMA_GetState
 *fill*         0x00000000080034a6        0x2 
 .text.HAL_GPIO_Init
                0x00000000080034a8      0x220 ./Drivers/STM32F1xx_HAL_Driver/Src/stm32f1xx_hal_gpio.o
                0x00000000080034a8                HAL_GPIO_Init
 .text.HAL_GPIO_WritePin
                0x00000000080036c8        0xc ./Drivers/STM32F1xx_HAL_Driver/Src/stm32f1xx_hal_gpio.o
                0x00000000080036c8                HAL_GPIO_WritePin
 .text.I2C_Master_SB
                0x00000000080036d4       0xa8 ./Drivers/STM32F1xx_HAL_Driver/Src/stm32f1xx_hal_i2c.o
 .text.I2C_Master_ADD10
                0x000000000800377c       0x2a ./Drivers/STM32F1xx_HAL_Driver/Src/stm32f1xx_hal_i2c.o
 .text.I2C_Master_ADDR
                0x00000000080037a6      0x216 ./Drivers/STM32F1xx_HAL_Driver/Src/stm32f1xx_hal_i2c.o
 .text.I2C_SlaveTransmit_BTF
                0x00000000080039bc       0x20 ./Drivers/STM32F1xx_HAL_Driver/Src/stm32f1xx_hal_i2c.o
 .text.I2C_SlaveReceive_BTF
                0x00000000080039dc       0x20 ./Drivers/STM32F1xx_HAL_Driver/Src/stm32f1xx_hal_i2c.o
 .text.I2C_WaitOnSTOPRequestThroughIT
                0x00000000080039fc       0x48 ./Drivers/STM32F1xx_HAL_Driver/Src/stm32f1xx_hal_i2c.o
 .text.I2C_IsAcknowledgeFailed
                0x0000000008003a44       0x32 ./Drivers/STM32F1xx_HAL_Driver/Src/stm32f1xx_hal_i2c.o
 .text.I2C_ConvertOtherXferOptions
                0x0000000008003a76       0x1e ./Drivers/STM32F1xx_HAL_Driver/Src/stm32f1xx_hal_i2c.o
 .text.I2C_WaitOnFlagUntilTimeout
                0x0000000008003a94       0x74 ./Drivers/STM32F1xx_HAL_Driver/Src/stm32f1xx_hal_i2c.o
 .text.I2C_WaitOnMasterAddressFlagUntilTimeout
                0x0000000008003b08       0xaa ./Drivers/STM32F1xx_HAL_Driver/Src/stm32f1xx_hal_i2c.o
 *fill*         0x0000000008003bb2        0x2 
 .text.I2C_MasterRequestWrite
                0x0000000008003bb4       0xb4 ./Drivers/STM32F1xx_HAL_Driver/Src/stm32f1xx_hal_i2c.o
 .text.I2C_MasterRequestRead
                0x0000000008003c68      0x120 ./Drivers/STM32F1xx_HAL_Driver/Src/stm32f1xx_hal_i2c.o
 .text.I2C_WaitOnTXEFlagUntilTimeout
                0x0000000008003d88       0x54 ./Drivers/STM32F1xx_HAL_Driver/Src/stm32f1xx_hal_i2c.o
 .text.I2C_WaitOnBTFFlagUntilTimeout
                0x0000000008003ddc       0x54 ./Drivers/STM32F1xx_HAL_Driver/Src/stm32f1xx_hal_i2c.o
 .text.I2C_WaitOnRXNEFlagUntilTimeout
                0x0000000008003e30       0x6a ./Drivers/STM32F1xx_HAL_Driver/Src/stm32f1xx_hal_i2c.o
 *fill*         0x0000000008003e9a        0x2 
 .text.HAL_I2C_Init
                0x0000000008003e9c      0x1bc ./Drivers/STM32F1xx_HAL_Driver/Src/stm32f1xx_hal_i2c.o
                0x0000000008003e9c                HAL_I2C_Init
 .text.HAL_I2C_Master_Transmit
                0x0000000008004058      0x178 ./Drivers/STM32F1xx_HAL_Driver/Src/stm32f1xx_hal_i2c.o
                0x0000000008004058                HAL_I2C_Master_Transmit
 .text.HAL_I2C_Master_Receive
                0x00000000080041d0      0x340 ./Drivers/STM32F1xx_HAL_Driver/Src/stm32f1xx_hal_i2c.o
                0x00000000080041d0                HAL_I2C_Master_Receive
 .text.HAL_I2C_IsDeviceReady
                0x0000000008004510      0x194 ./Drivers/STM32F1xx_HAL_Driver/Src/stm32f1xx_hal_i2c.o
                0x0000000008004510                HAL_I2C_IsDeviceReady
 .text.HAL_I2C_MasterTxCpltCallback
                0x00000000080046a4        0x2 ./Drivers/STM32F1xx_HAL_Driver/Src/stm32f1xx_hal_i2c.o
                0x00000000080046a4                HAL_I2C_MasterTxCpltCallback
 .text.HAL_I2C_MasterRxCpltCallback
                0x00000000080046a6        0x2 ./Drivers/STM32F1xx_HAL_Driver/Src/stm32f1xx_hal_i2c.o
                0x00000000080046a6                HAL_I2C_MasterRxCpltCallback
 .text.HAL_I2C_SlaveTxCpltCallback
                0x00000000080046a8        0x2 ./Drivers/STM32F1xx_HAL_Driver/Src/stm32f1xx_hal_i2c.o
                0x00000000080046a8                HAL_I2C_SlaveTxCpltCallback
 .text.I2C_SlaveTransmit_TXE
                0x00000000080046aa       0x4c ./Drivers/STM32F1xx_HAL_Driver/Src/stm32f1xx_hal_i2c.o
 .text.HAL_I2C_SlaveRxCpltCallback
                0x00000000080046f6        0x2 ./Drivers/STM32F1xx_HAL_Driver/Src/stm32f1xx_hal_i2c.o
                0x00000000080046f6                HAL_I2C_SlaveRxCpltCallback
 .text.I2C_SlaveReceive_RXNE
                0x00000000080046f8       0x4c ./Drivers/STM32F1xx_HAL_Driver/Src/stm32f1xx_hal_i2c.o
 .text.HAL_I2C_AddrCallback
                0x0000000008004744        0x2 ./Drivers/STM32F1xx_HAL_Driver/Src/stm32f1xx_hal_i2c.o
                0x0000000008004744                HAL_I2C_AddrCallback
 .text.I2C_Slave_ADDR
                0x0000000008004746       0x5a ./Drivers/STM32F1xx_HAL_Driver/Src/stm32f1xx_hal_i2c.o
 .text.HAL_I2C_ListenCpltCallback
                0x00000000080047a0        0x2 ./Drivers/STM32F1xx_HAL_Driver/Src/stm32f1xx_hal_i2c.o
                0x00000000080047a0                HAL_I2C_ListenCpltCallback
 *fill*         0x00000000080047a2        0x2 
 .text.I2C_Slave_AF
                0x00000000080047a4       0x94 ./Drivers/STM32F1xx_HAL_Driver/Src/stm32f1xx_hal_i2c.o
 .text.HAL_I2C_MemTxCpltCallback
                0x0000000008004838        0x2 ./Drivers/STM32F1xx_HAL_Driver/Src/stm32f1xx_hal_i2c.o
                0x0000000008004838                HAL_I2C_MemTxCpltCallback
 .text.I2C_MasterTransmit_BTF
                0x000000000800483a       0x9e ./Drivers/STM32F1xx_HAL_Driver/Src/stm32f1xx_hal_i2c.o
 .text.I2C_MemoryTransmit_TXE_BTF
                0x00000000080048d8       0xbe ./Drivers/STM32F1xx_HAL_Driver/Src/stm32f1xx_hal_i2c.o
 .text.I2C_MasterTransmit_TXE
                0x0000000008004996       0xd0 ./Drivers/STM32F1xx_HAL_Driver/Src/stm32f1xx_hal_i2c.o
 .text.HAL_I2C_MemRxCpltCallback
                0x0000000008004a66        0x2 ./Drivers/STM32F1xx_HAL_Driver/Src/stm32f1xx_hal_i2c.o
                0x0000000008004a66                HAL_I2C_MemRxCpltCallback
 .text.I2C_MasterReceive_BTF
                0x0000000008004a68      0x128 ./Drivers/STM32F1xx_HAL_Driver/Src/stm32f1xx_hal_i2c.o
 .text.HAL_I2C_ErrorCallback
                0x0000000008004b90        0x2 ./Drivers/STM32F1xx_HAL_Driver/Src/stm32f1xx_hal_i2c.o
                0x0000000008004b90                HAL_I2C_ErrorCallback
 .text.I2C_MasterReceive_RXNE
                0x0000000008004b92       0xec ./Drivers/STM32F1xx_HAL_Driver/Src/stm32f1xx_hal_i2c.o
 .text.HAL_I2C_AbortCpltCallback
                0x0000000008004c7e        0x2 ./Drivers/STM32F1xx_HAL_Driver/Src/stm32f1xx_hal_i2c.o
                0x0000000008004c7e                HAL_I2C_AbortCpltCallback
 .text.I2C_DMAAbort
                0x0000000008004c80       0xe4 ./Drivers/STM32F1xx_HAL_Driver/Src/stm32f1xx_hal_i2c.o
 .text.I2C_ITError
                0x0000000008004d64      0x174 ./Drivers/STM32F1xx_HAL_Driver/Src/stm32f1xx_hal_i2c.o
 .text.I2C_Slave_STOPF
                0x0000000008004ed8      0x18c ./Drivers/STM32F1xx_HAL_Driver/Src/stm32f1xx_hal_i2c.o
 .text.HAL_I2C_EV_IRQHandler
                0x0000000008005064      0x1a0 ./Drivers/STM32F1xx_HAL_Driver/Src/stm32f1xx_hal_i2c.o
                0x0000000008005064                HAL_I2C_EV_IRQHandler
 .text.HAL_I2C_ER_IRQHandler
                0x0000000008005204       0xce ./Drivers/STM32F1xx_HAL_Driver/Src/stm32f1xx_hal_i2c.o
                0x0000000008005204                HAL_I2C_ER_IRQHandler
 .text.HAL_PCD_EP_DB_Receive
                0x00000000080052d2      0x116 ./Drivers/STM32F1xx_HAL_Driver/Src/stm32f1xx_hal_pcd.o
 .text.HAL_PCD_Init
                0x00000000080053e8      0x10c ./Drivers/STM32F1xx_HAL_Driver/Src/stm32f1xx_hal_pcd.o
                0x00000000080053e8                HAL_PCD_Init
 .text.HAL_PCD_Start
                0x00000000080054f4       0x32 ./Drivers/STM32F1xx_HAL_Driver/Src/stm32f1xx_hal_pcd.o
                0x00000000080054f4                HAL_PCD_Start
 .text.HAL_PCD_EP_DB_Transmit
                0x0000000008005526      0x420 ./Drivers/STM32F1xx_HAL_Driver/Src/stm32f1xx_hal_pcd.o
 .text.PCD_EP_ISR_Handler
                0x0000000008005946      0x440 ./Drivers/STM32F1xx_HAL_Driver/Src/stm32f1xx_hal_pcd.o
 .text.HAL_PCD_SetAddress
                0x0000000008005d86       0x28 ./Drivers/STM32F1xx_HAL_Driver/Src/stm32f1xx_hal_pcd.o
                0x0000000008005d86                HAL_PCD_SetAddress
 .text.HAL_PCD_IRQHandler
                0x0000000008005dae      0x1d2 ./Drivers/STM32F1xx_HAL_Driver/Src/stm32f1xx_hal_pcd.o
                0x0000000008005dae                HAL_PCD_IRQHandler
 .text.HAL_PCD_EP_Open
                0x0000000008005f80       0x78 ./Drivers/STM32F1xx_HAL_Driver/Src/stm32f1xx_hal_pcd.o
                0x0000000008005f80                HAL_PCD_EP_Open
 .text.HAL_PCD_EP_Close
                0x0000000008005ff8       0x64 ./Drivers/STM32F1xx_HAL_Driver/Src/stm32f1xx_hal_pcd.o
                0x0000000008005ff8                HAL_PCD_EP_Close
 .text.HAL_PCD_EP_Receive
                0x000000000800605c       0x44 ./Drivers/STM32F1xx_HAL_Driver/Src/stm32f1xx_hal_pcd.o
                0x000000000800605c                HAL_PCD_EP_Receive
 .text.HAL_PCD_EP_GetRxCount
                0x00000000080060a0       0x12 ./Drivers/STM32F1xx_HAL_Driver/Src/stm32f1xx_hal_pcd.o
                0x00000000080060a0                HAL_PCD_EP_GetRxCount
 .text.HAL_PCD_EP_Transmit
                0x00000000080060b2       0x46 ./Drivers/STM32F1xx_HAL_Driver/Src/stm32f1xx_hal_pcd.o
                0x00000000080060b2                HAL_PCD_EP_Transmit
 .text.HAL_PCD_EP_SetStall
                0x00000000080060f8       0x78 ./Drivers/STM32F1xx_HAL_Driver/Src/stm32f1xx_hal_pcd.o
                0x00000000080060f8                HAL_PCD_EP_SetStall
 .text.HAL_PCD_EP_ClrStall
                0x0000000008006170       0x76 ./Drivers/STM32F1xx_HAL_Driver/Src/stm32f1xx_hal_pcd.o
                0x0000000008006170                HAL_PCD_EP_ClrStall
 .text.HAL_PCDEx_PMAConfig
                0x00000000080061e6       0x38 ./Drivers/STM32F1xx_HAL_Driver/Src/stm32f1xx_hal_pcd_ex.o
                0x00000000080061e6                HAL_PCDEx_PMAConfig
 *fill*         0x000000000800621e        0x2 
 .text.RCC_Delay
                0x0000000008006220       0x2c ./Drivers/STM32F1xx_HAL_Driver/Src/stm32f1xx_hal_rcc.o
 .text.HAL_RCC_OscConfig
                0x000000000800624c      0x410 ./Drivers/STM32F1xx_HAL_Driver/Src/stm32f1xx_hal_rcc.o
                0x000000000800624c                HAL_RCC_OscConfig
 .text.HAL_RCC_GetSysClockFreq
                0x000000000800665c       0x6c ./Drivers/STM32F1xx_HAL_Driver/Src/stm32f1xx_hal_rcc.o
                0x000000000800665c                HAL_RCC_GetSysClockFreq
 .text.HAL_RCC_ClockConfig
                0x00000000080066c8      0x16c ./Drivers/STM32F1xx_HAL_Driver/Src/stm32f1xx_hal_rcc.o
                0x00000000080066c8                HAL_RCC_ClockConfig
 .text.HAL_RCC_GetHCLKFreq
                0x0000000008006834        0xc ./Drivers/STM32F1xx_HAL_Driver/Src/stm32f1xx_hal_rcc.o
                0x0000000008006834                HAL_RCC_GetHCLKFreq
 .text.HAL_RCC_GetPCLK1Freq
                0x0000000008006840       0x20 ./Drivers/STM32F1xx_HAL_Driver/Src/stm32f1xx_hal_rcc.o
                0x0000000008006840                HAL_RCC_GetPCLK1Freq
 .text.HAL_RCC_GetPCLK2Freq
                0x0000000008006860       0x20 ./Drivers/STM32F1xx_HAL_Driver/Src/stm32f1xx_hal_rcc.o
                0x0000000008006860                HAL_RCC_GetPCLK2Freq
 .text.HAL_RCCEx_PeriphCLKConfig
                0x0000000008006880      0x114 ./Drivers/STM32F1xx_HAL_Driver/Src/stm32f1xx_hal_rcc_ex.o
                0x0000000008006880                HAL_RCCEx_PeriphCLKConfig
 .text.HAL_RCCEx_GetPeriphCLKFreq
                0x0000000008006994       0xf4 ./Drivers/STM32F1xx_HAL_Driver/Src/stm32f1xx_hal_rcc_ex.o
                0x0000000008006994                HAL_RCCEx_GetPeriphCLKFreq
 .text.TIM_OC1_SetConfig
                0x0000000008006a88       0x5c ./Drivers/STM32F1xx_HAL_Driver/Src/stm32f1xx_hal_tim.o
 .text.TIM_OC3_SetConfig
                0x0000000008006ae4       0x64 ./Drivers/STM32F1xx_HAL_Driver/Src/stm32f1xx_hal_tim.o
 .text.TIM_OC4_SetConfig
                0x0000000008006b48       0x48 ./Drivers/STM32F1xx_HAL_Driver/Src/stm32f1xx_hal_tim.o
 .text.TIM_TI1_ConfigInputStage
                0x0000000008006b90       0x24 ./Drivers/STM32F1xx_HAL_Driver/Src/stm32f1xx_hal_tim.o
 .text.TIM_TI2_SetConfig
                0x0000000008006bb4       0x34 ./Drivers/STM32F1xx_HAL_Driver/Src/stm32f1xx_hal_tim.o
 .text.TIM_TI2_ConfigInputStage
                0x0000000008006be8       0x26 ./Drivers/STM32F1xx_HAL_Driver/Src/stm32f1xx_hal_tim.o
 .text.TIM_TI3_SetConfig
                0x0000000008006c0e       0x32 ./Drivers/STM32F1xx_HAL_Driver/Src/stm32f1xx_hal_tim.o
 .text.TIM_TI4_SetConfig
                0x0000000008006c40       0x34 ./Drivers/STM32F1xx_HAL_Driver/Src/stm32f1xx_hal_tim.o
 .text.TIM_ITRx_SetConfig
                0x0000000008006c74       0x10 ./Drivers/STM32F1xx_HAL_Driver/Src/stm32f1xx_hal_tim.o
 .text.HAL_TIM_Base_Start_IT
                0x0000000008006c84       0x68 ./Drivers/STM32F1xx_HAL_Driver/Src/stm32f1xx_hal_tim.o
                0x0000000008006c84                HAL_TIM_Base_Start_IT
 .text.HAL_TIM_PWM_MspInit
                0x0000000008006cec        0x2 ./Drivers/STM32F1xx_HAL_Driver/Src/stm32f1xx_hal_tim.o
                0x0000000008006cec                HAL_TIM_PWM_MspInit
 .text.HAL_TIM_IC_MspInit
                0x0000000008006cee        0x2 ./Drivers/STM32F1xx_HAL_Driver/Src/stm32f1xx_hal_tim.o
                0x0000000008006cee                HAL_TIM_IC_MspInit
 .text.HAL_TIM_PeriodElapsedCallback
                0x0000000008006cf0        0x2 ./Drivers/STM32F1xx_HAL_Driver/Src/stm32f1xx_hal_tim.o
                0x0000000008006cf0                HAL_TIM_PeriodElapsedCallback
 .text.HAL_TIM_OC_DelayElapsedCallback
                0x0000000008006cf2        0x2 ./Drivers/STM32F1xx_HAL_Driver/Src/stm32f1xx_hal_tim.o
                0x0000000008006cf2                HAL_TIM_OC_DelayElapsedCallback
 .text.HAL_TIM_PWM_PulseFinishedCallback
                0x0000000008006cf4        0x2 ./Drivers/STM32F1xx_HAL_Driver/Src/stm32f1xx_hal_tim.o
                0x0000000008006cf4                HAL_TIM_PWM_PulseFinishedCallback
 .text.HAL_TIM_TriggerCallback
                0x0000000008006cf6        0x2 ./Drivers/STM32F1xx_HAL_Driver/Src/stm32f1xx_hal_tim.o
                0x0000000008006cf6                HAL_TIM_TriggerCallback
 .text.HAL_TIM_IRQHandler
                0x0000000008006cf8      0x17a ./Drivers/STM32F1xx_HAL_Driver/Src/stm32f1xx_hal_tim.o
                0x0000000008006cf8                HAL_TIM_IRQHandler
 *fill*         0x0000000008006e72        0x2 
 .text.TIM_Base_SetConfig
                0x0000000008006e74       0x74 ./Drivers/STM32F1xx_HAL_Driver/Src/stm32f1xx_hal_tim.o
                0x0000000008006e74                TIM_Base_SetConfig
 .text.HAL_TIM_Base_Init
                0x0000000008006ee8       0x58 ./Drivers/STM32F1xx_HAL_Driver/Src/stm32f1xx_hal_tim.o
                0x0000000008006ee8                HAL_TIM_Base_Init
 .text.HAL_TIM_PWM_Init
                0x0000000008006f40       0x58 ./Drivers/STM32F1xx_HAL_Driver/Src/stm32f1xx_hal_tim.o
                0x0000000008006f40                HAL_TIM_PWM_Init
 .text.HAL_TIM_IC_Init
                0x0000000008006f98       0x58 ./Drivers/STM32F1xx_HAL_Driver/Src/stm32f1xx_hal_tim.o
                0x0000000008006f98                HAL_TIM_IC_Init
 .text.TIM_OC2_SetConfig
                0x0000000008006ff0       0x64 ./Drivers/STM32F1xx_HAL_Driver/Src/stm32f1xx_hal_tim.o
                0x0000000008006ff0                TIM_OC2_SetConfig
 .text.HAL_TIM_PWM_ConfigChannel
                0x0000000008007054       0xd0 ./Drivers/STM32F1xx_HAL_Driver/Src/stm32f1xx_hal_tim.o
                0x0000000008007054                HAL_TIM_PWM_ConfigChannel
 .text.TIM_TI1_SetConfig
                0x0000000008007124       0x58 ./Drivers/STM32F1xx_HAL_Driver/Src/stm32f1xx_hal_tim.o
                0x0000000008007124                TIM_TI1_SetConfig
 .text.HAL_TIM_IC_ConfigChannel
                0x000000000800717c       0xb4 ./Drivers/STM32F1xx_HAL_Driver/Src/stm32f1xx_hal_tim.o
                0x000000000800717c                HAL_TIM_IC_ConfigChannel
 .text.TIM_ETR_SetConfig
                0x0000000008007230       0x16 ./Drivers/STM32F1xx_HAL_Driver/Src/stm32f1xx_hal_tim.o
                0x0000000008007230                TIM_ETR_SetConfig
 .text.HAL_TIM_ConfigClockSource
                0x0000000008007246       0xda ./Drivers/STM32F1xx_HAL_Driver/Src/stm32f1xx_hal_tim.o
                0x0000000008007246                HAL_TIM_ConfigClockSource
 .text.TIM_CCxChannelCmd
                0x0000000008007320       0x22 ./Drivers/STM32F1xx_HAL_Driver/Src/stm32f1xx_hal_tim.o
                0x0000000008007320                TIM_CCxChannelCmd
 *fill*         0x0000000008007342        0x2 
 .text.HAL_TIM_PWM_Start
                0x0000000008007344       0xdc ./Drivers/STM32F1xx_HAL_Driver/Src/stm32f1xx_hal_tim.o
                0x0000000008007344                HAL_TIM_PWM_Start
 .text.HAL_TIM_PWM_Start_IT
                0x0000000008007420      0x120 ./Drivers/STM32F1xx_HAL_Driver/Src/stm32f1xx_hal_tim.o
                0x0000000008007420                HAL_TIM_PWM_Start_IT
 .text.HAL_TIM_IC_Start_IT
                0x0000000008007540      0x150 ./Drivers/STM32F1xx_HAL_Driver/Src/stm32f1xx_hal_tim.o
                0x0000000008007540                HAL_TIM_IC_Start_IT
 .text.HAL_TIMEx_MasterConfigSynchronization
                0x0000000008007690       0x68 ./Drivers/STM32F1xx_HAL_Driver/Src/stm32f1xx_hal_tim_ex.o
                0x0000000008007690                HAL_TIMEx_MasterConfigSynchronization
 .text.HAL_TIMEx_CommutCallback
                0x00000000080076f8        0x2 ./Drivers/STM32F1xx_HAL_Driver/Src/stm32f1xx_hal_tim_ex.o
                0x00000000080076f8                HAL_TIMEx_CommutCallback
 .text.HAL_TIMEx_BreakCallback
                0x00000000080076fa        0x2 ./Drivers/STM32F1xx_HAL_Driver/Src/stm32f1xx_hal_tim_ex.o
                0x00000000080076fa                HAL_TIMEx_BreakCallback
 .text.USB_CoreInit
                0x00000000080076fc        0xe ./Drivers/STM32F1xx_HAL_Driver/Src/stm32f1xx_ll_usb.o
                0x00000000080076fc                USB_CoreInit
 .text.USB_EnableGlobalInt
                0x000000000800770a       0x12 ./Drivers/STM32F1xx_HAL_Driver/Src/stm32f1xx_ll_usb.o
                0x000000000800770a                USB_EnableGlobalInt
 .text.USB_DisableGlobalInt
                0x000000000800771c       0x14 ./Drivers/STM32F1xx_HAL_Driver/Src/stm32f1xx_ll_usb.o
                0x000000000800771c                USB_DisableGlobalInt
 .text.USB_SetCurrentMode
                0x0000000008007730        0x4 ./Drivers/STM32F1xx_HAL_Driver/Src/stm32f1xx_ll_usb.o
                0x0000000008007730                USB_SetCurrentMode
 .text.USB_DevInit
                0x0000000008007734       0x26 ./Drivers/STM32F1xx_HAL_Driver/Src/stm32f1xx_ll_usb.o
                0x0000000008007734                USB_DevInit
 .text.USB_ActivateEndpoint
                0x000000000800775a      0x33e ./Drivers/STM32F1xx_HAL_Driver/Src/stm32f1xx_ll_usb.o
                0x000000000800775a                USB_ActivateEndpoint
 .text.USB_DeactivateEndpoint
                0x0000000008007a98      0x1d4 ./Drivers/STM32F1xx_HAL_Driver/Src/stm32f1xx_ll_usb.o
                0x0000000008007a98                USB_DeactivateEndpoint
 .text.USB_EPSetStall
                0x0000000008007c6c       0x4a ./Drivers/STM32F1xx_HAL_Driver/Src/stm32f1xx_ll_usb.o
                0x0000000008007c6c                USB_EPSetStall
 .text.USB_EPClearStall
                0x0000000008007cb6       0xa2 ./Drivers/STM32F1xx_HAL_Driver/Src/stm32f1xx_ll_usb.o
                0x0000000008007cb6                USB_EPClearStall
 .text.USB_SetDevAddress
                0x0000000008007d58        0xc ./Drivers/STM32F1xx_HAL_Driver/Src/stm32f1xx_ll_usb.o
                0x0000000008007d58                USB_SetDevAddress
 .text.USB_DevConnect
                0x0000000008007d64        0x4 ./Drivers/STM32F1xx_HAL_Driver/Src/stm32f1xx_ll_usb.o
                0x0000000008007d64                USB_DevConnect
 .text.USB_DevDisconnect
                0x0000000008007d68        0x4 ./Drivers/STM32F1xx_HAL_Driver/Src/stm32f1xx_ll_usb.o
                0x0000000008007d68                USB_DevDisconnect
 .text.USB_ReadInterrupts
                0x0000000008007d6c        0x8 ./Drivers/STM32F1xx_HAL_Driver/Src/stm32f1xx_ll_usb.o
                0x0000000008007d6c                USB_ReadInterrupts
 .text.USB_EP0_OutStart
                0x0000000008007d74        0x4 ./Drivers/STM32F1xx_HAL_Driver/Src/stm32f1xx_ll_usb.o
                0x0000000008007d74                USB_EP0_OutStart
 .text.USB_WritePMA
                0x0000000008007d78       0x26 ./Drivers/STM32F1xx_HAL_Driver/Src/stm32f1xx_ll_usb.o
                0x0000000008007d78                USB_WritePMA
 .text.USB_EPStartXfer
                0x0000000008007d9e      0x8b2 ./Drivers/STM32F1xx_HAL_Driver/Src/stm32f1xx_ll_usb.o
                0x0000000008007d9e                USB_EPStartXfer
 .text.USB_ReadPMA
                0x0000000008008650       0x2e ./Drivers/STM32F1xx_HAL_Driver/Src/stm32f1xx_ll_usb.o
                0x0000000008008650                USB_ReadPMA
 .text.USBD_CDC_EP0_RxReady
                0x000000000800867e       0x28 ./Middlewares/ST/STM32_USB_Device_Library/Class/CDC/Src/usbd_cdc.o
 *fill*         0x00000000080086a6        0x2 
 .text.USBD_CDC_GetFSCfgDesc
                0x00000000080086a8        0xc ./Middlewares/ST/STM32_USB_Device_Library/Class/CDC/Src/usbd_cdc.o
 .text.USBD_CDC_GetHSCfgDesc
                0x00000000080086b4        0xc ./Middlewares/ST/STM32_USB_Device_Library/Class/CDC/Src/usbd_cdc.o
 .text.USBD_CDC_GetOtherSpeedCfgDesc
                0x00000000080086c0        0xc ./Middlewares/ST/STM32_USB_Device_Library/Class/CDC/Src/usbd_cdc.o
 .text.USBD_CDC_GetDeviceQualifierDescriptor
                0x00000000080086cc        0xc ./Middlewares/ST/STM32_USB_Device_Library/Class/CDC/Src/usbd_cdc.o
                0x00000000080086cc                USBD_CDC_GetDeviceQualifierDescriptor
 .text.USBD_CDC_DataOut
                0x00000000080086d8       0x2e ./Middlewares/ST/STM32_USB_Device_Library/Class/CDC/Src/usbd_cdc.o
 .text.USBD_CDC_DataIn
                0x0000000008008706       0x4e ./Middlewares/ST/STM32_USB_Device_Library/Class/CDC/Src/usbd_cdc.o
 .text.USBD_CDC_Setup
                0x0000000008008754       0xd6 ./Middlewares/ST/STM32_USB_Device_Library/Class/CDC/Src/usbd_cdc.o
 .text.USBD_CDC_DeInit
                0x000000000800882a       0x42 ./Middlewares/ST/STM32_USB_Device_Library/Class/CDC/Src/usbd_cdc.o
 .text.USBD_CDC_Init
                0x000000000800886c       0xaa ./Middlewares/ST/STM32_USB_Device_Library/Class/CDC/Src/usbd_cdc.o
 .text.USBD_CDC_RegisterInterface
                0x0000000008008916        0xe ./Middlewares/ST/STM32_USB_Device_Library/Class/CDC/Src/usbd_cdc.o
                0x0000000008008916                USBD_CDC_RegisterInterface
 .text.USBD_CDC_SetTxBuffer
                0x0000000008008924       0x10 ./Middlewares/ST/STM32_USB_Device_Library/Class/CDC/Src/usbd_cdc.o
                0x0000000008008924                USBD_CDC_SetTxBuffer
 .text.USBD_CDC_SetRxBuffer
                0x0000000008008934        0xc ./Middlewares/ST/STM32_USB_Device_Library/Class/CDC/Src/usbd_cdc.o
                0x0000000008008934                USBD_CDC_SetRxBuffer
 .text.USBD_CDC_TransmitPacket
                0x0000000008008940       0x34 ./Middlewares/ST/STM32_USB_Device_Library/Class/CDC/Src/usbd_cdc.o
                0x0000000008008940                USBD_CDC_TransmitPacket
 .text.USBD_CDC_ReceivePacket
                0x0000000008008974       0x30 ./Middlewares/ST/STM32_USB_Device_Library/Class/CDC/Src/usbd_cdc.o
                0x0000000008008974                USBD_CDC_ReceivePacket
 .text.USBD_Init
                0x00000000080089a4       0x2e ./Middlewares/ST/STM32_USB_Device_Library/Core/Src/usbd_core.o
                0x00000000080089a4                USBD_Init
 .text.USBD_RegisterClass
                0x00000000080089d2        0xe ./Middlewares/ST/STM32_USB_Device_Library/Core/Src/usbd_core.o
                0x00000000080089d2                USBD_RegisterClass
 .text.USBD_Start
                0x00000000080089e0        0xa ./Middlewares/ST/STM32_USB_Device_Library/Core/Src/usbd_core.o
                0x00000000080089e0                USBD_Start
 .text.USBD_SetClassConfig
                0x00000000080089ea       0x18 ./Middlewares/ST/STM32_USB_Device_Library/Core/Src/usbd_core.o
                0x00000000080089ea                USBD_SetClassConfig
 .text.USBD_ClrClassConfig
                0x0000000008008a02        0xe ./Middlewares/ST/STM32_USB_Device_Library/Core/Src/usbd_core.o
                0x0000000008008a02                USBD_ClrClassConfig
 .text.USBD_LL_SetupStage
                0x0000000008008a10       0x5a ./Middlewares/ST/STM32_USB_Device_Library/Core/Src/usbd_core.o
                0x0000000008008a10                USBD_LL_SetupStage
 .text.USBD_LL_DataOutStage
                0x0000000008008a6a       0x8c ./Middlewares/ST/STM32_USB_Device_Library/Core/Src/usbd_core.o
                0x0000000008008a6a                USBD_LL_DataOutStage
 .text.USBD_LL_DataInStage
                0x0000000008008af6       0xd0 ./Middlewares/ST/STM32_USB_Device_Library/Core/Src/usbd_core.o
                0x0000000008008af6                USBD_LL_DataInStage
 .text.USBD_LL_Reset
                0x0000000008008bc6       0x50 ./Middlewares/ST/STM32_USB_Device_Library/Core/Src/usbd_core.o
                0x0000000008008bc6                USBD_LL_Reset
 .text.USBD_LL_SetSpeed
                0x0000000008008c16        0x6 ./Middlewares/ST/STM32_USB_Device_Library/Core/Src/usbd_core.o
                0x0000000008008c16                USBD_LL_SetSpeed
 .text.USBD_LL_Suspend
                0x0000000008008c1c       0x12 ./Middlewares/ST/STM32_USB_Device_Library/Core/Src/usbd_core.o
                0x0000000008008c1c                USBD_LL_Suspend
 .text.USBD_LL_Resume
                0x0000000008008c2e       0x16 ./Middlewares/ST/STM32_USB_Device_Library/Core/Src/usbd_core.o
                0x0000000008008c2e                USBD_LL_Resume
 .text.USBD_LL_SOF
                0x0000000008008c44       0x1c ./Middlewares/ST/STM32_USB_Device_Library/Core/Src/usbd_core.o
                0x0000000008008c44                USBD_LL_SOF
 .text.USBD_GetLen
                0x0000000008008c60       0x12 ./Middlewares/ST/STM32_USB_Device_Library/Core/Src/usbd_ctlreq.o
 .text.USBD_SetFeature
                0x0000000008008c72       0x14 ./Middlewares/ST/STM32_USB_Device_Library/Core/Src/usbd_ctlreq.o
 .text.USBD_ParseSetupRequest
                0x0000000008008c86       0x28 ./Middlewares/ST/STM32_USB_Device_Library/Core/Src/usbd_ctlreq.o
                0x0000000008008c86                USBD_ParseSetupRequest
 .text.USBD_CtlError
                0x0000000008008cae       0x14 ./Middlewares/ST/STM32_USB_Device_Library/Core/Src/usbd_ctlreq.o
                0x0000000008008cae                USBD_CtlError
 .text.USBD_GetDescriptor
                0x0000000008008cc2      0x186 ./Middlewares/ST/STM32_USB_Device_Library/Core/Src/usbd_ctlreq.o
 .text.USBD_SetAddress
                0x0000000008008e48       0x4e ./Middlewares/ST/STM32_USB_Device_Library/Core/Src/usbd_ctlreq.o
 *fill*         0x0000000008008e96        0x2 
 .text.USBD_SetConfig
                0x0000000008008e98       0xb0 ./Middlewares/ST/STM32_USB_Device_Library/Core/Src/usbd_ctlreq.o
 .text.USBD_GetConfig
                0x0000000008008f48       0x3e ./Middlewares/ST/STM32_USB_Device_Library/Core/Src/usbd_ctlreq.o
 .text.USBD_GetStatus
                0x0000000008008f86       0x38 ./Middlewares/ST/STM32_USB_Device_Library/Core/Src/usbd_ctlreq.o
 .text.USBD_ClrFeature
                0x0000000008008fbe       0x26 ./Middlewares/ST/STM32_USB_Device_Library/Core/Src/usbd_ctlreq.o
 .text.USBD_StdDevReq
                0x0000000008008fe4       0x68 ./Middlewares/ST/STM32_USB_Device_Library/Core/Src/usbd_ctlreq.o
                0x0000000008008fe4                USBD_StdDevReq
 .text.USBD_StdItfReq
                0x000000000800904c       0x60 ./Middlewares/ST/STM32_USB_Device_Library/Core/Src/usbd_ctlreq.o
                0x000000000800904c                USBD_StdItfReq
 .text.USBD_StdEPReq
                0x00000000080090ac      0x1e2 ./Middlewares/ST/STM32_USB_Device_Library/Core/Src/usbd_ctlreq.o
                0x00000000080090ac                USBD_StdEPReq
 .text.USBD_GetString
                0x000000000800928e       0x38 ./Middlewares/ST/STM32_USB_Device_Library/Core/Src/usbd_ctlreq.o
                0x000000000800928e                USBD_GetString
 .text.USBD_CtlSendData
                0x00000000080092c6       0x1a ./Middlewares/ST/STM32_USB_Device_Library/Core/Src/usbd_ioreq.o
                0x00000000080092c6                USBD_CtlSendData
 .text.USBD_CtlContinueSendData
                0x00000000080092e0       0x10 ./Middlewares/ST/STM32_USB_Device_Library/Core/Src/usbd_ioreq.o
                0x00000000080092e0                USBD_CtlContinueSendData
 .text.USBD_CtlPrepareRx
                0x00000000080092f0       0x1e ./Middlewares/ST/STM32_USB_Device_Library/Core/Src/usbd_ioreq.o
                0x00000000080092f0                USBD_CtlPrepareRx
 .text.USBD_CtlContinueRx
                0x000000000800930e       0x10 ./Middlewares/ST/STM32_USB_Device_Library/Core/Src/usbd_ioreq.o
                0x000000000800930e                USBD_CtlContinueRx
 .text.USBD_CtlSendStatus
                0x000000000800931e       0x16 ./Middlewares/ST/STM32_USB_Device_Library/Core/Src/usbd_ioreq.o
                0x000000000800931e                USBD_CtlSendStatus
 .text.USBD_CtlReceiveStatus
                0x0000000008009334       0x16 ./Middlewares/ST/STM32_USB_Device_Library/Core/Src/usbd_ioreq.o
                0x0000000008009334                USBD_CtlReceiveStatus
 *fill*         0x000000000800934a        0x2 
 .text.MX_USB_DEVICE_Init
                0x000000000800934c       0x54 ./USB_DEVICE/App/usb_device.o
                0x000000000800934c                MX_USB_DEVICE_Init
 .text._ZL13CDC_DeInit_FSv
                0x00000000080093a0        0x4 ./USB_DEVICE/App/usbd_cdc_if.o
 .text._ZL14CDC_Control_FShPht
                0x00000000080093a4        0x4 ./USB_DEVICE/App/usbd_cdc_if.o
 .text._ZL11CDC_Init_FSv
                0x00000000080093a8       0x28 ./USB_DEVICE/App/usbd_cdc_if.o
 .text.CDC_Transmit_FS
                0x00000000080093d0       0x2c ./USB_DEVICE/App/usbd_cdc_if.o
                0x00000000080093d0                CDC_Transmit_FS
 .text._ZL14CDC_Receive_FSPhPm
                0x00000000080093fc       0x64 ./USB_DEVICE/App/usbd_cdc_if.o
 .text.USBD_FS_DeviceDescriptor
                0x0000000008009460        0xc ./USB_DEVICE/App/usbd_desc.o
                0x0000000008009460                USBD_FS_DeviceDescriptor
 .text.USBD_FS_LangIDStrDescriptor
                0x000000000800946c        0xc ./USB_DEVICE/App/usbd_desc.o
                0x000000000800946c                USBD_FS_LangIDStrDescriptor
 .text.IntToUnicode
                0x0000000008009478       0x38 ./USB_DEVICE/App/usbd_desc.o
 .text.Get_SerialNum
                0x00000000080094b0       0x34 ./USB_DEVICE/App/usbd_desc.o
 .text.USBD_FS_SerialStrDescriptor
                0x00000000080094e4       0x14 ./USB_DEVICE/App/usbd_desc.o
                0x00000000080094e4                USBD_FS_SerialStrDescriptor
 .text.USBD_FS_ProductStrDescriptor
                0x00000000080094f8       0x24 ./USB_DEVICE/App/usbd_desc.o
                0x00000000080094f8                USBD_FS_ProductStrDescriptor
 .text.USBD_FS_ManufacturerStrDescriptor
                0x000000000800951c       0x1c ./USB_DEVICE/App/usbd_desc.o
                0x000000000800951c                USBD_FS_ManufacturerStrDescriptor
 .text.USBD_FS_ConfigStrDescriptor
                0x0000000008009538       0x24 ./USB_DEVICE/App/usbd_desc.o
                0x0000000008009538                USBD_FS_ConfigStrDescriptor
 .text.USBD_FS_InterfaceStrDescriptor
                0x000000000800955c       0x24 ./USB_DEVICE/App/usbd_desc.o
                0x000000000800955c                USBD_FS_InterfaceStrDescriptor
 .text.USBD_Get_USB_Status
                0x0000000008009580       0x14 ./USB_DEVICE/Target/usbd_conf.o
 .text.HAL_PCD_MspInit
                0x0000000008009594       0x8c ./USB_DEVICE/Target/usbd_conf.o
                0x0000000008009594                HAL_PCD_MspInit
 .text.HAL_PCD_SetupStageCallback
                0x0000000008009620       0x10 ./USB_DEVICE/Target/usbd_conf.o
                0x0000000008009620                HAL_PCD_SetupStageCallback
 .text.HAL_PCD_DataOutStageCallback
                0x0000000008009630       0x18 ./USB_DEVICE/Target/usbd_conf.o
                0x0000000008009630                HAL_PCD_DataOutStageCallback
 .text.HAL_PCD_DataInStageCallback
                0x0000000008009648       0x16 ./USB_DEVICE/Target/usbd_conf.o
                0x0000000008009648                HAL_PCD_DataInStageCallback
 .text.HAL_PCD_SOFCallback
                0x000000000800965e        0xc ./USB_DEVICE/Target/usbd_conf.o
                0x000000000800965e                HAL_PCD_SOFCallback
 .text.HAL_PCD_ResetCallback
                0x000000000800966a       0x24 ./USB_DEVICE/Target/usbd_conf.o
                0x000000000800966a                HAL_PCD_ResetCallback
 *fill*         0x000000000800968e        0x2 
 .text.HAL_PCD_SuspendCallback
                0x0000000008009690       0x20 ./USB_DEVICE/Target/usbd_conf.o
                0x0000000008009690                HAL_PCD_SuspendCallback
 .text.HAL_PCD_ResumeCallback
                0x00000000080096b0        0xc ./USB_DEVICE/Target/usbd_conf.o
                0x00000000080096b0                HAL_PCD_ResumeCallback
 .text.USBD_LL_Init
                0x00000000080096bc       0x88 ./USB_DEVICE/Target/usbd_conf.o
                0x00000000080096bc                USBD_LL_Init
 .text.USBD_LL_Start
                0x0000000008009744       0x10 ./USB_DEVICE/Target/usbd_conf.o
                0x0000000008009744                USBD_LL_Start
 .text.USBD_LL_OpenEP
                0x0000000008009754       0x16 ./USB_DEVICE/Target/usbd_conf.o
                0x0000000008009754                USBD_LL_OpenEP
 .text.USBD_LL_CloseEP
                0x000000000800976a       0x10 ./USB_DEVICE/Target/usbd_conf.o
                0x000000000800976a                USBD_LL_CloseEP
 .text.USBD_LL_StallEP
                0x000000000800977a       0x10 ./USB_DEVICE/Target/usbd_conf.o
                0x000000000800977a                USBD_LL_StallEP
 .text.USBD_LL_ClearStallEP
                0x000000000800978a       0x10 ./USB_DEVICE/Target/usbd_conf.o
                0x000000000800978a                USBD_LL_ClearStallEP
 .text.USBD_LL_IsStallEP
                0x000000000800979a       0x2e ./USB_DEVICE/Target/usbd_conf.o
                0x000000000800979a                USBD_LL_IsStallEP
 .text.USBD_LL_SetUSBAddress
                0x00000000080097c8       0x10 ./USB_DEVICE/Target/usbd_conf.o
                0x00000000080097c8                USBD_LL_SetUSBAddress
 .text.USBD_LL_Transmit
                0x00000000080097d8       0x10 ./USB_DEVICE/Target/usbd_conf.o
                0x00000000080097d8                USBD_LL_Transmit
 .text.USBD_LL_PrepareReceive
                0x00000000080097e8       0x10 ./USB_DEVICE/Target/usbd_conf.o
                0x00000000080097e8                USBD_LL_PrepareReceive
 .text.USBD_LL_GetRxDataSize
                0x00000000080097f8        0xc ./USB_DEVICE/Target/usbd_conf.o
                0x00000000080097f8                USBD_LL_GetRxDataSize
 .text.USBD_static_malloc
                0x0000000008009804        0x8 ./USB_DEVICE/Target/usbd_conf.o
                0x0000000008009804                USBD_static_malloc
 .text.USBD_static_free
                0x000000000800980c        0x2 ./USB_DEVICE/Target/usbd_conf.o
                0x000000000800980c                USBD_static_free
 .text.HAL_PCDEx_SetConnectionState
                0x000000000800980e        0x2 ./USB_DEVICE/Target/usbd_conf.o
                0x000000000800980e                HAL_PCDEx_SetConnectionState
 .text._ZdlPv   0x0000000008009810        0x4 c:/st/stm32cubeide_1.8.0/stm32cubeide/plugins/com.st.stm32cube.ide.mcu.externaltools.gnu-tools-for-stm32.9-2020-q2-update.win32_2.0.0.202105311346/tools/bin/../lib/gcc/arm-none-eabi/9.3.1/../../../../arm-none-eabi/lib/thumb/v7-m/nofp\libstdc++_nano.a(del_op.o)
                0x0000000008009810                operator delete(void*)
 .text.unlikely._ZSt17__throw_bad_allocv
                0x0000000008009814        0x6 c:/st/stm32cubeide_1.8.0/stm32cubeide/plugins/com.st.stm32cube.ide.mcu.externaltools.gnu-tools-for-stm32.9-2020-q2-update.win32_2.0.0.202105311346/tools/bin/../lib/gcc/arm-none-eabi/9.3.1/../../../../arm-none-eabi/lib/thumb/v7-m/nofp\libstdc++_nano.a(functexcept.o)
                0x0000000008009814                std::__throw_bad_alloc()
 .text.unlikely._ZSt19__throw_logic_errorPKc
                0x000000000800981a        0x6 c:/st/stm32cubeide_1.8.0/stm32cubeide/plugins/com.st.stm32cube.ide.mcu.externaltools.gnu-tools-for-stm32.9-2020-q2-update.win32_2.0.0.202105311346/tools/bin/../lib/gcc/arm-none-eabi/9.3.1/../../../../arm-none-eabi/lib/thumb/v7-m/nofp\libstdc++_nano.a(functexcept.o)
                0x000000000800981a                std::__throw_logic_error(char const*)
 .text.unlikely._ZSt24__throw_invalid_argumentPKc
                0x0000000008009820        0x6 c:/st/stm32cubeide_1.8.0/stm32cubeide/plugins/com.st.stm32cube.ide.mcu.externaltools.gnu-tools-for-stm32.9-2020-q2-update.win32_2.0.0.202105311346/tools/bin/../lib/gcc/arm-none-eabi/9.3.1/../../../../arm-none-eabi/lib/thumb/v7-m/nofp\libstdc++_nano.a(functexcept.o)
                0x0000000008009820                std::__throw_invalid_argument(char const*)
 .text.unlikely._ZSt20__throw_length_errorPKc
                0x0000000008009826        0x6 c:/st/stm32cubeide_1.8.0/stm32cubeide/plugins/com.st.stm32cube.ide.mcu.externaltools.gnu-tools-for-stm32.9-2020-q2-update.win32_2.0.0.202105311346/tools/bin/../lib/gcc/arm-none-eabi/9.3.1/../../../../arm-none-eabi/lib/thumb/v7-m/nofp\libstdc++_nano.a(functexcept.o)
                0x0000000008009826                std::__throw_length_error(char const*)
 .text.unlikely._ZSt20__throw_out_of_rangePKc
                0x000000000800982c        0x6 c:/st/stm32cubeide_1.8.0/stm32cubeide/plugins/com.st.stm32cube.ide.mcu.externaltools.gnu-tools-for-stm32.9-2020-q2-update.win32_2.0.0.202105311346/tools/bin/../lib/gcc/arm-none-eabi/9.3.1/../../../../arm-none-eabi/lib/thumb/v7-m/nofp\libstdc++_nano.a(functexcept.o)
                0x000000000800982c                std::__throw_out_of_range(char const*)
 .text._ZSt24__throw_out_of_range_fmtPKcz
                0x0000000008009832       0x36 c:/st/stm32cubeide_1.8.0/stm32cubeide/plugins/com.st.stm32cube.ide.mcu.externaltools.gnu-tools-for-stm32.9-2020-q2-update.win32_2.0.0.202105311346/tools/bin/../lib/gcc/arm-none-eabi/9.3.1/../../../../arm-none-eabi/lib/thumb/v7-m/nofp\libstdc++_nano.a(functexcept.o)
                0x0000000008009832                std::__throw_out_of_range_fmt(char const*, ...)
 .text._ZN9__gnu_cxx26__throw_insufficient_spaceEPKcS1_
                0x0000000008009868       0x4c c:/st/stm32cubeide_1.8.0/stm32cubeide/plugins/com.st.stm32cube.ide.mcu.externaltools.gnu-tools-for-stm32.9-2020-q2-update.win32_2.0.0.202105311346/tools/bin/../lib/gcc/arm-none-eabi/9.3.1/../../../../arm-none-eabi/lib/thumb/v7-m/nofp\libstdc++_nano.a(snprintf_lite.o)
                0x0000000008009868                __gnu_cxx::__throw_insufficient_space(char const*, char const*)
 .text._ZN9__gnu_cxx15__concat_size_tEPcjj
                0x00000000080098b4       0x58 c:/st/stm32cubeide_1.8.0/stm32cubeide/plugins/com.st.stm32cube.ide.mcu.externaltools.gnu-tools-for-stm32.9-2020-q2-update.win32_2.0.0.202105311346/tools/bin/../lib/gcc/arm-none-eabi/9.3.1/../../../../arm-none-eabi/lib/thumb/v7-m/nofp\libstdc++_nano.a(snprintf_lite.o)
                0x00000000080098b4                __gnu_cxx::__concat_size_t(char*, unsigned int, unsigned int)
 .text._ZN9__gnu_cxx15__snprintf_liteEPcjPKcSt9__va_list
                0x000000000800990c       0x82 c:/st/stm32cubeide_1.8.0/stm32cubeide/plugins/com.st.stm32cube.ide.mcu.externaltools.gnu-tools-for-stm32.9-2020-q2-update.win32_2.0.0.202105311346/tools/bin/../lib/gcc/arm-none-eabi/9.3.1/../../../../arm-none-eabi/lib/thumb/v7-m/nofp\libstdc++_nano.a(snprintf_lite.o)
                0x000000000800990c                __gnu_cxx::__snprintf_lite(char*, unsigned int, char const*, std::__va_list)
 .text._ZNSt11char_traitsIcE7compareEPKcS2_j
                0x000000000800998e        0xa c:/st/stm32cubeide_1.8.0/stm32cubeide/plugins/com.st.stm32cube.ide.mcu.externaltools.gnu-tools-for-stm32.9-2020-q2-update.win32_2.0.0.202105311346/tools/bin/../lib/gcc/arm-none-eabi/9.3.1/../../../../arm-none-eabi/lib/thumb/v7-m/nofp\libstdc++_nano.a(string-inst.o)
                0x000000000800998e                std::char_traits<char>::compare(char const*, char const*, unsigned int)
 .text._ZNSt11char_traitsIcE4findEPKcjRS1_
                0x0000000008009998       0x10 c:/st/stm32cubeide_1.8.0/stm32cubeide/plugins/com.st.stm32cube.ide.mcu.externaltools.gnu-tools-for-stm32.9-2020-q2-update.win32_2.0.0.202105311346/tools/bin/../lib/gcc/arm-none-eabi/9.3.1/../../../../arm-none-eabi/lib/thumb/v7-m/nofp\libstdc++_nano.a(string-inst.o)
                0x0000000008009998                std::char_traits<char>::find(char const*, unsigned int, char const&)
 .text._ZNSt11char_traitsIcE4copyEPcPKcj
                0x00000000080099a8        0x8 c:/st/stm32cubeide_1.8.0/stm32cubeide/plugins/com.st.stm32cube.ide.mcu.externaltools.gnu-tools-for-stm32.9-2020-q2-update.win32_2.0.0.202105311346/tools/bin/../lib/gcc/arm-none-eabi/9.3.1/../../../../arm-none-eabi/lib/thumb/v7-m/nofp\libstdc++_nano.a(string-inst.o)
                0x00000000080099a8                std::char_traits<char>::copy(char*, char const*, unsigned int)
 .text._ZNSt7__cxx1112basic_stringIcSt11char_traitsIcESaIcEE9_M_createERjj
                0x00000000080099b0       0x44 c:/st/stm32cubeide_1.8.0/stm32cubeide/plugins/com.st.stm32cube.ide.mcu.externaltools.gnu-tools-for-stm32.9-2020-q2-update.win32_2.0.0.202105311346/tools/bin/../lib/gcc/arm-none-eabi/9.3.1/../../../../arm-none-eabi/lib/thumb/v7-m/nofp\libstdc++_nano.a(string-inst.o)
                0x00000000080099b0                std::__cxx11::basic_string<char, std::char_traits<char>, std::allocator<char> >::_M_create(unsigned int&, unsigned int)
 .text._ZNSt7__cxx1112basic_stringIcSt11char_traitsIcESaIcEE10_M_disposeEv
                0x00000000080099f4       0x10 c:/st/stm32cubeide_1.8.0/stm32cubeide/plugins/com.st.stm32cube.ide.mcu.externaltools.gnu-tools-for-stm32.9-2020-q2-update.win32_2.0.0.202105311346/tools/bin/../lib/gcc/arm-none-eabi/9.3.1/../../../../arm-none-eabi/lib/thumb/v7-m/nofp\libstdc++_nano.a(string-inst.o)
                0x00000000080099f4                std::__cxx11::basic_string<char, std::char_traits<char>, std::allocator<char> >::_M_dispose()
 .text._ZNSt7__cxx1112basic_stringIcSt11char_traitsIcESaIcEE7_S_copyEPcPKcj
                0x0000000008009a04       0x12 c:/st/stm32cubeide_1.8.0/stm32cubeide/plugins/com.st.stm32cube.ide.mcu.externaltools.gnu-tools-for-stm32.9-2020-q2-update.win32_2.0.0.202105311346/tools/bin/../lib/gcc/arm-none-eabi/9.3.1/../../../../arm-none-eabi/lib/thumb/v7-m/nofp\libstdc++_nano.a(string-inst.o)
                0x0000000008009a04                std::__cxx11::basic_string<char, std::char_traits<char>, std::allocator<char> >::_S_copy(char*, char const*, unsigned int)
 .text._ZNSt7__cxx1112basic_stringIcSt11char_traitsIcESaIcEE9_M_mutateEjjPKcj
                0x0000000008009a16       0x76 c:/st/stm32cubeide_1.8.0/stm32cubeide/plugins/com.st.stm32cube.ide.mcu.externaltools.gnu-tools-for-stm32.9-2020-q2-update.win32_2.0.0.202105311346/tools/bin/../lib/gcc/arm-none-eabi/9.3.1/../../../../arm-none-eabi/lib/thumb/v7-m/nofp\libstdc++_nano.a(string-inst.o)
                0x0000000008009a16                std::__cxx11::basic_string<char, std::char_traits<char>, std::allocator<char> >::_M_mutate(unsigned int, unsigned int, char const*, unsigned int)
 .text._ZNSt7__cxx1112basic_stringIcSt11char_traitsIcESaIcEE9_M_appendEPKcj
                0x0000000008009a8c       0x40 c:/st/stm32cubeide_1.8.0/stm32cubeide/plugins/com.st.stm32cube.ide.mcu.externaltools.gnu-tools-for-stm32.9-2020-q2-update.win32_2.0.0.202105311346/tools/bin/../lib/gcc/arm-none-eabi/9.3.1/../../../../arm-none-eabi/lib/thumb/v7-m/nofp\libstdc++_nano.a(string-inst.o)
                0x0000000008009a8c                std::__cxx11::basic_string<char, std::char_traits<char>, std::allocator<char> >::_M_append(char const*, unsigned int)
 .text._ZNKSt7__cxx1112basic_stringIcSt11char_traitsIcESaIcEE4findEPKcjj
                0x0000000008009acc       0x62 c:/st/stm32cubeide_1.8.0/stm32cubeide/plugins/com.st.stm32cube.ide.mcu.externaltools.gnu-tools-for-stm32.9-2020-q2-update.win32_2.0.0.202105311346/tools/bin/../lib/gcc/arm-none-eabi/9.3.1/../../../../arm-none-eabi/lib/thumb/v7-m/nofp\libstdc++_nano.a(string-inst.o)
                0x0000000008009acc                std::__cxx11::basic_string<char, std::char_traits<char>, std::allocator<char> >::find(char const*, unsigned int, unsigned int) const
 .text._ZNKSt7__cxx1112basic_stringIcSt11char_traitsIcESaIcEE4findEcj
                0x0000000008009b2e       0x2a c:/st/stm32cubeide_1.8.0/stm32cubeide/plugins/com.st.stm32cube.ide.mcu.externaltools.gnu-tools-for-stm32.9-2020-q2-update.win32_2.0.0.202105311346/tools/bin/../lib/gcc/arm-none-eabi/9.3.1/../../../../arm-none-eabi/lib/thumb/v7-m/nofp\libstdc++_nano.a(string-inst.o)
                0x0000000008009b2e                std::__cxx11::basic_string<char, std::char_traits<char>, std::allocator<char> >::find(char, unsigned int) const
 .text._ZNSt7__cxx1112basic_stringIcSt11char_traitsIcESaIcEEC2EPKcRKS3_
                0x0000000008009b58       0x2c c:/st/stm32cubeide_1.8.0/stm32cubeide/plugins/com.st.stm32cube.ide.mcu.externaltools.gnu-tools-for-stm32.9-2020-q2-update.win32_2.0.0.202105311346/tools/bin/../lib/gcc/arm-none-eabi/9.3.1/../../../../arm-none-eabi/lib/thumb/v7-m/nofp\libstdc++_nano.a(string-inst.o)
                0x0000000008009b58                std::__cxx11::basic_string<char, std::char_traits<char>, std::allocator<char> >::basic_string(char const*, std::allocator<char> const&)
                0x0000000008009b58                std::__cxx11::basic_string<char, std::char_traits<char>, std::allocator<char> >::basic_string(char const*, std::allocator<char> const&)
 .text._Znwj    0x0000000008009b84       0x22 c:/st/stm32cubeide_1.8.0/stm32cubeide/plugins/com.st.stm32cube.ide.mcu.externaltools.gnu-tools-for-stm32.9-2020-q2-update.win32_2.0.0.202105311346/tools/bin/../lib/gcc/arm-none-eabi/9.3.1/../../../../arm-none-eabi/lib/thumb/v7-m/nofp\libstdc++_nano.a(new_op.o)
                0x0000000008009b84                operator new(unsigned int)
 *fill*         0x0000000008009ba6        0x2 
 .text._ZSt15get_new_handlerv
                0x0000000008009ba8       0x10 c:/st/stm32cubeide_1.8.0/stm32cubeide/plugins/com.st.stm32cube.ide.mcu.externaltools.gnu-tools-for-stm32.9-2020-q2-update.win32_2.0.0.202105311346/tools/bin/../lib/gcc/arm-none-eabi/9.3.1/../../../../arm-none-eabi/lib/thumb/v7-m/nofp\libstdc++_nano.a(new_handler.o)
                0x0000000008009ba8                std::get_new_handler()
 .text.abort    0x0000000008009bb8        0xe c:/st/stm32cubeide_1.8.0/stm32cubeide/plugins/com.st.stm32cube.ide.mcu.externaltools.gnu-tools-for-stm32.9-2020-q2-update.win32_2.0.0.202105311346/tools/bin/../lib/gcc/arm-none-eabi/9.3.1/../../../../arm-none-eabi/lib/thumb/v7-m/nofp\libc_nano.a(lib_a-abort.o)
                0x0000000008009bb8                abort
 *fill*         0x0000000008009bc6        0x2 
 .text.__errno  0x0000000008009bc8        0xc c:/st/stm32cubeide_1.8.0/stm32cubeide/plugins/com.st.stm32cube.ide.mcu.externaltools.gnu-tools-for-stm32.9-2020-q2-update.win32_2.0.0.202105311346/tools/bin/../lib/gcc/arm-none-eabi/9.3.1/../../../../arm-none-eabi/lib/thumb/v7-m/nofp\libc_nano.a(lib_a-errno.o)
                0x0000000008009bc8                __errno
 .text.__libc_init_array
                0x0000000008009bd4       0x48 c:/st/stm32cubeide_1.8.0/stm32cubeide/plugins/com.st.stm32cube.ide.mcu.externaltools.gnu-tools-for-stm32.9-2020-q2-update.win32_2.0.0.202105311346/tools/bin/../lib/gcc/arm-none-eabi/9.3.1/../../../../arm-none-eabi/lib/thumb/v7-m/nofp\libc_nano.a(lib_a-init.o)
                0x0000000008009bd4                __libc_init_array
 .text.__itoa   0x0000000008009c1c       0x30 c:/st/stm32cubeide_1.8.0/stm32cubeide/plugins/com.st.stm32cube.ide.mcu.externaltools.gnu-tools-for-stm32.9-2020-q2-update.win32_2.0.0.202105311346/tools/bin/../lib/gcc/arm-none-eabi/9.3.1/../../../../arm-none-eabi/lib/thumb/v7-m/nofp\libc_nano.a(lib_a-itoa.o)
                0x0000000008009c1c                __itoa
 .text.itoa     0x0000000008009c4c        0x4 c:/st/stm32cubeide_1.8.0/stm32cubeide/plugins/com.st.stm32cube.ide.mcu.externaltools.gnu-tools-for-stm32.9-2020-q2-update.win32_2.0.0.202105311346/tools/bin/../lib/gcc/arm-none-eabi/9.3.1/../../../../arm-none-eabi/lib/thumb/v7-m/nofp\libc_nano.a(lib_a-itoa.o)
                0x0000000008009c4c                itoa
 .text.malloc   0x0000000008009c50       0x10 c:/st/stm32cubeide_1.8.0/stm32cubeide/plugins/com.st.stm32cube.ide.mcu.externaltools.gnu-tools-for-stm32.9-2020-q2-update.win32_2.0.0.202105311346/tools/bin/../lib/gcc/arm-none-eabi/9.3.1/../../../../arm-none-eabi/lib/thumb/v7-m/nofp\libc_nano.a(lib_a-malloc.o)
                0x0000000008009c50                malloc
 .text.free     0x0000000008009c60       0x10 c:/st/stm32cubeide_1.8.0/stm32cubeide/plugins/com.st.stm32cube.ide.mcu.externaltools.gnu-tools-for-stm32.9-2020-q2-update.win32_2.0.0.202105311346/tools/bin/../lib/gcc/arm-none-eabi/9.3.1/../../../../arm-none-eabi/lib/thumb/v7-m/nofp\libc_nano.a(lib_a-malloc.o)
                0x0000000008009c60                free
 .text.memchr   0x0000000008009c70       0x1c c:/st/stm32cubeide_1.8.0/stm32cubeide/plugins/com.st.stm32cube.ide.mcu.externaltools.gnu-tools-for-stm32.9-2020-q2-update.win32_2.0.0.202105311346/tools/bin/../lib/gcc/arm-none-eabi/9.3.1/../../../../arm-none-eabi/lib/thumb/v7-m/nofp\libc_nano.a(lib_a-memchr-stub.o)
                0x0000000008009c70                memchr
 .text.memcmp   0x0000000008009c8c       0x1c c:/st/stm32cubeide_1.8.0/stm32cubeide/plugins/com.st.stm32cube.ide.mcu.externaltools.gnu-tools-for-stm32.9-2020-q2-update.win32_2.0.0.202105311346/tools/bin/../lib/gcc/arm-none-eabi/9.3.1/../../../../arm-none-eabi/lib/thumb/v7-m/nofp\libc_nano.a(lib_a-memcmp.o)
                0x0000000008009c8c                memcmp
 .text.memcpy   0x0000000008009ca8       0x1c c:/st/stm32cubeide_1.8.0/stm32cubeide/plugins/com.st.stm32cube.ide.mcu.externaltools.gnu-tools-for-stm32.9-2020-q2-update.win32_2.0.0.202105311346/tools/bin/../lib/gcc/arm-none-eabi/9.3.1/../../../../arm-none-eabi/lib/thumb/v7-m/nofp\libc_nano.a(lib_a-memcpy-stub.o)
                0x0000000008009ca8                memcpy
 .text._free_r  0x0000000008009cc4       0x98 c:/st/stm32cubeide_1.8.0/stm32cubeide/plugins/com.st.stm32cube.ide.mcu.externaltools.gnu-tools-for-stm32.9-2020-q2-update.win32_2.0.0.202105311346/tools/bin/../lib/gcc/arm-none-eabi/9.3.1/../../../../arm-none-eabi/lib/thumb/v7-m/nofp\libc_nano.a(lib_a-nano-freer.o)
                0x0000000008009cc4                _free_r
 .text._malloc_r
                0x0000000008009d5c       0xb4 c:/st/stm32cubeide_1.8.0/stm32cubeide/plugins/com.st.stm32cube.ide.mcu.externaltools.gnu-tools-for-stm32.9-2020-q2-update.win32_2.0.0.202105311346/tools/bin/../lib/gcc/arm-none-eabi/9.3.1/../../../../arm-none-eabi/lib/thumb/v7-m/nofp\libc_nano.a(lib_a-nano-mallocr.o)
                0x0000000008009d5c                _malloc_r
 .text._sbrk_r  0x0000000008009e10       0x20 c:/st/stm32cubeide_1.8.0/stm32cubeide/plugins/com.st.stm32cube.ide.mcu.externaltools.gnu-tools-for-stm32.9-2020-q2-update.win32_2.0.0.202105311346/tools/bin/../lib/gcc/arm-none-eabi/9.3.1/../../../../arm-none-eabi/lib/thumb/v7-m/nofp\libc_nano.a(lib_a-sbrkr.o)
                0x0000000008009e10                _sbrk_r
 .text._raise_r
                0x0000000008009e30       0x50 c:/st/stm32cubeide_1.8.0/stm32cubeide/plugins/com.st.stm32cube.ide.mcu.externaltools.gnu-tools-for-stm32.9-2020-q2-update.win32_2.0.0.202105311346/tools/bin/../lib/gcc/arm-none-eabi/9.3.1/../../../../arm-none-eabi/lib/thumb/v7-m/nofp\libc_nano.a(lib_a-signal.o)
                0x0000000008009e30                _raise_r
 .text.raise    0x0000000008009e80       0x10 c:/st/stm32cubeide_1.8.0/stm32cubeide/plugins/com.st.stm32cube.ide.mcu.externaltools.gnu-tools-for-stm32.9-2020-q2-update.win32_2.0.0.202105311346/tools/bin/../lib/gcc/arm-none-eabi/9.3.1/../../../../arm-none-eabi/lib/thumb/v7-m/nofp\libc_nano.a(lib_a-signal.o)
                0x0000000008009e80                raise
 .text._kill_r  0x0000000008009e90       0x24 c:/st/stm32cubeide_1.8.0/stm32cubeide/plugins/com.st.stm32cube.ide.mcu.externaltools.gnu-tools-for-stm32.9-2020-q2-update.win32_2.0.0.202105311346/tools/bin/../lib/gcc/arm-none-eabi/9.3.1/../../../../arm-none-eabi/lib/thumb/v7-m/nofp\libc_nano.a(lib_a-signalr.o)
                0x0000000008009e90                _kill_r
 .text._getpid_r
                0x0000000008009eb4        0x4 c:/st/stm32cubeide_1.8.0/stm32cubeide/plugins/com.st.stm32cube.ide.mcu.externaltools.gnu-tools-for-stm32.9-2020-q2-update.win32_2.0.0.202105311346/tools/bin/../lib/gcc/arm-none-eabi/9.3.1/../../../../arm-none-eabi/lib/thumb/v7-m/nofp\libc_nano.a(lib_a-signalr.o)
                0x0000000008009eb4                _getpid_r
 .text.strcpy   0x0000000008009eb8       0x10 c:/st/stm32cubeide_1.8.0/stm32cubeide/plugins/com.st.stm32cube.ide.mcu.externaltools.gnu-tools-for-stm32.9-2020-q2-update.win32_2.0.0.202105311346/tools/bin/../lib/gcc/arm-none-eabi/9.3.1/../../../../arm-none-eabi/lib/thumb/v7-m/nofp\libc_nano.a(lib_a-strcpy.o)
                0x0000000008009eb8                strcpy
 .text._strtol_l.isra.0
                0x0000000008009ec8      0x10c c:/st/stm32cubeide_1.8.0/stm32cubeide/plugins/com.st.stm32cube.ide.mcu.externaltools.gnu-tools-for-stm32.9-2020-q2-update.win32_2.0.0.202105311346/tools/bin/../lib/gcc/arm-none-eabi/9.3.1/../../../../arm-none-eabi/lib/thumb/v7-m/nofp\libc_nano.a(lib_a-strtol.o)
 .text.strtol   0x0000000008009fd4       0x14 c:/st/stm32cubeide_1.8.0/stm32cubeide/plugins/com.st.stm32cube.ide.mcu.externaltools.gnu-tools-for-stm32.9-2020-q2-update.win32_2.0.0.202105311346/tools/bin/../lib/gcc/arm-none-eabi/9.3.1/../../../../arm-none-eabi/lib/thumb/v7-m/nofp\libc_nano.a(lib_a-strtol.o)
                0x0000000008009fd4                strtol
 .text.__utoa   0x0000000008009fe8       0x84 c:/st/stm32cubeide_1.8.0/stm32cubeide/plugins/com.st.stm32cube.ide.mcu.externaltools.gnu-tools-for-stm32.9-2020-q2-update.win32_2.0.0.202105311346/tools/bin/../lib/gcc/arm-none-eabi/9.3.1/../../../../arm-none-eabi/lib/thumb/v7-m/nofp\libc_nano.a(lib_a-utoa.o)
                0x0000000008009fe8                __utoa
 .text.__malloc_lock
                0x000000000800a06c        0xc c:/st/stm32cubeide_1.8.0/stm32cubeide/plugins/com.st.stm32cube.ide.mcu.externaltools.gnu-tools-for-stm32.9-2020-q2-update.win32_2.0.0.202105311346/tools/bin/../lib/gcc/arm-none-eabi/9.3.1/../../../../arm-none-eabi/lib/thumb/v7-m/nofp\libc_nano.a(lib_a-mlock.o)
                0x000000000800a06c                __malloc_lock
 .text.__malloc_unlock
                0x000000000800a078        0xc c:/st/stm32cubeide_1.8.0/stm32cubeide/plugins/com.st.stm32cube.ide.mcu.externaltools.gnu-tools-for-stm32.9-2020-q2-update.win32_2.0.0.202105311346/tools/bin/../lib/gcc/arm-none-eabi/9.3.1/../../../../arm-none-eabi/lib/thumb/v7-m/nofp\libc_nano.a(lib_a-mlock.o)
                0x000000000800a078                __malloc_unlock
 .text.__retarget_lock_acquire_recursive
                0x000000000800a084        0x2 c:/st/stm32cubeide_1.8.0/stm32cubeide/plugins/com.st.stm32cube.ide.mcu.externaltools.gnu-tools-for-stm32.9-2020-q2-update.win32_2.0.0.202105311346/tools/bin/../lib/gcc/arm-none-eabi/9.3.1/../../../../arm-none-eabi/lib/thumb/v7-m/nofp\libc_nano.a(lib_a-lock.o)
                0x000000000800a084                __retarget_lock_acquire_recursive
 .text.__retarget_lock_release_recursive
                0x000000000800a086        0x2 c:/st/stm32cubeide_1.8.0/stm32cubeide/plugins/com.st.stm32cube.ide.mcu.externaltools.gnu-tools-for-stm32.9-2020-q2-update.win32_2.0.0.202105311346/tools/bin/../lib/gcc/arm-none-eabi/9.3.1/../../../../arm-none-eabi/lib/thumb/v7-m/nofp\libc_nano.a(lib_a-lock.o)
                0x000000000800a086                __retarget_lock_release_recursive
 *(.glue_7)
 .glue_7        0x000000000800a088        0x0 linker stubs
 *(.glue_7t)
 .glue_7t       0x000000000800a088        0x0 linker stubs
 *(.eh_frame)
 .eh_frame      0x000000000800a088        0x0 c:/st/stm32cubeide_1.8.0/stm32cubeide/plugins/com.st.stm32cube.ide.mcu.externaltools.gnu-tools-for-stm32.9-2020-q2-update.win32_2.0.0.202105311346/tools/bin/../lib/gcc/arm-none-eabi/9.3.1/thumb/v7-m/nofp/crtbegin.o
 *(.init)
 .init          0x000000000800a088        0x4 c:/st/stm32cubeide_1.8.0/stm32cubeide/plugins/com.st.stm32cube.ide.mcu.externaltools.gnu-tools-for-stm32.9-2020-q2-update.win32_2.0.0.202105311346/tools/bin/../lib/gcc/arm-none-eabi/9.3.1/thumb/v7-m/nofp/crti.o
                0x000000000800a088                _init
 .init          0x000000000800a08c        0x8 c:/st/stm32cubeide_1.8.0/stm32cubeide/plugins/com.st.stm32cube.ide.mcu.externaltools.gnu-tools-for-stm32.9-2020-q2-update.win32_2.0.0.202105311346/tools/bin/../lib/gcc/arm-none-eabi/9.3.1/thumb/v7-m/nofp/crtn.o
 *(.fini)
 .fini          0x000000000800a094        0x4 c:/st/stm32cubeide_1.8.0/stm32cubeide/plugins/com.st.stm32cube.ide.mcu.externaltools.gnu-tools-for-stm32.9-2020-q2-update.win32_2.0.0.202105311346/tools/bin/../lib/gcc/arm-none-eabi/9.3.1/thumb/v7-m/nofp/crti.o
                0x000000000800a094                _fini
 .fini          0x000000000800a098        0x8 c:/st/stm32cubeide_1.8.0/stm32cubeide/plugins/com.st.stm32cube.ide.mcu.externaltools.gnu-tools-for-stm32.9-2020-q2-update.win32_2.0.0.202105311346/tools/bin/../lib/gcc/arm-none-eabi/9.3.1/thumb/v7-m/nofp/crtn.o
                0x000000000800a0a0                . = ALIGN (0x4)
                0x000000000800a0a0                _etext = .

.vfp11_veneer   0x000000000800a0a0        0x0
 .vfp11_veneer  0x000000000800a0a0        0x0 linker stubs

.v4_bx          0x000000000800a0a0        0x0
 .v4_bx         0x000000000800a0a0        0x0 linker stubs

.iplt           0x000000000800a0a0        0x0
 .iplt          0x000000000800a0a0        0x0 c:/st/stm32cubeide_1.8.0/stm32cubeide/plugins/com.st.stm32cube.ide.mcu.externaltools.gnu-tools-for-stm32.9-2020-q2-update.win32_2.0.0.202105311346/tools/bin/../lib/gcc/arm-none-eabi/9.3.1/thumb/v7-m/nofp/crtbegin.o

.rodata         0x000000000800a0a0      0x614
                0x000000000800a0a0                . = ALIGN (0x4)
 *(.rodata)
 *(.rodata*)
 .rodata._Z3MsgNSt7__cxx1112basic_stringIcSt11char_traitsIcESaIcEEE.str1.4
                0x000000000800a0a0       0x15 ./Core/Src/def.o
                                         0x1b (size before relaxing)
 *fill*         0x000000000800a0b5        0x3 
 .rodata._ZNSt7__cxx1112basic_stringIcSt11char_traitsIcESaIcEE12_M_constructIPKcEEvT_S8_St20forward_iterator_tag.str1.4
                0x000000000800a0b8       0x2a ./Core/Src/def.o
 *fill*         0x000000000800a0e2        0x2 
 .rodata._Z8SolenoidP12GPIO_TypeDefthPKc.str1.4
                0x000000000800a0e4        0x5 ./Core/Src/def.o
 *fill*         0x000000000800a0e9        0x3 
 .rodata._Z9TestInputv.str1.4
                0x000000000800a0ec       0x7a ./Core/Src/def.o
 *fill*         0x000000000800a166        0x2 
 .rodata._Z23convertCommandToIntListRNSt7__cxx1112basic_stringIcSt11char_traitsIcESaIcEEEPi.str1.4
                0x000000000800a168       0x71 ./Core/Src/def.o
                                         0x77 (size before relaxing)
 *fill*         0x000000000800a1d9        0x3 
 .rodata._Z17WaitForOptoStatushhtPKc.str1.4
                0x000000000800a1dc       0x26 ./Core/Src/def.o
 *fill*         0x000000000800a202        0x2 
 .rodata._Z12RunStepMotorihmahtPKc.str1.4
                0x000000000800a204       0x4b ./Core/Src/def.o
 *fill*         0x000000000800a24f        0x1 
 .rodata._Z9PrintFotov.str1.4
                0x000000000800a250       0x17 ./Core/Src/def.o
 *fill*         0x000000000800a267        0x1 
 .rodata._Z8RunMotorP12GPIO_TypeDeftS0_ttlsahtPKc.str1.4
                0x000000000800a268       0x4b ./Core/Src/def.o
 *fill*         0x000000000800a2b3        0x1 
 .rodata._Z7MagnFrvv.str1.4
                0x000000000800a2b4        0x3 ./Core/Src/def.o
 *fill*         0x000000000800a2b7        0x1 
 .rodata._Z7InitDevv.str1.4
                0x000000000800a2b8        0x3 ./Core/Src/def.o
 *fill*         0x000000000800a2bb        0x1 
 .rodata._Z9Main_functhh.str1.4
                0x000000000800a2bc       0x28 ./Core/Src/def.o
 .rodata._Z14executeCommandNSt7__cxx1112basic_stringIcSt11char_traitsIcESaIcEEE.str1.4
                0x000000000800a2e4      0x186 ./Core/Src/def.o
 *fill*         0x000000000800a46a        0x2 
 .rodata.main.str1.4
                0x000000000800a46c       0x22 ./Core/Src/main.o
 *fill*         0x000000000800a48e        0x2 
 .rodata.AHBPrescTable
                0x000000000800a490       0x10 ./Core/Src/system_stm32f1xx.o
                0x000000000800a490                AHBPrescTable
 .rodata.APBPrescTable
                0x000000000800a4a0        0x8 ./Core/Src/system_stm32f1xx.o
                0x000000000800a4a0                APBPrescTable
 .rodata.HAL_RCC_GetSysClockFreq.str1.4
                0x000000000800a4a8       0x11 ./Drivers/STM32F1xx_HAL_Driver/Src/stm32f1xx_hal_rcc.o
 .rodata.HAL_RCCEx_GetPeriphCLKFreq.str1.4
                0x000000000800a4b9       0x11 ./Drivers/STM32F1xx_HAL_Driver/Src/stm32f1xx_hal_rcc_ex.o
 *fill*         0x000000000800a4b9        0x3 
 .rodata.USBD_FS_ProductStrDescriptor.str1.4
                0x000000000800a4bc       0x16 ./USB_DEVICE/App/usbd_desc.o
 *fill*         0x000000000800a4d2        0x2 
 .rodata.USBD_FS_ManufacturerStrDescriptor.str1.4
                0x000000000800a4d4       0x13 ./USB_DEVICE/App/usbd_desc.o
 *fill*         0x000000000800a4e7        0x1 
 .rodata.USBD_FS_ConfigStrDescriptor.str1.4
                0x000000000800a4e8        0xb ./USB_DEVICE/App/usbd_desc.o
 *fill*         0x000000000800a4f3        0x1 
 .rodata.USBD_FS_InterfaceStrDescriptor.str1.4
                0x000000000800a4f4        0xe ./USB_DEVICE/App/usbd_desc.o
 .rodata._ZN9__gnu_cxx26__throw_insufficient_spaceEPKcS1_.str1.1
                0x000000000800a502       0x69 c:/st/stm32cubeide_1.8.0/stm32cubeide/plugins/com.st.stm32cube.ide.mcu.externaltools.gnu-tools-for-stm32.9-2020-q2-update.win32_2.0.0.202105311346/tools/bin/../lib/gcc/arm-none-eabi/9.3.1/../../../../arm-none-eabi/lib/thumb/v7-m/nofp\libstdc++_nano.a(snprintf_lite.o)
 .rodata._ZN9__gnu_cxx15__concat_size_tEPcjj.str1.1
                0x000000000800a56b        0xb c:/st/stm32cubeide_1.8.0/stm32cubeide/plugins/com.st.stm32cube.ide.mcu.externaltools.gnu-tools-for-stm32.9-2020-q2-update.win32_2.0.0.202105311346/tools/bin/../lib/gcc/arm-none-eabi/9.3.1/../../../../arm-none-eabi/lib/thumb/v7-m/nofp\libstdc++_nano.a(snprintf_lite.o)
 .rodata._ZNSt7__cxx1112basic_stringIcSt11char_traitsIcESaIcEE9_M_createERjj.str1.1
                0x000000000800a576       0x18 c:/st/stm32cubeide_1.8.0/stm32cubeide/plugins/com.st.stm32cube.ide.mcu.externaltools.gnu-tools-for-stm32.9-2020-q2-update.win32_2.0.0.202105311346/tools/bin/../lib/gcc/arm-none-eabi/9.3.1/../../../../arm-none-eabi/lib/thumb/v7-m/nofp\libstdc++_nano.a(string-inst.o)
 .rodata.__utoa.str1.1
                0x000000000800a58e       0x25 c:/st/stm32cubeide_1.8.0/stm32cubeide/plugins/com.st.stm32cube.ide.mcu.externaltools.gnu-tools-for-stm32.9-2020-q2-update.win32_2.0.0.202105311346/tools/bin/../lib/gcc/arm-none-eabi/9.3.1/../../../../arm-none-eabi/lib/thumb/v7-m/nofp\libc_nano.a(lib_a-utoa.o)
 .rodata._ctype_
                0x000000000800a5b3      0x101 c:/st/stm32cubeide_1.8.0/stm32cubeide/plugins/com.st.stm32cube.ide.mcu.externaltools.gnu-tools-for-stm32.9-2020-q2-update.win32_2.0.0.202105311346/tools/bin/../lib/gcc/arm-none-eabi/9.3.1/../../../../arm-none-eabi/lib/thumb/v7-m/nofp\libc_nano.a(lib_a-ctype_.o)
                0x000000000800a5b3                _ctype_
                0x000000000800a6b4                . = ALIGN (0x4)

.rel.dyn        0x000000000800a6b4        0x0
 .rel.iplt      0x000000000800a6b4        0x0 c:/st/stm32cubeide_1.8.0/stm32cubeide/plugins/com.st.stm32cube.ide.mcu.externaltools.gnu-tools-for-stm32.9-2020-q2-update.win32_2.0.0.202105311346/tools/bin/../lib/gcc/arm-none-eabi/9.3.1/thumb/v7-m/nofp/crtbegin.o

.ARM.extab      0x000000000800a6b4        0x0
                0x000000000800a6b4                . = ALIGN (0x4)
 *(.ARM.extab* .gnu.linkonce.armextab.*)
                0x000000000800a6b4                . = ALIGN (0x4)

.ARM            0x000000000800a6b4        0x0
                0x000000000800a6b4                . = ALIGN (0x4)
                0x000000000800a6b4                __exidx_start = .
 *(.ARM.exidx*)
                0x000000000800a6b4                __exidx_end = .
                0x000000000800a6b4                . = ALIGN (0x4)

.preinit_array  0x000000000800a6b4        0x0
                0x000000000800a6b4                . = ALIGN (0x4)
                0x000000000800a6b4                PROVIDE (__preinit_array_start = .)
 *(.preinit_array*)
                0x000000000800a6b4                PROVIDE (__preinit_array_end = .)
                0x000000000800a6b4                . = ALIGN (0x4)

.init_array     0x000000000800a6b4        0x8
                0x000000000800a6b4                . = ALIGN (0x4)
                0x000000000800a6b4                PROVIDE (__init_array_start = .)
 *(SORT_BY_NAME(.init_array.*))
 *(.init_array*)