Archive member included to satisfy reference by file (symbol)

c:/st/stm32cubeide_1.6.1/stm32cubeide/plugins/com.st.stm32cube.ide.mcu.externaltools.gnu-tools-for-stm32.9-2020-q2-update.win32_2.0.0.202105311346/tools/bin/../lib/gcc/arm-none-eabi/9.3.1/../../../../arm-none-eabi/lib/thumb/v7-m/nofp\libstdc++_nano.a(del_op.o)
                              ./Core/Src/def.o (operator delete(void*))
c:/st/stm32cubeide_1.6.1/stm32cubeide/plugins/com.st.stm32cube.ide.mcu.externaltools.gnu-tools-for-stm32.9-2020-q2-update.win32_2.0.0.202105311346/tools/bin/../lib/gcc/arm-none-eabi/9.3.1/../../../../arm-none-eabi/lib/thumb/v7-m/nofp\libstdc++_nano.a(functexcept.o)
                              ./Core/Src/def.o (std::__throw_logic_error(char const*))
c:/st/stm32cubeide_1.6.1/stm32cubeide/plugins/com.st.stm32cube.ide.mcu.externaltools.gnu-tools-for-stm32.9-2020-q2-update.win32_2.0.0.202105311346/tools/bin/../lib/gcc/arm-none-eabi/9.3.1/../../../../arm-none-eabi/lib/thumb/v7-m/nofp\libstdc++_nano.a(snprintf_lite.o)
                              c:/st/stm32cubeide_1.6.1/stm32cubeide/plugins/com.st.stm32cube.ide.mcu.externaltools.gnu-tools-for-stm32.9-2020-q2-update.win32_2.0.0.202105311346/tools/bin/../lib/gcc/arm-none-eabi/9.3.1/../../../../arm-none-eabi/lib/thumb/v7-m/nofp\libstdc++_nano.a(functexcept.o) (__gnu_cxx::__snprintf_lite(char*, unsigned int, char const*, std::__va_list))
c:/st/stm32cubeide_1.6.1/stm32cubeide/plugins/com.st.stm32cube.ide.mcu.externaltools.gnu-tools-for-stm32.9-2020-q2-update.win32_2.0.0.202105311346/tools/bin/../lib/gcc/arm-none-eabi/9.3.1/../../../../arm-none-eabi/lib/thumb/v7-m/nofp\libstdc++_nano.a(string-inst.o)
                              ./Core/Src/def.o (std::__cxx11::basic_string<char, std::char_traits<char>, std::allocator<char> >::_M_create(unsigned int&, unsigned int))
c:/st/stm32cubeide_1.6.1/stm32cubeide/plugins/com.st.stm32cube.ide.mcu.externaltools.gnu-tools-for-stm32.9-2020-q2-update.win32_2.0.0.202105311346/tools/bin/../lib/gcc/arm-none-eabi/9.3.1/../../../../arm-none-eabi/lib/thumb/v7-m/nofp\libstdc++_nano.a(new_op.o)
                              c:/st/stm32cubeide_1.6.1/stm32cubeide/plugins/com.st.stm32cube.ide.mcu.externaltools.gnu-tools-for-stm32.9-2020-q2-update.win32_2.0.0.202105311346/tools/bin/../lib/gcc/arm-none-eabi/9.3.1/../../../../arm-none-eabi/lib/thumb/v7-m/nofp\libstdc++_nano.a(string-inst.o) (operator new(unsigned int))
c:/st/stm32cubeide_1.6.1/stm32cubeide/plugins/com.st.stm32cube.ide.mcu.externaltools.gnu-tools-for-stm32.9-2020-q2-update.win32_2.0.0.202105311346/tools/bin/../lib/gcc/arm-none-eabi/9.3.1/../../../../arm-none-eabi/lib/thumb/v7-m/nofp\libstdc++_nano.a(new_handler.o)
                              c:/st/stm32cubeide_1.6.1/stm32cubeide/plugins/com.st.stm32cube.ide.mcu.externaltools.gnu-tools-for-stm32.9-2020-q2-update.win32_2.0.0.202105311346/tools/bin/../lib/gcc/arm-none-eabi/9.3.1/../../../../arm-none-eabi/lib/thumb/v7-m/nofp\libstdc++_nano.a(new_op.o) (std::get_new_handler())
c:/st/stm32cubeide_1.6.1/stm32cubeide/plugins/com.st.stm32cube.ide.mcu.externaltools.gnu-tools-for-stm32.9-2020-q2-update.win32_2.0.0.202105311346/tools/bin/../lib/gcc/arm-none-eabi/9.3.1/../../../../arm-none-eabi/lib/thumb/v7-m/nofp\libc_nano.a(lib_a-abort.o)
                              c:/st/stm32cubeide_1.6.1/stm32cubeide/plugins/com.st.stm32cube.ide.mcu.externaltools.gnu-tools-for-stm32.9-2020-q2-update.win32_2.0.0.202105311346/tools/bin/../lib/gcc/arm-none-eabi/9.3.1/../../../../arm-none-eabi/lib/thumb/v7-m/nofp\libstdc++_nano.a(functexcept.o) (abort)
c:/st/stm32cubeide_1.6.1/stm32cubeide/plugins/com.st.stm32cube.ide.mcu.externaltools.gnu-tools-for-stm32.9-2020-q2-update.win32_2.0.0.202105311346/tools/bin/../lib/gcc/arm-none-eabi/9.3.1/../../../../arm-none-eabi/lib/thumb/v7-m/nofp\libc_nano.a(lib_a-errno.o)
                              ./Core/Src/def.o (__errno)
c:/st/stm32cubeide_1.6.1/stm32cubeide/plugins/com.st.stm32cube.ide.mcu.externaltools.gnu-tools-for-stm32.9-2020-q2-update.win32_2.0.0.202105311346/tools/bin/../lib/gcc/arm-none-eabi/9.3.1/../../../../arm-none-eabi/lib/thumb/v7-m/nofp\libc_nano.a(lib_a-exit.o)
                              c:/st/stm32cubeide_1.6.1/stm32cubeide/plugins/com.st.stm32cube.ide.mcu.externaltools.gnu-tools-for-stm32.9-2020-q2-update.win32_2.0.0.202105311346/tools/bin/../lib/gcc/arm-none-eabi/9.3.1/../../../../arm-none-eabi/lib/thumb/v7-m/nofp/crt0.o (exit)
c:/st/stm32cubeide_1.6.1/stm32cubeide/plugins/com.st.stm32cube.ide.mcu.externaltools.gnu-tools-for-stm32.9-2020-q2-update.win32_2.0.0.202105311346/tools/bin/../lib/gcc/arm-none-eabi/9.3.1/../../../../arm-none-eabi/lib/thumb/v7-m/nofp\libc_nano.a(lib_a-impure.o)
                              c:/st/stm32cubeide_1.6.1/stm32cubeide/plugins/com.st.stm32cube.ide.mcu.externaltools.gnu-tools-for-stm32.9-2020-q2-update.win32_2.0.0.202105311346/tools/bin/../lib/gcc/arm-none-eabi/9.3.1/../../../../arm-none-eabi/lib/thumb/v7-m/nofp\libc_nano.a(lib_a-exit.o) (_global_impure_ptr)
[...]
Memory Configuration

Name             Origin             Length             Attributes
RAM              0x0000000020000000 0x0000000000005000 xrw
FLASH            0x0000000008000000 0x0000000000010000 xr
*default*        0x0000000000000000 0xffffffffffffffff

Linker script and memory map

LOAD c:/st/stm32cubeide_1.6.1/stm32cubeide/plugins/com.st.stm32cube.ide.mcu.externaltools.gnu-tools-for-stm32.9-2020-q2-update.win32_2.0.0.202105311346/tools/bin/../lib/gcc/arm-none-eabi/9.3.1/thumb/v7-m/nofp/crti.o
LOAD c:/st/stm32cubeide_1.6.1/stm32cubeide/plugins/com.st.stm32cube.ide.mcu.externaltools.gnu-tools-for-stm32.9-2020-q2-update.win32_2.0.0.202105311346/tools/bin/../lib/gcc/arm-none-eabi/9.3.1/thumb/v7-m/nofp/crtbegin.o
LOAD c:/st/stm32cubeide_1.6.1/stm32cubeide/plugins/com.st.stm32cube.ide.mcu.externaltools.gnu-tools-for-stm32.9-2020-q2-update.win32_2.0.0.202105311346/tools/bin/../lib/gcc/arm-none-eabi/9.3.1/../../../../arm-none-eabi/lib/thumb/v7-m/nofp/crt0.o
LOAD ./Core/Src/def.o
LOAD ./Core/Src/main.o
LOAD ./Core/Src/stm32f1xx_hal_msp.o
LOAD ./Core/Src/stm32f1xx_it.o
LOAD ./Core/Src/syscalls.o
LOAD ./Core/Src/sysmem.o
LOAD ./Core/Src/system_stm32f1xx.o
LOAD ./Core/Startup/startup_stm32f103c8tx.o
LOAD ./Drivers/STM32F1xx_HAL_Driver/Src/stm32f1xx_hal.o
LOAD ./Drivers/STM32F1xx_HAL_Driver/Src/stm32f1xx_hal_adc.o
LOAD ./Drivers/STM32F1xx_HAL_Driver/Src/stm32f1xx_hal_adc_ex.o
LOAD ./Drivers/STM32F1xx_HAL_Driver/Src/stm32f1xx_hal_cortex.o
LOAD ./Drivers/STM32F1xx_HAL_Driver/Src/stm32f1xx_hal_dma.o
LOAD ./Drivers/STM32F1xx_HAL_Driver/Src/stm32f1xx_hal_exti.o
LOAD ./Drivers/STM32F1xx_HAL_Driver/Src/stm32f1xx_hal_flash.o
LOAD ./Drivers/STM32F1xx_HAL_Driver/Src/stm32f1xx_hal_flash_ex.o
LOAD ./Drivers/STM32F1xx_HAL_Driver/Src/stm32f1xx_hal_gpio.o
LOAD ./Drivers/STM32F1xx_HAL_Driver/Src/stm32f1xx_hal_gpio_ex.o
LOAD ./Drivers/STM32F1xx_HAL_Driver/Src/stm32f1xx_hal_i2c.o
LOAD ./Drivers/STM32F1xx_HAL_Driver/Src/stm32f1xx_hal_pcd.o
LOAD ./Drivers/STM32F1xx_HAL_Driver/Src/stm32f1xx_hal_pcd_ex.o
LOAD ./Drivers/STM32F1xx_HAL_Driver/Src/stm32f1xx_hal_pwr.o
LOAD ./Drivers/STM32F1xx_HAL_Driver/Src/stm32f1xx_hal_rcc.o
LOAD ./Drivers/STM32F1xx_HAL_Driver/Src/stm32f1xx_hal_rcc_ex.o
LOAD ./Drivers/STM32F1xx_HAL_Driver/Src/stm32f1xx_hal_tim.o
LOAD ./Drivers/STM32F1xx_HAL_Driver/Src/stm32f1xx_hal_tim_ex.o
LOAD ./Drivers/STM32F1xx_HAL_Driver/Src/stm32f1xx_ll_usb.o
LOAD ./Middlewares/ST/STM32_USB_Device_Library/Class/CDC/Src/usbd_cdc.o
LOAD ./Middlewares/ST/STM32_USB_Device_Library/Core/Src/usbd_core.o
LOAD ./Middlewares/ST/STM32_USB_Device_Library/Core/Src/usbd_ctlreq.o
LOAD ./Middlewares/ST/STM32_USB_Device_Library/Core/Src/usbd_ioreq.o
LOAD ./USB_DEVICE/App/usb_device.o
LOAD ./USB_DEVICE/App/usbd_cdc_if.o
LOAD ./USB_DEVICE/App/usbd_desc.o
LOAD ./USB_DEVICE/Target/usbd_conf.o
START GROUP
LOAD c:/st/stm32cubeide_1.6.1/stm32cubeide/plugins/com.st.stm32cube.ide.mcu.externaltools.gnu-tools-for-stm32.9-2020-q2-update.win32_2.0.0.202105311346/tools/bin/../lib/gcc/arm-none-eabi/9.3.1/../../../../arm-none-eabi/lib/thumb/v7-m/nofp\libstdc++_nano.a
LOAD c:/st/stm32cubeide_1.6.1/stm32cubeide/plugins/com.st.stm32cube.ide.mcu.externaltools.gnu-tools-for-stm32.9-2020-q2-update.win32_2.0.0.202105311346/tools/bin/../lib/gcc/arm-none-eabi/9.3.1/../../../../arm-none-eabi/lib/thumb/v7-m/nofp\libsupc++_nano.a
END GROUP
LOAD c:/st/stm32cubeide_1.6.1/stm32cubeide/plugins/com.st.stm32cube.ide.mcu.externaltools.gnu-tools-for-stm32.9-2020-q2-update.win32_2.0.0.202105311346/tools/bin/../lib/gcc/arm-none-eabi/9.3.1/../../../../arm-none-eabi/lib/thumb/v7-m/nofp\libstdc++_nano.a
LOAD c:/st/stm32cubeide_1.6.1/stm32cubeide/plugins/com.st.stm32cube.ide.mcu.externaltools.gnu-tools-for-stm32.9-2020-q2-update.win32_2.0.0.202105311346/tools/bin/../lib/gcc/arm-none-eabi/9.3.1/../../../../arm-none-eabi/lib/thumb/v7-m/nofp\libm.a
LOAD c:/st/stm32cubeide_1.6.1/stm32cubeide/plugins/com.st.stm32cube.ide.mcu.externaltools.gnu-tools-for-stm32.9-2020-q2-update.win32_2.0.0.202105311346/tools/bin/../lib/gcc/arm-none-eabi/9.3.1/../../../../arm-none-eabi/lib/thumb/v7-m/nofp\libc_nano.a
START GROUP
LOAD c:/st/stm32cubeide_1.6.1/stm32cubeide/plugins/com.st.stm32cube.ide.mcu.externaltools.gnu-tools-for-stm32.9-2020-q2-update.win32_2.0.0.202105311346/tools/bin/../lib/gcc/arm-none-eabi/9.3.1/thumb/v7-m/nofp\libgcc.a
LOAD c:/st/stm32cubeide_1.6.1/stm32cubeide/plugins/com.st.stm32cube.ide.mcu.externaltools.gnu-tools-for-stm32.9-2020-q2-update.win32_2.0.0.202105311346/tools/bin/../lib/gcc/arm-none-eabi/9.3.1/../../../../arm-none-eabi/lib/thumb/v7-m/nofp\libc_nano.a
END GROUP
START GROUP
LOAD c:/st/stm32cubeide_1.6.1/stm32cubeide/plugins/com.st.stm32cube.ide.mcu.externaltools.gnu-tools-for-stm32.9-2020-q2-update.win32_2.0.0.202105311346/tools/bin/../lib/gcc/arm-none-eabi/9.3.1/thumb/v7-m/nofp\libgcc.a
LOAD c:/st/stm32cubeide_1.6.1/stm32cubeide/plugins/com.st.stm32cube.ide.mcu.externaltools.gnu-tools-for-stm32.9-2020-q2-update.win32_2.0.0.202105311346/tools/bin/../lib/gcc/arm-none-eabi/9.3.1/../../../../arm-none-eabi/lib/thumb/v7-m/nofp\libc_nano.a
LOAD c:/st/stm32cubeide_1.6.1/stm32cubeide/plugins/com.st.stm32cube.ide.mcu.externaltools.gnu-tools-for-stm32.9-2020-q2-update.win32_2.0.0.202105311346/tools/bin/../lib/gcc/arm-none-eabi/9.3.1/../../../../arm-none-eabi/lib/thumb/v7-m/nofp\libnosys.a
END GROUP
START GROUP
LOAD c:/st/stm32cubeide_1.6.1/stm32cubeide/plugins/com.st.stm32cube.ide.mcu.externaltools.gnu-tools-for-stm32.9-2020-q2-update.win32_2.0.0.202105311346/tools/bin/../lib/gcc/arm-none-eabi/9.3.1/thumb/v7-m/nofp\libgcc.a
LOAD c:/st/stm32cubeide_1.6.1/stm32cubeide/plugins/com.st.stm32cube.ide.mcu.externaltools.gnu-tools-for-stm32.9-2020-q2-update.win32_2.0.0.202105311346/tools/bin/../lib/gcc/arm-none-eabi/9.3.1/../../../../arm-none-eabi/lib/thumb/v7-m/nofp\libc_nano.a
LOAD c:/st/stm32cubeide_1.6.1/stm32cubeide/plugins/com.st.stm32cube.ide.mcu.externaltools.gnu-tools-for-stm32.9-2020-q2-update.win32_2.0.0.202105311346/tools/bin/../lib/gcc/arm-none-eabi/9.3.1/../../../../arm-none-eabi/lib/thumb/v7-m/nofp\libnosys.a
END GROUP
LOAD c:/st/stm32cubeide_1.6.1/stm32cubeide/plugins/com.st.stm32cube.ide.mcu.externaltools.gnu-tools-for-stm32.9-2020-q2-update.win32_2.0.0.202105311346/tools/bin/../lib/gcc/arm-none-eabi/9.3.1/thumb/v7-m/nofp/crtend.o
LOAD c:/st/stm32cubeide_1.6.1/stm32cubeide/plugins/com.st.stm32cube.ide.mcu.externaltools.gnu-tools-for-stm32.9-2020-q2-update.win32_2.0.0.202105311346/tools/bin/../lib/gcc/arm-none-eabi/9.3.1/thumb/v7-m/nofp/crtn.o
                0x0000000020005000                _estack = (ORIGIN (RAM) + LENGTH (RAM))
                0x0000000000000200                _Min_Heap_Size = 0x200
                0x0000000000000400                _Min_Stack_Size = 0x400

.isr_vector     0x0000000008000000      0x10c
                0x0000000008000000                . = ALIGN (0x4)
 *(.isr_vector)
 .isr_vector    0x0000000008000000      0x10c ./Core/Startup/startup_stm32f103c8tx.o
                0x0000000008000000                g_pfnVectors
                0x000000000800010c                . = ALIGN (0x4)

.text           0x000000000800010c     0x94a0
                0x000000000800010c                . = ALIGN (0x4)
 *(.text)
 .text          0x000000000800010c       0x40 c:/st/stm32cubeide_1.6.1/stm32cubeide/plugins/com.st.stm32cube.ide.mcu.externaltools.gnu-tools-for-stm32.9-2020-q2-update.win32_2.0.0.202105311346/tools/bin/../lib/gcc/arm-none-eabi/9.3.1/thumb/v7-m/nofp/crtbegin.o
 .text          0x000000000800014c       0x10 c:/st/stm32cubeide_1.6.1/stm32cubeide/plugins/com.st.stm32cube.ide.mcu.externaltools.gnu-tools-for-stm32.9-2020-q2-update.win32_2.0.0.202105311346/tools/bin/../lib/gcc/arm-none-eabi/9.3.1/../../../../arm-none-eabi/lib/thumb/v7-m/nofp\libc_nano.a(lib_a-strlen.o)
                0x000000000800014c                strlen
 *(.text*)
 .text._Z41__static_initialization_and_destruction_0ii
                0x000000000800015c       0x50 ./Core/Src/def.o
 .text._Z9StopMotorP12GPIO_TypeDeftS0_t
                0x00000000080001ac       0x18 ./Core/Src/def.o
                0x00000000080001ac                StopMotor(GPIO_TypeDef*, unsigned short, GPIO_TypeDef*, unsigned short)
 .text._Z8PortReadP17I2C_HandleTypeDefhPh
                0x00000000080001c4       0x2a ./Core/Src/def.o
                0x00000000080001c4                PortRead(I2C_HandleTypeDef*, unsigned char, unsigned char*)
 *fill*         0x00000000080001ee        0x2 
 .text._Z7ArreyRxNSt7__cxx1112basic_stringIcSt11char_traitsIcESaIcEEE
                0x00000000080001f0       0x40 ./Core/Src/def.o
                0x00000000080001f0                ArreyRx(std::__cxx11::basic_string<char, std::char_traits<char>, std::allocator<char> >)
 .text._Z7InitDevv
                0x0000000008000230       0xb4 ./Core/Src/def.o
                0x0000000008000230                InitDev()
 .text._Z3MsgNSt7__cxx1112basic_stringIcSt11char_traitsIcESaIcEEE
                0x00000000080002e4       0x58 ./Core/Src/def.o
                0x00000000080002e4                Msg(std::__cxx11::basic_string<char, std::char_traits<char>, std::allocator<char> >)
 .text._ZN9__gnu_cxx6__stoaIlicJiEEET0_PFT_PKT1_PPS3_DpT2_EPKcS5_PjS9_
                0x000000000800033c       0x62 ./Core/Src/def.o
                0x000000000800033c                int __gnu_cxx::__stoa<long, int, char, int>(long (*)(char const*, char**, int), char const*, char const*, unsigned int*, int)
 *fill*         0x000000000800039e        0x2 
 .text._ZNSt7__cxx1112basic_stringIcSt11char_traitsIcESaIcEE12_M_constructIPKcEEvT_S8_St20forward_iterator_tag
                0x00000000080003a0       0x58 ./Core/Src/def.o
                0x00000000080003a0                void std::__cxx11::basic_string<char, std::char_traits<char>, std::allocator<char> >::_M_construct<char const*>(char const*, char const*, std::forward_iterator_tag)
 .text._Z8WriteMtkPKc
                0x00000000080003f8       0x40 ./Core/Src/def.o
                0x00000000080003f8                WriteMtk(char const*)
 .text._Z8SolenoidP12GPIO_TypeDefthPKc
                0x0000000008000438       0x34 ./Core/Src/def.o
                0x0000000008000438                Solenoid(GPIO_TypeDef*, unsigned short, unsigned char, char const*)
 .text._Z17WaitForOptoStatushhhPKc
                0x000000000800046c       0xc4 ./Core/Src/def.o
                0x000000000800046c                WaitForOptoStatus(unsigned char, unsigned char, unsigned char, char const*)
 .text._Z8RunMotorP12GPIO_TypeDeftS0_ttlsahtPKc
                0x0000000008000530      0x204 ./Core/Src/def.o
                0x0000000008000530                RunMotor(GPIO_TypeDef*, unsigned short, GPIO_TypeDef*, unsigned short, unsigned short, long, short, signed char, unsigned char, unsigned short, char const*)
 .text._Z7MagnFrvv
                0x0000000008000734       0x4c ./Core/Src/def.o
                0x0000000008000734                MagnFrv()
 .text._Z12RunStepMotorihmahtPKc
                0x0000000008000780      0x228 ./Core/Src/def.o
                0x0000000008000780                RunStepMotor(int, unsigned char, unsigned long, signed char, unsigned char, unsigned short, char const*)
 .text._Z9PrintFotov
                0x00000000080009a8       0x38 ./Core/Src/def.o
                0x00000000080009a8                PrintFoto()
 .text._ZNSt7__cxx1112basic_stringIcSt11char_traitsIcESaIcEE12_M_constructIPcEEvT_S7_St20forward_iterator_tag
                0x00000000080009e0       0x58 ./Core/Src/def.o
                0x00000000080009e0                void std::__cxx11::basic_string<char, std::char_traits<char>, std::allocator<char> >::_M_construct<char*>(char*, char*, std::forward_iterator_tag)
 .text._Z23convertCommandToIntListRNSt7__cxx1112basic_stringIcSt11char_traitsIcESaIcEEEPt
                0x0000000008000a38      0x278 ./Core/Src/def.o
                0x0000000008000a38                convertCommandToIntList(std::__cxx11::basic_string<char, std::char_traits<char>, std::allocator<char> >&, unsigned short*)
 .text._Z6Msginti
                0x0000000008000cb0       0x5e ./Core/Src/def.o
                0x0000000008000cb0                Msgint(int)
 *fill*         0x0000000008000d0e        0x2 
 .text._Z9Main_functhh
                0x0000000008000d10      0x4e8 ./Core/Src/def.o
                0x0000000008000d10                Main_func(unsigned short, unsigned char, unsigned char)
 .text._Z14executeCommandNSt7__cxx1112basic_stringIcSt11char_traitsIcESaIcEEE
                0x00000000080011f8      0x1a4 ./Core/Src/def.o
                0x00000000080011f8                executeCommand(std::__cxx11::basic_string<char, std::char_traits<char>, std::allocator<char> >)
 .text._GLOBAL__sub_I_fl_er
                0x000000000800139c        0xe ./Core/Src/def.o
 .text._GLOBAL__sub_D_fl_er
                0x00000000080013aa        0xe ./Core/Src/def.o
 .text._ZL12MX_GPIO_Initv
                0x00000000080013b8      0x104 ./Core/Src/main.o
 .text._ZL11MX_DMA_Initv
                0x00000000080014bc       0x44 ./Core/Src/main.o
 .text.HAL_ADCEx_InjectedConvCpltCallback
                0x0000000008001500       0x78 ./Core/Src/main.o
                0x0000000008001500                HAL_ADCEx_InjectedConvCpltCallback
 .text.HAL_TIM_IC_CaptureCallback
                0x0000000008001578       0x20 ./Core/Src/main.o
                0x0000000008001578                HAL_TIM_IC_CaptureCallback
 .text.Error_Handler
                0x0000000008001598        0x4 ./Core/Src/main.o
                0x0000000008001598                Error_Handler
 .text._ZL12MX_TIM1_Initv
                0x000000000800159c       0xe0 ./Core/Src/main.o
 .text._ZL12MX_TIM2_Initv
                0x000000000800167c       0xdc ./Core/Src/main.o
 .text._ZL12MX_I2C1_Initv
                0x0000000008001758       0x38 ./Core/Src/main.o
 .text._ZL12MX_ADC1_Initv
                0x0000000008001790       0x8c ./Core/Src/main.o
 .text._ZL12MX_TIM4_Initv
                0x000000000800181c       0x68 ./Core/Src/main.o
 .text._ZL12MX_TIM3_Initv
                0x0000000008001884       0xa4 ./Core/Src/main.o
 .text._Z18SystemClock_Configv
                0x0000000008001928       0x88 ./Core/Src/main.o
                0x0000000008001928                SystemClock_Config()
 .text.main     0x00000000080019b0      0x114 ./Core/Src/main.o
                0x00000000080019b0                main
 .text.HAL_MspInit
                0x0000000008001ac4       0x44 ./Core/Src/stm32f1xx_hal_msp.o
                0x0000000008001ac4                HAL_MspInit
 .text.HAL_ADC_MspInit
                0x0000000008001b08       0x6c ./Core/Src/stm32f1xx_hal_msp.o
                0x0000000008001b08                HAL_ADC_MspInit
 .text.HAL_I2C_MspInit
                0x0000000008001b74       0x98 ./Core/Src/stm32f1xx_hal_msp.o
                0x0000000008001b74                HAL_I2C_MspInit
 .text.HAL_TIM_Base_MspInit
                0x0000000008001c0c      0x188 ./Core/Src/stm32f1xx_hal_msp.o
                0x0000000008001c0c                HAL_TIM_Base_MspInit
 .text.HAL_TIM_MspPostInit
                0x0000000008001d94       0xd0 ./Core/Src/stm32f1xx_hal_msp.o
                0x0000000008001d94                HAL_TIM_MspPostInit
 .text.NMI_Handler
                0x0000000008001e64        0x2 ./Core/Src/stm32f1xx_it.o
                0x0000000008001e64                NMI_Handler
 .text.HardFault_Handler
                0x0000000008001e66        0x2 ./Core/Src/stm32f1xx_it.o
                0x0000000008001e66                HardFault_Handler
 .text.MemManage_Handler
                0x0000000008001e68        0x2 ./Core/Src/stm32f1xx_it.o
                0x0000000008001e68                MemManage_Handler
 .text.BusFault_Handler
                0x0000000008001e6a        0x2 ./Core/Src/stm32f1xx_it.o
                0x0000000008001e6a                BusFault_Handler
 .text.UsageFault_Handler
                0x0000000008001e6c        0x2 ./Core/Src/stm32f1xx_it.o
                0x0000000008001e6c                UsageFault_Handler
 .text.SVC_Handler
                0x0000000008001e6e        0x2 ./Core/Src/stm32f1xx_it.o
                0x0000000008001e6e                SVC_Handler
 .text.DebugMon_Handler
                0x0000000008001e70        0x2 ./Core/Src/stm32f1xx_it.o
                0x0000000008001e70                DebugMon_Handler
 .text.PendSV_Handler
                0x0000000008001e72        0x2 ./Core/Src/stm32f1xx_it.o
                0x0000000008001e72                PendSV_Handler
 .text.SysTick_Handler
                0x0000000008001e74        0x8 ./Core/Src/stm32f1xx_it.o
                0x0000000008001e74                SysTick_Handler
 .text.DMA1_Channel2_IRQHandler
                0x0000000008001e7c       0x10 ./Core/Src/stm32f1xx_it.o
                0x0000000008001e7c                DMA1_Channel2_IRQHandler
 .text.DMA1_Channel7_IRQHandler
                0x0000000008001e8c       0x10 ./Core/Src/stm32f1xx_it.o
                0x0000000008001e8c                DMA1_Channel7_IRQHandler
 .text.ADC1_2_IRQHandler
                0x0000000008001e9c       0x10 ./Core/Src/stm32f1xx_it.o
                0x0000000008001e9c                ADC1_2_IRQHandler
 .text.USB_HP_CAN1_TX_IRQHandler
                0x0000000008001eac       0x10 ./Core/Src/stm32f1xx_it.o
                0x0000000008001eac                USB_HP_CAN1_TX_IRQHandler
 .text.USB_LP_CAN1_RX0_IRQHandler
                0x0000000008001ebc       0x10 ./Core/Src/stm32f1xx_it.o
                0x0000000008001ebc                USB_LP_CAN1_RX0_IRQHandler
 .text.TIM1_UP_IRQHandler
                0x0000000008001ecc       0x10 ./Core/Src/stm32f1xx_it.o
                0x0000000008001ecc                TIM1_UP_IRQHandler
 .text.TIM1_CC_IRQHandler
                0x0000000008001edc       0x38 ./Core/Src/stm32f1xx_it.o
                0x0000000008001edc                TIM1_CC_IRQHandler
 .text.TIM2_IRQHandler
                0x0000000008001f14       0x10 ./Core/Src/stm32f1xx_it.o
                0x0000000008001f14                TIM2_IRQHandler
 .text.TIM3_IRQHandler
                0x0000000008001f24       0x10 ./Core/Src/stm32f1xx_it.o
                0x0000000008001f24                TIM3_IRQHandler
 .text.TIM4_IRQHandler
                0x0000000008001f34       0x70 ./Core/Src/stm32f1xx_it.o
                0x0000000008001f34                TIM4_IRQHandler
 .text.I2C1_EV_IRQHandler
                0x0000000008001fa4       0x10 ./Core/Src/stm32f1xx_it.o
                0x0000000008001fa4                I2C1_EV_IRQHandler
 .text.I2C1_ER_IRQHandler
                0x0000000008001fb4       0x10 ./Core/Src/stm32f1xx_it.o
                0x0000000008001fb4                I2C1_ER_IRQHandler
 .text._getpid  0x0000000008001fc4        0x4 ./Core/Src/syscalls.o
                0x0000000008001fc4                _getpid
 .text._kill    0x0000000008001fc8       0x10 ./Core/Src/syscalls.o
                0x0000000008001fc8                _kill
 .text._exit    0x0000000008001fd8        0xc ./Core/Src/syscalls.o
                0x0000000008001fd8                _exit
 .text._sbrk    0x0000000008001fe4       0x48 ./Core/Src/sysmem.o
                0x0000000008001fe4                _sbrk
 .text.SystemInit
                0x000000000800202c        0x2 ./Core/Src/system_stm32f1xx.o
                0x000000000800202c                SystemInit
 *fill*         0x000000000800202e        0x2 
 .text.Reset_Handler
                0x0000000008002030       0x48 ./Core/Startup/startup_stm32f103c8tx.o
                0x0000000008002030                Reset_Handler
 .text.Default_Handler
                0x0000000008002078        0x2 ./Core/Startup/startup_stm32f103c8tx.o
                0x0000000008002078                RTC_Alarm_IRQHandler
                0x0000000008002078                EXTI2_IRQHandler
                0x0000000008002078                PVD_IRQHandler
                0x0000000008002078                EXTI3_IRQHandler
                0x0000000008002078                EXTI0_IRQHandler
                0x0000000008002078                I2C2_EV_IRQHandler
                0x0000000008002078                SPI1_IRQHandler
                0x0000000008002078                TAMPER_IRQHandler
                0x0000000008002078                DMA1_Channel4_IRQHandler
                0x0000000008002078                USART3_IRQHandler
                0x0000000008002078                RTC_IRQHandler
                0x0000000008002078                CAN1_RX1_IRQHandler
                0x0000000008002078                DMA1_Channel6_IRQHandler
                0x0000000008002078                RCC_IRQHandler
                0x0000000008002078                TIM1_TRG_COM_IRQHandler
                0x0000000008002078                DMA1_Channel1_IRQHandler
                0x0000000008002078                Default_Handler
                0x0000000008002078                EXTI15_10_IRQHandler
                0x0000000008002078                EXTI9_5_IRQHandler
                0x0000000008002078                SPI2_IRQHandler
                0x0000000008002078                DMA1_Channel5_IRQHandler
                0x0000000008002078                EXTI4_IRQHandler
                0x0000000008002078                DMA1_Channel3_IRQHandler
                0x0000000008002078                WWDG_IRQHandler
                0x0000000008002078                TIM1_BRK_IRQHandler
                0x0000000008002078                EXTI1_IRQHandler
                0x0000000008002078                USART2_IRQHandler
                0x0000000008002078                I2C2_ER_IRQHandler
                0x0000000008002078                CAN1_SCE_IRQHandler
                0x0000000008002078                FLASH_IRQHandler
                0x0000000008002078                USART1_IRQHandler
                0x0000000008002078                USBWakeUp_IRQHandler
 *fill*         0x000000000800207a        0x2 
 .text.HAL_InitTick
                0x000000000800207c       0x4c ./Drivers/STM32F1xx_HAL_Driver/Src/stm32f1xx_hal.o
                0x000000000800207c                HAL_InitTick
 .text.HAL_Init
                0x00000000080020c8       0x24 ./Drivers/STM32F1xx_HAL_Driver/Src/stm32f1xx_hal.o
                0x00000000080020c8                HAL_Init
 .text.HAL_IncTick
                0x00000000080020ec       0x18 ./Drivers/STM32F1xx_HAL_Driver/Src/stm32f1xx_hal.o
                0x00000000080020ec                HAL_IncTick
 .text.HAL_GetTick
                0x0000000008002104        0xc ./Drivers/STM32F1xx_HAL_Driver/Src/stm32f1xx_hal.o
                0x0000000008002104                HAL_GetTick
 .text.HAL_Delay
                0x0000000008002110       0x28 ./Drivers/STM32F1xx_HAL_Driver/Src/stm32f1xx_hal.o
                0x0000000008002110                HAL_Delay
 .text.HAL_ADC_ConvCpltCallback
                0x0000000008002138        0x2 ./Drivers/STM32F1xx_HAL_Driver/Src/stm32f1xx_hal_adc.o
                0x0000000008002138                HAL_ADC_ConvCpltCallback
 .text.HAL_ADC_LevelOutOfWindowCallback
                0x000000000800213a        0x2 ./Drivers/STM32F1xx_HAL_Driver/Src/stm32f1xx_hal_adc.o
                0x000000000800213a                HAL_ADC_LevelOutOfWindowCallback
 .text.HAL_ADC_IRQHandler
                0x000000000800213c      0x10c ./Drivers/STM32F1xx_HAL_Driver/Src/stm32f1xx_hal_adc.o
                0x000000000800213c                HAL_ADC_IRQHandler
 .text.ADC_Enable
                0x0000000008002248       0x88 ./Drivers/STM32F1xx_HAL_Driver/Src/stm32f1xx_hal_adc.o
                0x0000000008002248                ADC_Enable
 .text.ADC_ConversionStop_Disable
                0x00000000080022d0       0x56 ./Drivers/STM32F1xx_HAL_Driver/Src/stm32f1xx_hal_adc.o
                0x00000000080022d0                ADC_ConversionStop_Disable
 *fill*         0x0000000008002326        0x2 
 .text.HAL_ADC_Init
                0x0000000008002328      0x108 ./Drivers/STM32F1xx_HAL_Driver/Src/stm32f1xx_hal_adc.o
                0x0000000008002328                HAL_ADC_Init
 .text.HAL_ADCEx_Calibration_Start
                0x0000000008002430      0x100 ./Drivers/STM32F1xx_HAL_Driver/Src/stm32f1xx_hal_adc_ex.o
                0x0000000008002430                HAL_ADCEx_Calibration_Start
 .text.HAL_ADCEx_InjectedStart_IT
                0x0000000008002530       0xc0 ./Drivers/STM32F1xx_HAL_Driver/Src/stm32f1xx_hal_adc_ex.o
                0x0000000008002530                HAL_ADCEx_InjectedStart_IT
 .text.HAL_ADCEx_InjectedGetValue
                0x00000000080025f0       0x24 ./Drivers/STM32F1xx_HAL_Driver/Src/stm32f1xx_hal_adc_ex.o
                0x00000000080025f0                HAL_ADCEx_InjectedGetValue
 .text.HAL_ADCEx_InjectedConfigChannel
                0x0000000008002614      0x220 ./Drivers/STM32F1xx_HAL_Driver/Src/stm32f1xx_hal_adc_ex.o
                0x0000000008002614                HAL_ADCEx_InjectedConfigChannel
 .text.HAL_NVIC_SetPriorityGrouping
                0x0000000008002834       0x24 ./Drivers/STM32F1xx_HAL_Driver/Src/stm32f1xx_hal_cortex.o
                0x0000000008002834                HAL_NVIC_SetPriorityGrouping
 .text.HAL_NVIC_SetPriority
                0x0000000008002858       0x68 ./Drivers/STM32F1xx_HAL_Driver/Src/stm32f1xx_hal_cortex.o
                0x0000000008002858                HAL_NVIC_SetPriority
 .text.HAL_NVIC_EnableIRQ
                0x00000000080028c0       0x1c ./Drivers/STM32F1xx_HAL_Driver/Src/stm32f1xx_hal_cortex.o
                0x00000000080028c0                HAL_NVIC_EnableIRQ
 .text.HAL_SYSTICK_Config
                0x00000000080028dc       0x2c ./Drivers/STM32F1xx_HAL_Driver/Src/stm32f1xx_hal_cortex.o
                0x00000000080028dc                HAL_SYSTICK_Config
 .text.HAL_DMA_Init
                0x0000000008002908       0x6c ./Drivers/STM32F1xx_HAL_Driver/Src/stm32f1xx_hal_dma.o
                0x0000000008002908                HAL_DMA_Init
 .text.HAL_DMA_Abort_IT
                0x0000000008002974       0x98 ./Drivers/STM32F1xx_HAL_Driver/Src/stm32f1xx_hal_dma.o
                0x0000000008002974                HAL_DMA_Abort_IT
 .text.HAL_DMA_IRQHandler
                0x0000000008002a0c      0x144 ./Drivers/STM32F1xx_HAL_Driver/Src/stm32f1xx_hal_dma.o
                0x0000000008002a0c                HAL_DMA_IRQHandler
 .text.HAL_DMA_GetState
                0x0000000008002b50        0x6 ./Drivers/STM32F1xx_HAL_Driver/Src/stm32f1xx_hal_dma.o
                0x0000000008002b50                HAL_DMA_GetState
 *fill*         0x0000000008002b56        0x2 
 .text.HAL_GPIO_Init
                0x0000000008002b58      0x220 ./Drivers/STM32F1xx_HAL_Driver/Src/stm32f1xx_hal_gpio.o
                0x0000000008002b58                HAL_GPIO_Init
 .text.HAL_GPIO_ReadPin
                0x0000000008002d78        0xe ./Drivers/STM32F1xx_HAL_Driver/Src/stm32f1xx_hal_gpio.o
                0x0000000008002d78                HAL_GPIO_ReadPin
 .text.HAL_GPIO_WritePin
                0x0000000008002d86        0xc ./Drivers/STM32F1xx_HAL_Driver/Src/stm32f1xx_hal_gpio.o
                0x0000000008002d86                HAL_GPIO_WritePin
 .text.I2C_Master_SB
                0x0000000008002d92       0xa8 ./Drivers/STM32F1xx_HAL_Driver/Src/stm32f1xx_hal_i2c.o
 .text.I2C_Master_ADD10
                0x0000000008002e3a       0x2a ./Drivers/STM32F1xx_HAL_Driver/Src/stm32f1xx_hal_i2c.o
 .text.I2C_Master_ADDR
                0x0000000008002e64      0x216 ./Drivers/STM32F1xx_HAL_Driver/Src/stm32f1xx_hal_i2c.o
 .text.I2C_SlaveTransmit_BTF
                0x000000000800307a       0x20 ./Drivers/STM32F1xx_HAL_Driver/Src/stm32f1xx_hal_i2c.o
 .text.I2C_SlaveReceive_BTF
                0x000000000800309a       0x20 ./Drivers/STM32F1xx_HAL_Driver/Src/stm32f1xx_hal_i2c.o
 *fill*         0x00000000080030ba        0x2 
 .text.I2C_WaitOnSTOPRequestThroughIT
                0x00000000080030bc       0x48 ./Drivers/STM32F1xx_HAL_Driver/Src/stm32f1xx_hal_i2c.o
 .text.I2C_ConvertOtherXferOptions
                0x0000000008003104       0x1e ./Drivers/STM32F1xx_HAL_Driver/Src/stm32f1xx_hal_i2c.o
 .text.I2C_WaitOnFlagUntilTimeout
                0x0000000008003122       0x74 ./Drivers/STM32F1xx_HAL_Driver/Src/stm32f1xx_hal_i2c.o
 .text.I2C_WaitOnMasterAddressFlagUntilTimeout
                0x0000000008003196       0xaa ./Drivers/STM32F1xx_HAL_Driver/Src/stm32f1xx_hal_i2c.o
 .text.I2C_MasterRequestRead
                0x0000000008003240      0x120 ./Drivers/STM32F1xx_HAL_Driver/Src/stm32f1xx_hal_i2c.o
 .text.I2C_WaitOnRXNEFlagUntilTimeout
                0x0000000008003360       0x6a ./Drivers/STM32F1xx_HAL_Driver/Src/stm32f1xx_hal_i2c.o
 *fill*         0x00000000080033ca        0x2 
 .text.HAL_I2C_Init
                0x00000000080033cc      0x1bc ./Drivers/STM32F1xx_HAL_Driver/Src/stm32f1xx_hal_i2c.o
                0x00000000080033cc                HAL_I2C_Init
 .text.HAL_I2C_Master_Receive
                0x0000000008003588      0x340 ./Drivers/STM32F1xx_HAL_Driver/Src/stm32f1xx_hal_i2c.o
                0x0000000008003588                HAL_I2C_Master_Receive
 .text.HAL_I2C_IsDeviceReady
                0x00000000080038c8      0x194 ./Drivers/STM32F1xx_HAL_Driver/Src/stm32f1xx_hal_i2c.o
                0x00000000080038c8                HAL_I2C_IsDeviceReady
 .text.HAL_I2C_MasterTxCpltCallback
                0x0000000008003a5c        0x2 ./Drivers/STM32F1xx_HAL_Driver/Src/stm32f1xx_hal_i2c.o
                0x0000000008003a5c                HAL_I2C_MasterTxCpltCallback
 .text.HAL_I2C_MasterRxCpltCallback
                0x0000000008003a5e        0x2 ./Drivers/STM32F1xx_HAL_Driver/Src/stm32f1xx_hal_i2c.o
                0x0000000008003a5e                HAL_I2C_MasterRxCpltCallback
 .text.HAL_I2C_SlaveTxCpltCallback
                0x0000000008003a60        0x2 ./Drivers/STM32F1xx_HAL_Driver/Src/stm32f1xx_hal_i2c.o
                0x0000000008003a60                HAL_I2C_SlaveTxCpltCallback
 .text.I2C_SlaveTransmit_TXE
                0x0000000008003a62       0x4c ./Drivers/STM32F1xx_HAL_Driver/Src/stm32f1xx_hal_i2c.o
 .text.HAL_I2C_SlaveRxCpltCallback
                0x0000000008003aae        0x2 ./Drivers/STM32F1xx_HAL_Driver/Src/stm32f1xx_hal_i2c.o
                0x0000000008003aae                HAL_I2C_SlaveRxCpltCallback
 .text.I2C_SlaveReceive_RXNE
                0x0000000008003ab0       0x4c ./Drivers/STM32F1xx_HAL_Driver/Src/stm32f1xx_hal_i2c.o
 .text.HAL_I2C_AddrCallback
                0x0000000008003afc        0x2 ./Drivers/STM32F1xx_HAL_Driver/Src/stm32f1xx_hal_i2c.o
                0x0000000008003afc                HAL_I2C_AddrCallback
 .text.I2C_Slave_ADDR
                0x0000000008003afe       0x5a ./Drivers/STM32F1xx_HAL_Driver/Src/stm32f1xx_hal_i2c.o
 .text.HAL_I2C_ListenCpltCallback
                0x0000000008003b58        0x2 ./Drivers/STM32F1xx_HAL_Driver/Src/stm32f1xx_hal_i2c.o
                0x0000000008003b58                HAL_I2C_ListenCpltCallback
 *fill*         0x0000000008003b5a        0x2 
 .text.I2C_Slave_AF
                0x0000000008003b5c       0x94 ./Drivers/STM32F1xx_HAL_Driver/Src/stm32f1xx_hal_i2c.o
 .text.HAL_I2C_MemTxCpltCallback
                0x0000000008003bf0        0x2 ./Drivers/STM32F1xx_HAL_Driver/Src/stm32f1xx_hal_i2c.o
                0x0000000008003bf0                HAL_I2C_MemTxCpltCallback
 .text.I2C_MasterTransmit_BTF
                0x0000000008003bf2       0x9e ./Drivers/STM32F1xx_HAL_Driver/Src/stm32f1xx_hal_i2c.o
 .text.I2C_MemoryTransmit_TXE_BTF
                0x0000000008003c90       0xbe ./Drivers/STM32F1xx_HAL_Driver/Src/stm32f1xx_hal_i2c.o
 .text.I2C_MasterTransmit_TXE
                0x0000000008003d4e       0xd0 ./Drivers/STM32F1xx_HAL_Driver/Src/stm32f1xx_hal_i2c.o
 .text.HAL_I2C_MemRxCpltCallback
                0x0000000008003e1e        0x2 ./Drivers/STM32F1xx_HAL_Driver/Src/stm32f1xx_hal_i2c.o
                0x0000000008003e1e                HAL_I2C_MemRxCpltCallback
 .text.I2C_MasterReceive_BTF
                0x0000000008003e20      0x128 ./Drivers/STM32F1xx_HAL_Driver/Src/stm32f1xx_hal_i2c.o
 .text.HAL_I2C_ErrorCallback
                0x0000000008003f48        0x2 ./Drivers/STM32F1xx_HAL_Driver/Src/stm32f1xx_hal_i2c.o
                0x0000000008003f48                HAL_I2C_ErrorCallback
 .text.I2C_MasterReceive_RXNE
                0x0000000008003f4a       0xec ./Drivers/STM32F1xx_HAL_Driver/Src/stm32f1xx_hal_i2c.o
 .text.HAL_I2C_AbortCpltCallback
                0x0000000008004036        0x2 ./Drivers/STM32F1xx_HAL_Driver/Src/stm32f1xx_hal_i2c.o
                0x0000000008004036                HAL_I2C_AbortCpltCallback
 .text.I2C_DMAAbort
                0x0000000008004038       0xe4 ./Drivers/STM32F1xx_HAL_Driver/Src/stm32f1xx_hal_i2c.o
 .text.I2C_ITError
                0x000000000800411c      0x174 ./Drivers/STM32F1xx_HAL_Driver/Src/stm32f1xx_hal_i2c.o
 .text.I2C_Slave_STOPF
                0x0000000008004290      0x18c ./Drivers/STM32F1xx_HAL_Driver/Src/stm32f1xx_hal_i2c.o
 .text.HAL_I2C_EV_IRQHandler
                0x000000000800441c      0x1a0 ./Drivers/STM32F1xx_HAL_Driver/Src/stm32f1xx_hal_i2c.o
                0x000000000800441c                HAL_I2C_EV_IRQHandler
 .text.HAL_I2C_ER_IRQHandler
                0x00000000080045bc       0xce ./Drivers/STM32F1xx_HAL_Driver/Src/stm32f1xx_hal_i2c.o
                0x00000000080045bc                HAL_I2C_ER_IRQHandler
 .text.HAL_PCD_EP_DB_Receive
                0x000000000800468a      0x116 ./Drivers/STM32F1xx_HAL_Driver/Src/stm32f1xx_hal_pcd.o
 .text.HAL_PCD_Init
                0x00000000080047a0      0x10c ./Drivers/STM32F1xx_HAL_Driver/Src/stm32f1xx_hal_pcd.o
                0x00000000080047a0                HAL_PCD_Init
 .text.HAL_PCD_Start
                0x00000000080048ac       0x32 ./Drivers/STM32F1xx_HAL_Driver/Src/stm32f1xx_hal_pcd.o
                0x00000000080048ac                HAL_PCD_Start
 .text.HAL_PCD_EP_DB_Transmit
                0x00000000080048de      0x420 ./Drivers/STM32F1xx_HAL_Driver/Src/stm32f1xx_hal_pcd.o
 .text.PCD_EP_ISR_Handler
                0x0000000008004cfe      0x440 ./Drivers/STM32F1xx_HAL_Driver/Src/stm32f1xx_hal_pcd.o
 .text.HAL_PCD_SetAddress
                0x000000000800513e       0x28 ./Drivers/STM32F1xx_HAL_Driver/Src/stm32f1xx_hal_pcd.o
                0x000000000800513e                HAL_PCD_SetAddress
 .text.HAL_PCD_IRQHandler
                0x0000000008005166      0x1d2 ./Drivers/STM32F1xx_HAL_Driver/Src/stm32f1xx_hal_pcd.o
                0x0000000008005166                HAL_PCD_IRQHandler
 .text.HAL_PCD_EP_Open
                0x0000000008005338       0x78 ./Drivers/STM32F1xx_HAL_Driver/Src/stm32f1xx_hal_pcd.o
                0x0000000008005338                HAL_PCD_EP_Open
 .text.HAL_PCD_EP_Close
                0x00000000080053b0       0x64 ./Drivers/STM32F1xx_HAL_Driver/Src/stm32f1xx_hal_pcd.o
                0x00000000080053b0                HAL_PCD_EP_Close
 .text.HAL_PCD_EP_Receive
                0x0000000008005414       0x44 ./Drivers/STM32F1xx_HAL_Driver/Src/stm32f1xx_hal_pcd.o
                0x0000000008005414                HAL_PCD_EP_Receive
 .text.HAL_PCD_EP_GetRxCount
                0x0000000008005458       0x12 ./Drivers/STM32F1xx_HAL_Driver/Src/stm32f1xx_hal_pcd.o
                0x0000000008005458                HAL_PCD_EP_GetRxCount
 .text.HAL_PCD_EP_Transmit
                0x000000000800546a       0x46 ./Drivers/STM32F1xx_HAL_Driver/Src/stm32f1xx_hal_pcd.o
                0x000000000800546a                HAL_PCD_EP_Transmit
 .text.HAL_PCD_EP_SetStall
                0x00000000080054b0       0x78 ./Drivers/STM32F1xx_HAL_Driver/Src/stm32f1xx_hal_pcd.o
                0x00000000080054b0                HAL_PCD_EP_SetStall
 .text.HAL_PCD_EP_ClrStall
                0x0000000008005528       0x76 ./Drivers/STM32F1xx_HAL_Driver/Src/stm32f1xx_hal_pcd.o
                0x0000000008005528                HAL_PCD_EP_ClrStall
 .text.HAL_PCDEx_PMAConfig
                0x000000000800559e       0x38 ./Drivers/STM32F1xx_HAL_Driver/Src/stm32f1xx_hal_pcd_ex.o
                0x000000000800559e                HAL_PCDEx_PMAConfig
 *fill*         0x00000000080055d6        0x2 
 .text.RCC_Delay
                0x00000000080055d8       0x2c ./Drivers/STM32F1xx_HAL_Driver/Src/stm32f1xx_hal_rcc.o
 .text.HAL_RCC_OscConfig
                0x0000000008005604      0x410 ./Drivers/STM32F1xx_HAL_Driver/Src/stm32f1xx_hal_rcc.o
                0x0000000008005604                HAL_RCC_OscConfig
 .text.HAL_RCC_GetSysClockFreq
                0x0000000008005a14       0x6c ./Drivers/STM32F1xx_HAL_Driver/Src/stm32f1xx_hal_rcc.o
                0x0000000008005a14                HAL_RCC_GetSysClockFreq
 .text.HAL_RCC_ClockConfig
                0x0000000008005a80      0x16c ./Drivers/STM32F1xx_HAL_Driver/Src/stm32f1xx_hal_rcc.o
                0x0000000008005a80                HAL_RCC_ClockConfig
 .text.HAL_RCC_GetHCLKFreq
                0x0000000008005bec        0xc ./Drivers/STM32F1xx_HAL_Driver/Src/stm32f1xx_hal_rcc.o
                0x0000000008005bec                HAL_RCC_GetHCLKFreq
 .text.HAL_RCC_GetPCLK1Freq
                0x0000000008005bf8       0x20 ./Drivers/STM32F1xx_HAL_Driver/Src/stm32f1xx_hal_rcc.o
                0x0000000008005bf8                HAL_RCC_GetPCLK1Freq
 .text.HAL_RCC_GetPCLK2Freq
                0x0000000008005c18       0x20 ./Drivers/STM32F1xx_HAL_Driver/Src/stm32f1xx_hal_rcc.o
                0x0000000008005c18                HAL_RCC_GetPCLK2Freq
 .text.HAL_RCCEx_PeriphCLKConfig
                0x0000000008005c38      0x114 ./Drivers/STM32F1xx_HAL_Driver/Src/stm32f1xx_hal_rcc_ex.o
                0x0000000008005c38                HAL_RCCEx_PeriphCLKConfig
 .text.HAL_RCCEx_GetPeriphCLKFreq
                0x0000000008005d4c       0xf4 ./Drivers/STM32F1xx_HAL_Driver/Src/stm32f1xx_hal_rcc_ex.o
                0x0000000008005d4c                HAL_RCCEx_GetPeriphCLKFreq
 .text.TIM_OC1_SetConfig
                0x0000000008005e40       0x5c ./Drivers/STM32F1xx_HAL_Driver/Src/stm32f1xx_hal_tim.o
 .text.TIM_OC3_SetConfig
                0x0000000008005e9c       0x64 ./Drivers/STM32F1xx_HAL_Driver/Src/stm32f1xx_hal_tim.o
 .text.TIM_OC4_SetConfig
                0x0000000008005f00       0x48 ./Drivers/STM32F1xx_HAL_Driver/Src/stm32f1xx_hal_tim.o
 .text.TIM_TI1_ConfigInputStage
                0x0000000008005f48       0x24 ./Drivers/STM32F1xx_HAL_Driver/Src/stm32f1xx_hal_tim.o
 .text.TIM_TI2_SetConfig
                0x0000000008005f6c       0x34 ./Drivers/STM32F1xx_HAL_Driver/Src/stm32f1xx_hal_tim.o
 .text.TIM_TI2_ConfigInputStage
                0x0000000008005fa0       0x26 ./Drivers/STM32F1xx_HAL_Driver/Src/stm32f1xx_hal_tim.o
 .text.TIM_TI3_SetConfig
                0x0000000008005fc6       0x32 ./Drivers/STM32F1xx_HAL_Driver/Src/stm32f1xx_hal_tim.o
 .text.TIM_TI4_SetConfig
                0x0000000008005ff8       0x34 ./Drivers/STM32F1xx_HAL_Driver/Src/stm32f1xx_hal_tim.o
 .text.TIM_ITRx_SetConfig
                0x000000000800602c       0x10 ./Drivers/STM32F1xx_HAL_Driver/Src/stm32f1xx_hal_tim.o
 .text.HAL_TIM_Base_Start_IT
                0x000000000800603c       0x68 ./Drivers/STM32F1xx_HAL_Driver/Src/stm32f1xx_hal_tim.o
                0x000000000800603c                HAL_TIM_Base_Start_IT
 .text.HAL_TIM_PWM_MspInit
                0x00000000080060a4        0x2 ./Drivers/STM32F1xx_HAL_Driver/Src/stm32f1xx_hal_tim.o
                0x00000000080060a4                HAL_TIM_PWM_MspInit
 .text.HAL_TIM_IC_MspInit
                0x00000000080060a6        0x2 ./Drivers/STM32F1xx_HAL_Driver/Src/stm32f1xx_hal_tim.o
                0x00000000080060a6                HAL_TIM_IC_MspInit
 .text.HAL_TIM_PeriodElapsedCallback
                0x00000000080060a8        0x2 ./Drivers/STM32F1xx_HAL_Driver/Src/stm32f1xx_hal_tim.o
                0x00000000080060a8                HAL_TIM_PeriodElapsedCallback
 .text.HAL_TIM_OC_DelayElapsedCallback
                0x00000000080060aa        0x2 ./Drivers/STM32F1xx_HAL_Driver/Src/stm32f1xx_hal_tim.o
                0x00000000080060aa                HAL_TIM_OC_DelayElapsedCallback
 .text.HAL_TIM_PWM_PulseFinishedCallback
                0x00000000080060ac        0x2 ./Drivers/STM32F1xx_HAL_Driver/Src/stm32f1xx_hal_tim.o
                0x00000000080060ac                HAL_TIM_PWM_PulseFinishedCallback
 .text.HAL_TIM_TriggerCallback
                0x00000000080060ae        0x2 ./Drivers/STM32F1xx_HAL_Driver/Src/stm32f1xx_hal_tim.o
                0x00000000080060ae                HAL_TIM_TriggerCallback
 .text.HAL_TIM_IRQHandler
                0x00000000080060b0      0x17a ./Drivers/STM32F1xx_HAL_Driver/Src/stm32f1xx_hal_tim.o
                0x00000000080060b0                HAL_TIM_IRQHandler
 *fill*         0x000000000800622a        0x2 
 .text.TIM_Base_SetConfig
                0x000000000800622c       0x74 ./Drivers/STM32F1xx_HAL_Driver/Src/stm32f1xx_hal_tim.o
                0x000000000800622c                TIM_Base_SetConfig
 .text.HAL_TIM_Base_Init
                0x00000000080062a0       0x58 ./Drivers/STM32F1xx_HAL_Driver/Src/stm32f1xx_hal_tim.o
                0x00000000080062a0                HAL_TIM_Base_Init
 .text.HAL_TIM_PWM_Init
                0x00000000080062f8       0x58 ./Drivers/STM32F1xx_HAL_Driver/Src/stm32f1xx_hal_tim.o
                0x00000000080062f8                HAL_TIM_PWM_Init
 .text.HAL_TIM_IC_Init
                0x0000000008006350       0x58 ./Drivers/STM32F1xx_HAL_Driver/Src/stm32f1xx_hal_tim.o
                0x0000000008006350                HAL_TIM_IC_Init
 .text.TIM_OC2_SetConfig
                0x00000000080063a8       0x64 ./Drivers/STM32F1xx_HAL_Driver/Src/stm32f1xx_hal_tim.o
                0x00000000080063a8                TIM_OC2_SetConfig
 .text.HAL_TIM_PWM_ConfigChannel
                0x000000000800640c       0xd0 ./Drivers/STM32F1xx_HAL_Driver/Src/stm32f1xx_hal_tim.o
                0x000000000800640c                HAL_TIM_PWM_ConfigChannel
 .text.TIM_TI1_SetConfig
                0x00000000080064dc       0x58 ./Drivers/STM32F1xx_HAL_Driver/Src/stm32f1xx_hal_tim.o
                0x00000000080064dc                TIM_TI1_SetConfig
 .text.HAL_TIM_IC_ConfigChannel
                0x0000000008006534       0xb4 ./Drivers/STM32F1xx_HAL_Driver/Src/stm32f1xx_hal_tim.o
                0x0000000008006534                HAL_TIM_IC_ConfigChannel
 .text.TIM_ETR_SetConfig
                0x00000000080065e8       0x16 ./Drivers/STM32F1xx_HAL_Driver/Src/stm32f1xx_hal_tim.o
                0x00000000080065e8                TIM_ETR_SetConfig
 .text.HAL_TIM_ConfigClockSource
                0x00000000080065fe       0xda ./Drivers/STM32F1xx_HAL_Driver/Src/stm32f1xx_hal_tim.o
                0x00000000080065fe                HAL_TIM_ConfigClockSource
 .text.TIM_CCxChannelCmd
                0x00000000080066d8       0x22 ./Drivers/STM32F1xx_HAL_Driver/Src/stm32f1xx_hal_tim.o
                0x00000000080066d8                TIM_CCxChannelCmd
 *fill*         0x00000000080066fa        0x2 
 .text.HAL_TIM_PWM_Start
                0x00000000080066fc       0xdc ./Drivers/STM32F1xx_HAL_Driver/Src/stm32f1xx_hal_tim.o
                0x00000000080066fc                HAL_TIM_PWM_Start
 .text.HAL_TIM_PWM_Start_IT
                0x00000000080067d8      0x120 ./Drivers/STM32F1xx_HAL_Driver/Src/stm32f1xx_hal_tim.o
                0x00000000080067d8                HAL_TIM_PWM_Start_IT
 .text.HAL_TIM_IC_Start_IT
                0x00000000080068f8      0x150 ./Drivers/STM32F1xx_HAL_Driver/Src/stm32f1xx_hal_tim.o
                0x00000000080068f8                HAL_TIM_IC_Start_IT
 .text.TIM_CCxNChannelCmd
                0x0000000008006a48       0x22 ./Drivers/STM32F1xx_HAL_Driver/Src/stm32f1xx_hal_tim_ex.o
 *fill*         0x0000000008006a6a        0x2 
 .text.HAL_TIMEx_PWMN_Start_IT
                0x0000000008006a6c      0x110 ./Drivers/STM32F1xx_HAL_Driver/Src/stm32f1xx_hal_tim_ex.o
                0x0000000008006a6c                HAL_TIMEx_PWMN_Start_IT
 .text.HAL_TIMEx_MasterConfigSynchronization
                0x0000000008006b7c       0x68 ./Drivers/STM32F1xx_HAL_Driver/Src/stm32f1xx_hal_tim_ex.o
                0x0000000008006b7c                HAL_TIMEx_MasterConfigSynchronization
 .text.HAL_TIMEx_ConfigBreakDeadTime
                0x0000000008006be4       0x52 ./Drivers/STM32F1xx_HAL_Driver/Src/stm32f1xx_hal_tim_ex.o
                0x0000000008006be4                HAL_TIMEx_ConfigBreakDeadTime
 .text.HAL_TIMEx_CommutCallback
                0x0000000008006c36        0x2 ./Drivers/STM32F1xx_HAL_Driver/Src/stm32f1xx_hal_tim_ex.o
                0x0000000008006c36                HAL_TIMEx_CommutCallback
 .text.HAL_TIMEx_BreakCallback
                0x0000000008006c38        0x2 ./Drivers/STM32F1xx_HAL_Driver/Src/stm32f1xx_hal_tim_ex.o
                0x0000000008006c38                HAL_TIMEx_BreakCallback
 .text.USB_CoreInit
                0x0000000008006c3a        0xe ./Drivers/STM32F1xx_HAL_Driver/Src/stm32f1xx_ll_usb.o
                0x0000000008006c3a                USB_CoreInit
 .text.USB_EnableGlobalInt
                0x0000000008006c48       0x12 ./Drivers/STM32F1xx_HAL_Driver/Src/stm32f1xx_ll_usb.o
                0x0000000008006c48                USB_EnableGlobalInt
 .text.USB_DisableGlobalInt
                0x0000000008006c5a       0x14 ./Drivers/STM32F1xx_HAL_Driver/Src/stm32f1xx_ll_usb.o
                0x0000000008006c5a                USB_DisableGlobalInt
 .text.USB_SetCurrentMode
                0x0000000008006c6e        0x4 ./Drivers/STM32F1xx_HAL_Driver/Src/stm32f1xx_ll_usb.o
                0x0000000008006c6e                USB_SetCurrentMode
 .text.USB_DevInit
                0x0000000008006c72       0x26 ./Drivers/STM32F1xx_HAL_Driver/Src/stm32f1xx_ll_usb.o
                0x0000000008006c72                USB_DevInit
 .text.USB_ActivateEndpoint
                0x0000000008006c98      0x33e ./Drivers/STM32F1xx_HAL_Driver/Src/stm32f1xx_ll_usb.o
                0x0000000008006c98                USB_ActivateEndpoint
 .text.USB_DeactivateEndpoint
                0x0000000008006fd6      0x1d4 ./Drivers/STM32F1xx_HAL_Driver/Src/stm32f1xx_ll_usb.o
                0x0000000008006fd6                USB_DeactivateEndpoint
 .text.USB_EPSetStall
                0x00000000080071aa       0x4a ./Drivers/STM32F1xx_HAL_Driver/Src/stm32f1xx_ll_usb.o
                0x00000000080071aa                USB_EPSetStall
 .text.USB_EPClearStall
                0x00000000080071f4       0xa2 ./Drivers/STM32F1xx_HAL_Driver/Src/stm32f1xx_ll_usb.o
                0x00000000080071f4                USB_EPClearStall
 .text.USB_SetDevAddress
                0x0000000008007296        0xc ./Drivers/STM32F1xx_HAL_Driver/Src/stm32f1xx_ll_usb.o
                0x0000000008007296                USB_SetDevAddress
 .text.USB_DevConnect
                0x00000000080072a2        0x4 ./Drivers/STM32F1xx_HAL_Driver/Src/stm32f1xx_ll_usb.o
                0x00000000080072a2                USB_DevConnect
 .text.USB_DevDisconnect
                0x00000000080072a6        0x4 ./Drivers/STM32F1xx_HAL_Driver/Src/stm32f1xx_ll_usb.o
                0x00000000080072a6                USB_DevDisconnect
 .text.USB_ReadInterrupts
                0x00000000080072aa        0x8 ./Drivers/STM32F1xx_HAL_Driver/Src/stm32f1xx_ll_usb.o
                0x00000000080072aa                USB_ReadInterrupts
 .text.USB_EP0_OutStart
                0x00000000080072b2        0x4 ./Drivers/STM32F1xx_HAL_Driver/Src/stm32f1xx_ll_usb.o
                0x00000000080072b2                USB_EP0_OutStart
 .text.USB_WritePMA
                0x00000000080072b6       0x26 ./Drivers/STM32F1xx_HAL_Driver/Src/stm32f1xx_ll_usb.o
                0x00000000080072b6                USB_WritePMA
 .text.USB_EPStartXfer
                0x00000000080072dc      0x8b2 ./Drivers/STM32F1xx_HAL_Driver/Src/stm32f1xx_ll_usb.o
                0x00000000080072dc                USB_EPStartXfer
 .text.USB_ReadPMA
                0x0000000008007b8e       0x2e ./Drivers/STM32F1xx_HAL_Driver/Src/stm32f1xx_ll_usb.o
                0x0000000008007b8e                USB_ReadPMA
 .text.USBD_CDC_EP0_RxReady
                0x0000000008007bbc       0x28 ./Middlewares/ST/STM32_USB_Device_Library/Class/CDC/Src/usbd_cdc.o
 .text.USBD_CDC_GetFSCfgDesc
                0x0000000008007be4        0xc ./Middlewares/ST/STM32_USB_Device_Library/Class/CDC/Src/usbd_cdc.o
 .text.USBD_CDC_GetHSCfgDesc
                0x0000000008007bf0        0xc ./Middlewares/ST/STM32_USB_Device_Library/Class/CDC/Src/usbd_cdc.o
 .text.USBD_CDC_GetOtherSpeedCfgDesc
                0x0000000008007bfc        0xc ./Middlewares/ST/STM32_USB_Device_Library/Class/CDC/Src/usbd_cdc.o
 .text.USBD_CDC_GetDeviceQualifierDescriptor
                0x0000000008007c08        0xc ./Middlewares/ST/STM32_USB_Device_Library/Class/CDC/Src/usbd_cdc.o
                0x0000000008007c08                USBD_CDC_GetDeviceQualifierDescriptor
 .text.USBD_CDC_DataOut
                0x0000000008007c14       0x2e ./Middlewares/ST/STM32_USB_Device_Library/Class/CDC/Src/usbd_cdc.o
 .text.USBD_CDC_DataIn
                0x0000000008007c42       0x4e ./Middlewares/ST/STM32_USB_Device_Library/Class/CDC/Src/usbd_cdc.o
 .text.USBD_CDC_Setup
                0x0000000008007c90       0xd6 ./Middlewares/ST/STM32_USB_Device_Library/Class/CDC/Src/usbd_cdc.o
 .text.USBD_CDC_DeInit
                0x0000000008007d66       0x42 ./Middlewares/ST/STM32_USB_Device_Library/Class/CDC/Src/usbd_cdc.o
 .text.USBD_CDC_Init
                0x0000000008007da8       0xaa ./Middlewares/ST/STM32_USB_Device_Library/Class/CDC/Src/usbd_cdc.o
 .text.USBD_CDC_RegisterInterface
                0x0000000008007e52        0xe ./Middlewares/ST/STM32_USB_Device_Library/Class/CDC/Src/usbd_cdc.o
                0x0000000008007e52                USBD_CDC_RegisterInterface
 .text.USBD_CDC_SetTxBuffer
                0x0000000008007e60       0x10 ./Middlewares/ST/STM32_USB_Device_Library/Class/CDC/Src/usbd_cdc.o
                0x0000000008007e60                USBD_CDC_SetTxBuffer
 .text.USBD_CDC_SetRxBuffer
                0x0000000008007e70        0xc ./Middlewares/ST/STM32_USB_Device_Library/Class/CDC/Src/usbd_cdc.o
                0x0000000008007e70                USBD_CDC_SetRxBuffer
 .text.USBD_CDC_TransmitPacket
                0x0000000008007e7c       0x34 ./Middlewares/ST/STM32_USB_Device_Library/Class/CDC/Src/usbd_cdc.o
                0x0000000008007e7c                USBD_CDC_TransmitPacket
 .text.USBD_CDC_ReceivePacket
                0x0000000008007eb0       0x30 ./Middlewares/ST/STM32_USB_Device_Library/Class/CDC/Src/usbd_cdc.o
                0x0000000008007eb0                USBD_CDC_ReceivePacket
 .text.USBD_Init
                0x0000000008007ee0       0x2e ./Middlewares/ST/STM32_USB_Device_Library/Core/Src/usbd_core.o
                0x0000000008007ee0                USBD_Init
 .text.USBD_RegisterClass
                0x0000000008007f0e        0xe ./Middlewares/ST/STM32_USB_Device_Library/Core/Src/usbd_core.o
                0x0000000008007f0e                USBD_RegisterClass
 .text.USBD_Start
                0x0000000008007f1c        0xa ./Middlewares/ST/STM32_USB_Device_Library/Core/Src/usbd_core.o
                0x0000000008007f1c                USBD_Start
 .text.USBD_SetClassConfig
                0x0000000008007f26       0x18 ./Middlewares/ST/STM32_USB_Device_Library/Core/Src/usbd_core.o
                0x0000000008007f26                USBD_SetClassConfig
 .text.USBD_ClrClassConfig
                0x0000000008007f3e        0xe ./Middlewares/ST/STM32_USB_Device_Library/Core/Src/usbd_core.o
                0x0000000008007f3e                USBD_ClrClassConfig
 .text.USBD_LL_SetupStage
                0x0000000008007f4c       0x5a ./Middlewares/ST/STM32_USB_Device_Library/Core/Src/usbd_core.o
                0x0000000008007f4c                USBD_LL_SetupStage
 .text.USBD_LL_DataOutStage
                0x0000000008007fa6       0x8c ./Middlewares/ST/STM32_USB_Device_Library/Core/Src/usbd_core.o
                0x0000000008007fa6                USBD_LL_DataOutStage
 .text.USBD_LL_DataInStage
                0x0000000008008032       0xd0 ./Middlewares/ST/STM32_USB_Device_Library/Core/Src/usbd_core.o
                0x0000000008008032                USBD_LL_DataInStage
 .text.USBD_LL_Reset
                0x0000000008008102       0x50 ./Middlewares/ST/STM32_USB_Device_Library/Core/Src/usbd_core.o
                0x0000000008008102                USBD_LL_Reset
 .text.USBD_LL_SetSpeed
                0x0000000008008152        0x6 ./Middlewares/ST/STM32_USB_Device_Library/Core/Src/usbd_core.o
                0x0000000008008152                USBD_LL_SetSpeed
 .text.USBD_LL_Suspend
                0x0000000008008158       0x12 ./Middlewares/ST/STM32_USB_Device_Library/Core/Src/usbd_core.o
                0x0000000008008158                USBD_LL_Suspend
 .text.USBD_LL_Resume
                0x000000000800816a       0x16 ./Middlewares/ST/STM32_USB_Device_Library/Core/Src/usbd_core.o
                0x000000000800816a                USBD_LL_Resume
 .text.USBD_LL_SOF
                0x0000000008008180       0x1c ./Middlewares/ST/STM32_USB_Device_Library/Core/Src/usbd_core.o
                0x0000000008008180                USBD_LL_SOF
 .text.USBD_GetLen
                0x000000000800819c       0x12 ./Middlewares/ST/STM32_USB_Device_Library/Core/Src/usbd_ctlreq.o
 .text.USBD_SetFeature
                0x00000000080081ae       0x14 ./Middlewares/ST/STM32_USB_Device_Library/Core/Src/usbd_ctlreq.o
 .text.USBD_ParseSetupRequest
                0x00000000080081c2       0x28 ./Middlewares/ST/STM32_USB_Device_Library/Core/Src/usbd_ctlreq.o
                0x00000000080081c2                USBD_ParseSetupRequest
 .text.USBD_CtlError
                0x00000000080081ea       0x14 ./Middlewares/ST/STM32_USB_Device_Library/Core/Src/usbd_ctlreq.o
                0x00000000080081ea                USBD_CtlError
 .text.USBD_GetDescriptor
                0x00000000080081fe      0x186 ./Middlewares/ST/STM32_USB_Device_Library/Core/Src/usbd_ctlreq.o
 .text.USBD_SetAddress
                0x0000000008008384       0x4e ./Middlewares/ST/STM32_USB_Device_Library/Core/Src/usbd_ctlreq.o
 *fill*         0x00000000080083d2        0x2 
 .text.USBD_SetConfig
                0x00000000080083d4       0xb0 ./Middlewares/ST/STM32_USB_Device_Library/Core/Src/usbd_ctlreq.o
 .text.USBD_GetConfig
                0x0000000008008484       0x3e ./Middlewares/ST/STM32_USB_Device_Library/Core/Src/usbd_ctlreq.o
 .text.USBD_GetStatus
                0x00000000080084c2       0x38 ./Middlewares/ST/STM32_USB_Device_Library/Core/Src/usbd_ctlreq.o
 .text.USBD_ClrFeature
                0x00000000080084fa       0x26 ./Middlewares/ST/STM32_USB_Device_Library/Core/Src/usbd_ctlreq.o
 .text.USBD_StdDevReq
                0x0000000008008520       0x68 ./Middlewares/ST/STM32_USB_Device_Library/Core/Src/usbd_ctlreq.o
                0x0000000008008520                USBD_StdDevReq
 .text.USBD_StdItfReq
                0x0000000008008588       0x60 ./Middlewares/ST/STM32_USB_Device_Library/Core/Src/usbd_ctlreq.o
                0x0000000008008588                USBD_StdItfReq
 .text.USBD_StdEPReq
                0x00000000080085e8      0x1e2 ./Middlewares/ST/STM32_USB_Device_Library/Core/Src/usbd_ctlreq.o
                0x00000000080085e8                USBD_StdEPReq
 .text.USBD_GetString
                0x00000000080087ca       0x38 ./Middlewares/ST/STM32_USB_Device_Library/Core/Src/usbd_ctlreq.o
                0x00000000080087ca                USBD_GetString
 .text.USBD_CtlSendData
                0x0000000008008802       0x1a ./Middlewares/ST/STM32_USB_Device_Library/Core/Src/usbd_ioreq.o
                0x0000000008008802                USBD_CtlSendData
 .text.USBD_CtlContinueSendData
                0x000000000800881c       0x10 ./Middlewares/ST/STM32_USB_Device_Library/Core/Src/usbd_ioreq.o
                0x000000000800881c                USBD_CtlContinueSendData
 .text.USBD_CtlPrepareRx
                0x000000000800882c       0x1e ./Middlewares/ST/STM32_USB_Device_Library/Core/Src/usbd_ioreq.o
                0x000000000800882c                USBD_CtlPrepareRx
 .text.USBD_CtlContinueRx
                0x000000000800884a       0x10 ./Middlewares/ST/STM32_USB_Device_Library/Core/Src/usbd_ioreq.o
                0x000000000800884a                USBD_CtlContinueRx
 .text.USBD_CtlSendStatus
                0x000000000800885a       0x16 ./Middlewares/ST/STM32_USB_Device_Library/Core/Src/usbd_ioreq.o
                0x000000000800885a                USBD_CtlSendStatus
 .text.USBD_CtlReceiveStatus
                0x0000000008008870       0x16 ./Middlewares/ST/STM32_USB_Device_Library/Core/Src/usbd_ioreq.o
                0x0000000008008870                USBD_CtlReceiveStatus
 *fill*         0x0000000008008886        0x2 
 .text.MX_USB_DEVICE_Init
                0x0000000008008888       0x54 ./USB_DEVICE/App/usb_device.o
                0x0000000008008888                MX_USB_DEVICE_Init
 .text._ZL13CDC_DeInit_FSv
                0x00000000080088dc        0x4 ./USB_DEVICE/App/usbd_cdc_if.o
 .text._ZL14CDC_Control_FShPht
                0x00000000080088e0        0x4 ./USB_DEVICE/App/usbd_cdc_if.o
 .text._ZL11CDC_Init_FSv
                0x00000000080088e4       0x28 ./USB_DEVICE/App/usbd_cdc_if.o
 .text.CDC_Transmit_FS
                0x000000000800890c       0x2c ./USB_DEVICE/App/usbd_cdc_if.o
                0x000000000800890c                CDC_Transmit_FS
 .text._ZL14CDC_Receive_FSPhPm
                0x0000000008008938       0x64 ./USB_DEVICE/App/usbd_cdc_if.o
 .text.USBD_FS_DeviceDescriptor
                0x000000000800899c        0xc ./USB_DEVICE/App/usbd_desc.o
                0x000000000800899c                USBD_FS_DeviceDescriptor
 .text.USBD_FS_LangIDStrDescriptor
                0x00000000080089a8        0xc ./USB_DEVICE/App/usbd_desc.o
                0x00000000080089a8                USBD_FS_LangIDStrDescriptor
 .text.IntToUnicode
                0x00000000080089b4       0x38 ./USB_DEVICE/App/usbd_desc.o
 .text.Get_SerialNum
                0x00000000080089ec       0x34 ./USB_DEVICE/App/usbd_desc.o
 .text.USBD_FS_SerialStrDescriptor
                0x0000000008008a20       0x14 ./USB_DEVICE/App/usbd_desc.o
                0x0000000008008a20                USBD_FS_SerialStrDescriptor
 .text.USBD_FS_ProductStrDescriptor
                0x0000000008008a34       0x24 ./USB_DEVICE/App/usbd_desc.o
                0x0000000008008a34                USBD_FS_ProductStrDescriptor
 .text.USBD_FS_ManufacturerStrDescriptor
                0x0000000008008a58       0x1c ./USB_DEVICE/App/usbd_desc.o
                0x0000000008008a58                USBD_FS_ManufacturerStrDescriptor
 .text.USBD_FS_ConfigStrDescriptor
                0x0000000008008a74       0x24 ./USB_DEVICE/App/usbd_desc.o
                0x0000000008008a74                USBD_FS_ConfigStrDescriptor
 .text.USBD_FS_InterfaceStrDescriptor
                0x0000000008008a98       0x24 ./USB_DEVICE/App/usbd_desc.o
                0x0000000008008a98                USBD_FS_InterfaceStrDescriptor
 .text.USBD_Get_USB_Status
                0x0000000008008abc       0x14 ./USB_DEVICE/Target/usbd_conf.o
 .text.HAL_PCD_MspInit
                0x0000000008008ad0       0x50 ./USB_DEVICE/Target/usbd_conf.o
                0x0000000008008ad0                HAL_PCD_MspInit
 .text.HAL_PCD_SetupStageCallback
                0x0000000008008b20       0x10 ./USB_DEVICE/Target/usbd_conf.o
                0x0000000008008b20                HAL_PCD_SetupStageCallback
 .text.HAL_PCD_DataOutStageCallback
                0x0000000008008b30       0x18 ./USB_DEVICE/Target/usbd_conf.o
                0x0000000008008b30                HAL_PCD_DataOutStageCallback
 .text.HAL_PCD_DataInStageCallback
                0x0000000008008b48       0x16 ./USB_DEVICE/Target/usbd_conf.o
                0x0000000008008b48                HAL_PCD_DataInStageCallback
 .text.HAL_PCD_SOFCallback
                0x0000000008008b5e        0xc ./USB_DEVICE/Target/usbd_conf.o
                0x0000000008008b5e                HAL_PCD_SOFCallback
 .text.HAL_PCD_ResetCallback
                0x0000000008008b6a       0x24 ./USB_DEVICE/Target/usbd_conf.o
                0x0000000008008b6a                HAL_PCD_ResetCallback
 *fill*         0x0000000008008b8e        0x2 
 .text.HAL_PCD_SuspendCallback
                0x0000000008008b90       0x20 ./USB_DEVICE/Target/usbd_conf.o
                0x0000000008008b90                HAL_PCD_SuspendCallback
 .text.HAL_PCD_ResumeCallback
                0x0000000008008bb0        0xc ./USB_DEVICE/Target/usbd_conf.o
                0x0000000008008bb0                HAL_PCD_ResumeCallback
 .text.USBD_LL_Init
                0x0000000008008bbc       0x84 ./USB_DEVICE/Target/usbd_conf.o
                0x0000000008008bbc                USBD_LL_Init
 .text.USBD_LL_Start
                0x0000000008008c40       0x10 ./USB_DEVICE/Target/usbd_conf.o
                0x0000000008008c40                USBD_LL_Start
 .text.USBD_LL_OpenEP
                0x0000000008008c50       0x16 ./USB_DEVICE/Target/usbd_conf.o
                0x0000000008008c50                USBD_LL_OpenEP
 .text.USBD_LL_CloseEP
                0x0000000008008c66       0x10 ./USB_DEVICE/Target/usbd_conf.o
                0x0000000008008c66                USBD_LL_CloseEP
 .text.USBD_LL_StallEP
                0x0000000008008c76       0x10 ./USB_DEVICE/Target/usbd_conf.o
                0x0000000008008c76                USBD_LL_StallEP
 .text.USBD_LL_ClearStallEP
                0x0000000008008c86       0x10 ./USB_DEVICE/Target/usbd_conf.o
                0x0000000008008c86                USBD_LL_ClearStallEP
 .text.USBD_LL_IsStallEP
                0x0000000008008c96       0x2e ./USB_DEVICE/Target/usbd_conf.o
                0x0000000008008c96                USBD_LL_IsStallEP
 .text.USBD_LL_SetUSBAddress
                0x0000000008008cc4       0x10 ./USB_DEVICE/Target/usbd_conf.o
                0x0000000008008cc4                USBD_LL_SetUSBAddress
 .text.USBD_LL_Transmit
                0x0000000008008cd4       0x10 ./USB_DEVICE/Target/usbd_conf.o
                0x0000000008008cd4                USBD_LL_Transmit
 .text.USBD_LL_PrepareReceive
                0x0000000008008ce4       0x10 ./USB_DEVICE/Target/usbd_conf.o
                0x0000000008008ce4                USBD_LL_PrepareReceive
 .text.USBD_LL_GetRxDataSize
                0x0000000008008cf4        0xc ./USB_DEVICE/Target/usbd_conf.o
                0x0000000008008cf4                USBD_LL_GetRxDataSize
 .text.USBD_static_malloc
                0x0000000008008d00        0x8 ./USB_DEVICE/Target/usbd_conf.o
                0x0000000008008d00                USBD_static_malloc
 .text.USBD_static_free
                0x0000000008008d08        0x2 ./USB_DEVICE/Target/usbd_conf.o
                0x0000000008008d08                USBD_static_free
 .text.HAL_PCDEx_SetConnectionState
                0x0000000008008d0a        0x2 ./USB_DEVICE/Target/usbd_conf.o
                0x0000000008008d0a                HAL_PCDEx_SetConnectionState
 .text._ZdlPv   0x0000000008008d0c        0x4 c:/st/stm32cubeide_1.6.1/stm32cubeide/plugins/com.st.stm32cube.ide.mcu.externaltools.gnu-tools-for-stm32.9-2020-q2-update.win32_2.0.0.202105311346/tools/bin/../lib/gcc/arm-none-eabi/9.3.1/../../../../arm-none-eabi/lib/thumb/v7-m/nofp\libstdc++_nano.a(del_op.o)
                0x0000000008008d0c                operator delete(void*)
 .text.unlikely._ZSt17__throw_bad_allocv
                0x0000000008008d10        0x6 c:/st/stm32cubeide_1.6.1/stm32cubeide/plugins/com.st.stm32cube.ide.mcu.externaltools.gnu-tools-for-stm32.9-2020-q2-update.win32_2.0.0.202105311346/tools/bin/../lib/gcc/arm-none-eabi/9.3.1/../../../../arm-none-eabi/lib/thumb/v7-m/nofp\libstdc++_nano.a(functexcept.o)
                0x0000000008008d10                std::__throw_bad_alloc()
 .text.unlikely._ZSt19__throw_logic_errorPKc
                0x0000000008008d16        0x6 c:/st/stm32cubeide_1.6.1/stm32cubeide/plugins/com.st.stm32cube.ide.mcu.externaltools.gnu-tools-for-stm32.9-2020-q2-update.win32_2.0.0.202105311346/tools/bin/../lib/gcc/arm-none-eabi/9.3.1/../../../../arm-none-eabi/lib/thumb/v7-m/nofp\libstdc++_nano.a(functexcept.o)
                0x0000000008008d16                std::__throw_logic_error(char const*)
 .text.unlikely._ZSt24__throw_invalid_argumentPKc
                0x0000000008008d1c        0x6 c:/st/stm32cubeide_1.6.1/stm32cubeide/plugins/com.st.stm32cube.ide.mcu.externaltools.gnu-tools-for-stm32.9-2020-q2-update.win32_2.0.0.202105311346/tools/bin/../lib/gcc/arm-none-eabi/9.3.1/../../../../arm-none-eabi/lib/thumb/v7-m/nofp\libstdc++_nano.a(functexcept.o)
                0x0000000008008d1c                std::__throw_invalid_argument(char const*)
 .text.unlikely._ZSt20__throw_length_errorPKc
                0x0000000008008d22        0x6 c:/st/stm32cubeide_1.6.1/stm32cubeide/plugins/com.st.stm32cube.ide.mcu.externaltools.gnu-tools-for-stm32.9-2020-q2-update.win32_2.0.0.202105311346/tools/bin/../lib/gcc/arm-none-eabi/9.3.1/../../../../arm-none-eabi/lib/thumb/v7-m/nofp\libstdc++_nano.a(functexcept.o)
                0x0000000008008d22                std::__throw_length_error(char const*)
 .text.unlikely._ZSt20__throw_out_of_rangePKc
                0x0000000008008d28        0x6 c:/st/stm32cubeide_1.6.1/stm32cubeide/plugins/com.st.stm32cube.ide.mcu.externaltools.gnu-tools-for-stm32.9-2020-q2-update.win32_2.0.0.202105311346/tools/bin/../lib/gcc/arm-none-eabi/9.3.1/../../../../arm-none-eabi/lib/thumb/v7-m/nofp\libstdc++_nano.a(functexcept.o)
                0x0000000008008d28                std::__throw_out_of_range(char const*)
 .text._ZSt24__throw_out_of_range_fmtPKcz
                0x0000000008008d2e       0x36 c:/st/stm32cubeide_1.6.1/stm32cubeide/plugins/com.st.stm32cube.ide.mcu.externaltools.gnu-tools-for-stm32.9-2020-q2-update.win32_2.0.0.202105311346/tools/bin/../lib/gcc/arm-none-eabi/9.3.1/../../../../arm-none-eabi/lib/thumb/v7-m/nofp\libstdc++_nano.a(functexcept.o)
                0x0000000008008d2e                std::__throw_out_of_range_fmt(char const*, ...)
 .text._ZN9__gnu_cxx26__throw_insufficient_spaceEPKcS1_
                0x0000000008008d64       0x4c c:/st/stm32cubeide_1.6.1/stm32cubeide/plugins/com.st.stm32cube.ide.mcu.externaltools.gnu-tools-for-stm32.9-2020-q2-update.win32_2.0.0.202105311346/tools/bin/../lib/gcc/arm-none-eabi/9.3.1/../../../../arm-none-eabi/lib/thumb/v7-m/nofp\libstdc++_nano.a(snprintf_lite.o)
                0x0000000008008d64                __gnu_cxx::__throw_insufficient_space(char const*, char const*)
 .text._ZN9__gnu_cxx15__concat_size_tEPcjj
                0x0000000008008db0       0x58 c:/st/stm32cubeide_1.6.1/stm32cubeide/plugins/com.st.stm32cube.ide.mcu.externaltools.gnu-tools-for-stm32.9-2020-q2-update.win32_2.0.0.202105311346/tools/bin/../lib/gcc/arm-none-eabi/9.3.1/../../../../arm-none-eabi/lib/thumb/v7-m/nofp\libstdc++_nano.a(snprintf_lite.o)
                0x0000000008008db0                __gnu_cxx::__concat_size_t(char*, unsigned int, unsigned int)
 .text._ZN9__gnu_cxx15__snprintf_liteEPcjPKcSt9__va_list
                0x0000000008008e08       0x82 c:/st/stm32cubeide_1.6.1/stm32cubeide/plugins/com.st.stm32cube.ide.mcu.externaltools.gnu-tools-for-stm32.9-2020-q2-update.win32_2.0.0.202105311346/tools/bin/../lib/gcc/arm-none-eabi/9.3.1/../../../../arm-none-eabi/lib/thumb/v7-m/nofp\libstdc++_nano.a(snprintf_lite.o)
                0x0000000008008e08                __gnu_cxx::__snprintf_lite(char*, unsigned int, char const*, std::__va_list)
 .text._ZNSt11char_traitsIcE7compareEPKcS2_j
                0x0000000008008e8a        0xa c:/st/stm32cubeide_1.6.1/stm32cubeide/plugins/com.st.stm32cube.ide.mcu.externaltools.gnu-tools-for-stm32.9-2020-q2-update.win32_2.0.0.202105311346/tools/bin/../lib/gcc/arm-none-eabi/9.3.1/../../../../arm-none-eabi/lib/thumb/v7-m/nofp\libstdc++_nano.a(string-inst.o)
                0x0000000008008e8a                std::char_traits<char>::compare(char const*, char const*, unsigned int)
 .text._ZNSt11char_traitsIcE4findEPKcjRS1_
                0x0000000008008e94       0x10 c:/st/stm32cubeide_1.6.1/stm32cubeide/plugins/com.st.stm32cube.ide.mcu.externaltools.gnu-tools-for-stm32.9-2020-q2-update.win32_2.0.0.202105311346/tools/bin/../lib/gcc/arm-none-eabi/9.3.1/../../../../arm-none-eabi/lib/thumb/v7-m/nofp\libstdc++_nano.a(string-inst.o)
                0x0000000008008e94                std::char_traits<char>::find(char const*, unsigned int, char const&)
 .text._ZNSt11char_traitsIcE4copyEPcPKcj
                0x0000000008008ea4        0x8 c:/st/stm32cubeide_1.6.1/stm32cubeide/plugins/com.st.stm32cube.ide.mcu.externaltools.gnu-tools-for-stm32.9-2020-q2-update.win32_2.0.0.202105311346/tools/bin/../lib/gcc/arm-none-eabi/9.3.1/../../../../arm-none-eabi/lib/thumb/v7-m/nofp\libstdc++_nano.a(string-inst.o)
                0x0000000008008ea4                std::char_traits<char>::copy(char*, char const*, unsigned int)
 .text._ZNSt7__cxx1112basic_stringIcSt11char_traitsIcESaIcEE9_M_createERjj
                0x0000000008008eac       0x44 c:/st/stm32cubeide_1.6.1/stm32cubeide/plugins/com.st.stm32cube.ide.mcu.externaltools.gnu-tools-for-stm32.9-2020-q2-update.win32_2.0.0.202105311346/tools/bin/../lib/gcc/arm-none-eabi/9.3.1/../../../../arm-none-eabi/lib/thumb/v7-m/nofp\libstdc++_nano.a(string-inst.o)
                0x0000000008008eac                std::__cxx11::basic_string<char, std::char_traits<char>, std::allocator<char> >::_M_create(unsigned int&, unsigned int)
 .text._ZNSt7__cxx1112basic_stringIcSt11char_traitsIcESaIcEE10_M_disposeEv
                0x0000000008008ef0       0x10 c:/st/stm32cubeide_1.6.1/stm32cubeide/plugins/com.st.stm32cube.ide.mcu.externaltools.gnu-tools-for-stm32.9-2020-q2-update.win32_2.0.0.202105311346/tools/bin/../lib/gcc/arm-none-eabi/9.3.1/../../../../arm-none-eabi/lib/thumb/v7-m/nofp\libstdc++_nano.a(string-inst.o)
                0x0000000008008ef0                std::__cxx11::basic_string<char, std::char_traits<char>, std::allocator<char> >::_M_dispose()
 .text._ZNSt7__cxx1112basic_stringIcSt11char_traitsIcESaIcEE7_S_copyEPcPKcj
                0x0000000008008f00       0x12 c:/st/stm32cubeide_1.6.1/stm32cubeide/plugins/com.st.stm32cube.ide.mcu.externaltools.gnu-tools-for-stm32.9-2020-q2-update.win32_2.0.0.202105311346/tools/bin/../lib/gcc/arm-none-eabi/9.3.1/../../../../arm-none-eabi/lib/thumb/v7-m/nofp\libstdc++_nano.a(string-inst.o)
                0x0000000008008f00                std::__cxx11::basic_string<char, std::char_traits<char>, std::allocator<char> >::_S_copy(char*, char const*, unsigned int)
 .text._ZNSt7__cxx1112basic_stringIcSt11char_traitsIcESaIcEE9_M_mutateEjjPKcj
                0x0000000008008f12       0x76 c:/st/stm32cubeide_1.6.1/stm32cubeide/plugins/com.st.stm32cube.ide.mcu.externaltools.gnu-tools-for-stm32.9-2020-q2-update.win32_2.0.0.202105311346/tools/bin/../lib/gcc/arm-none-eabi/9.3.1/../../../../arm-none-eabi/lib/thumb/v7-m/nofp\libstdc++_nano.a(string-inst.o)
                0x0000000008008f12                std::__cxx11::basic_string<char, std::char_traits<char>, std::allocator<char> >::_M_mutate(unsigned int, unsigned int, char const*, unsigned int)
 .text._ZNSt7__cxx1112basic_stringIcSt11char_traitsIcESaIcEE9_M_appendEPKcj
                0x0000000008008f88       0x40 c:/st/stm32cubeide_1.6.1/stm32cubeide/plugins/com.st.stm32cube.ide.mcu.externaltools.gnu-tools-for-stm32.9-2020-q2-update.win32_2.0.0.202105311346/tools/bin/../lib/gcc/arm-none-eabi/9.3.1/../../../../arm-none-eabi/lib/thumb/v7-m/nofp\libstdc++_nano.a(string-inst.o)
                0x0000000008008f88                std::__cxx11::basic_string<char, std::char_traits<char>, std::allocator<char> >::_M_append(char const*, unsigned int)
 .text._ZNKSt7__cxx1112basic_stringIcSt11char_traitsIcESaIcEE4findEPKcjj
                0x0000000008008fc8       0x62 c:/st/stm32cubeide_1.6.1/stm32cubeide/plugins/com.st.stm32cube.ide.mcu.externaltools.gnu-tools-for-stm32.9-2020-q2-update.win32_2.0.0.202105311346/tools/bin/../lib/gcc/arm-none-eabi/9.3.1/../../../../arm-none-eabi/lib/thumb/v7-m/nofp\libstdc++_nano.a(string-inst.o)
                0x0000000008008fc8                std::__cxx11::basic_string<char, std::char_traits<char>, std::allocator<char> >::find(char const*, unsigned int, unsigned int) const
 .text._ZNKSt7__cxx1112basic_stringIcSt11char_traitsIcESaIcEE4findEcj
                0x000000000800902a       0x2a c:/st/stm32cubeide_1.6.1/stm32cubeide/plugins/com.st.stm32cube.ide.mcu.externaltools.gnu-tools-for-stm32.9-2020-q2-update.win32_2.0.0.202105311346/tools/bin/../lib/gcc/arm-none-eabi/9.3.1/../../../../arm-none-eabi/lib/thumb/v7-m/nofp\libstdc++_nano.a(string-inst.o)
                0x000000000800902a                std::__cxx11::basic_string<char, std::char_traits<char>, std::allocator<char> >::find(char, unsigned int) const
 .text._ZNSt7__cxx1112basic_stringIcSt11char_traitsIcESaIcEEC2EPKcRKS3_
                0x0000000008009054       0x2c c:/st/stm32cubeide_1.6.1/stm32cubeide/plugins/com.st.stm32cube.ide.mcu.externaltools.gnu-tools-for-stm32.9-2020-q2-update.win32_2.0.0.202105311346/tools/bin/../lib/gcc/arm-none-eabi/9.3.1/../../../../arm-none-eabi/lib/thumb/v7-m/nofp\libstdc++_nano.a(string-inst.o)
                0x0000000008009054                std::__cxx11::basic_string<char, std::char_traits<char>, std::allocator<char> >::basic_string(char const*, std::allocator<char> const&)
                0x0000000008009054                std::__cxx11::basic_string<char, std::char_traits<char>, std::allocator<char> >::basic_string(char const*, std::allocator<char> const&)
 .text._Znwj    0x0000000008009080       0x22 c:/st/stm32cubeide_1.6.1/stm32cubeide/plugins/com.st.stm32cube.ide.mcu.externaltools.gnu-tools-for-stm32.9-2020-q2-update.win32_2.0.0.202105311346/tools/bin/../lib/gcc/arm-none-eabi/9.3.1/../../../../arm-none-eabi/lib/thumb/v7-m/nofp\libstdc++_nano.a(new_op.o)
                0x0000000008009080                operator new(unsigned int)
 *fill*         0x00000000080090a2        0x2 
 .text._ZSt15get_new_handlerv
                0x00000000080090a4       0x10 c:/st/stm32cubeide_1.6.1/stm32cubeide/plugins/com.st.stm32cube.ide.mcu.externaltools.gnu-tools-for-stm32.9-2020-q2-update.win32_2.0.0.202105311346/tools/bin/../lib/gcc/arm-none-eabi/9.3.1/../../../../arm-none-eabi/lib/thumb/v7-m/nofp\libstdc++_nano.a(new_handler.o)
                0x00000000080090a4                std::get_new_handler()
 .text.abort    0x00000000080090b4        0xe c:/st/stm32cubeide_1.6.1/stm32cubeide/plugins/com.st.stm32cube.ide.mcu.externaltools.gnu-tools-for-stm32.9-2020-q2-update.win32_2.0.0.202105311346/tools/bin/../lib/gcc/arm-none-eabi/9.3.1/../../../../arm-none-eabi/lib/thumb/v7-m/nofp\libc_nano.a(lib_a-abort.o)
                0x00000000080090b4                abort
 *fill*         0x00000000080090c2        0x2 
 .text.__errno  0x00000000080090c4        0xc c:/st/stm32cubeide_1.6.1/stm32cubeide/plugins/com.st.stm32cube.ide.mcu.externaltools.gnu-tools-for-stm32.9-2020-q2-update.win32_2.0.0.202105311346/tools/bin/../lib/gcc/arm-none-eabi/9.3.1/../../../../arm-none-eabi/lib/thumb/v7-m/nofp\libc_nano.a(lib_a-errno.o)
                0x00000000080090c4                __errno
 .text.__libc_init_array
                0x00000000080090d0       0x48 c:/st/stm32cubeide_1.6.1/stm32cubeide/plugins/com.st.stm32cube.ide.mcu.externaltools.gnu-tools-for-stm32.9-2020-q2-update.win32_2.0.0.202105311346/tools/bin/../lib/gcc/arm-none-eabi/9.3.1/../../../../arm-none-eabi/lib/thumb/v7-m/nofp\libc_nano.a(lib_a-init.o)
                0x00000000080090d0                __libc_init_array
 .text.__itoa   0x0000000008009118       0x30 c:/st/stm32cubeide_1.6.1/stm32cubeide/plugins/com.st.stm32cube.ide.mcu.externaltools.gnu-tools-for-stm32.9-2020-q2-update.win32_2.0.0.202105311346/tools/bin/../lib/gcc/arm-none-eabi/9.3.1/../../../../arm-none-eabi/lib/thumb/v7-m/nofp\libc_nano.a(lib_a-itoa.o)
                0x0000000008009118                __itoa
 .text.itoa     0x0000000008009148        0x4 c:/st/stm32cubeide_1.6.1/stm32cubeide/plugins/com.st.stm32cube.ide.mcu.externaltools.gnu-tools-for-stm32.9-2020-q2-update.win32_2.0.0.202105311346/tools/bin/../lib/gcc/arm-none-eabi/9.3.1/../../../../arm-none-eabi/lib/thumb/v7-m/nofp\libc_nano.a(lib_a-itoa.o)
                0x0000000008009148                itoa
 .text.malloc   0x000000000800914c       0x10 c:/st/stm32cubeide_1.6.1/stm32cubeide/plugins/com.st.stm32cube.ide.mcu.externaltools.gnu-tools-for-stm32.9-2020-q2-update.win32_2.0.0.202105311346/tools/bin/../lib/gcc/arm-none-eabi/9.3.1/../../../../arm-none-eabi/lib/thumb/v7-m/nofp\libc_nano.a(lib_a-malloc.o)
                0x000000000800914c                malloc
 .text.free     0x000000000800915c       0x10 c:/st/stm32cubeide_1.6.1/stm32cubeide/plugins/com.st.stm32cube.ide.mcu.externaltools.gnu-tools-for-stm32.9-2020-q2-update.win32_2.0.0.202105311346/tools/bin/../lib/gcc/arm-none-eabi/9.3.1/../../../../arm-none-eabi/lib/thumb/v7-m/nofp\libc_nano.a(lib_a-malloc.o)
                0x000000000800915c                free
 .text.memchr   0x000000000800916c       0x1c c:/st/stm32cubeide_1.6.1/stm32cubeide/plugins/com.st.stm32cube.ide.mcu.externaltools.gnu-tools-for-stm32.9-2020-q2-update.win32_2.0.0.202105311346/tools/bin/../lib/gcc/arm-none-eabi/9.3.1/../../../../arm-none-eabi/lib/thumb/v7-m/nofp\libc_nano.a(lib_a-memchr-stub.o)
                0x000000000800916c                memchr
 .text.memcmp   0x0000000008009188       0x1c c:/st/stm32cubeide_1.6.1/stm32cubeide/plugins/com.st.stm32cube.ide.mcu.externaltools.gnu-tools-for-stm32.9-2020-q2-update.win32_2.0.0.202105311346/tools/bin/../lib/gcc/arm-none-eabi/9.3.1/../../../../arm-none-eabi/lib/thumb/v7-m/nofp\libc_nano.a(lib_a-memcmp.o)
                0x0000000008009188                memcmp
 .text.memcpy   0x00000000080091a4       0x1c c:/st/stm32cubeide_1.6.1/stm32cubeide/plugins/com.st.stm32cube.ide.mcu.externaltools.gnu-tools-for-stm32.9-2020-q2-update.win32_2.0.0.202105311346/tools/bin/../lib/gcc/arm-none-eabi/9.3.1/../../../../arm-none-eabi/lib/thumb/v7-m/nofp\libc_nano.a(lib_a-memcpy-stub.o)
                0x00000000080091a4                memcpy
 .text.memset   0x00000000080091c0       0x10 c:/st/stm32cubeide_1.6.1/stm32cubeide/plugins/com.st.stm32cube.ide.mcu.externaltools.gnu-tools-for-stm32.9-2020-q2-update.win32_2.0.0.202105311346/tools/bin/../lib/gcc/arm-none-eabi/9.3.1/../../../../arm-none-eabi/lib/thumb/v7-m/nofp\libc_nano.a(lib_a-memset.o)
                0x00000000080091c0                memset
 .text._free_r  0x00000000080091d0       0x98 c:/st/stm32cubeide_1.6.1/stm32cubeide/plugins/com.st.stm32cube.ide.mcu.externaltools.gnu-tools-for-stm32.9-2020-q2-update.win32_2.0.0.202105311346/tools/bin/../lib/gcc/arm-none-eabi/9.3.1/../../../../arm-none-eabi/lib/thumb/v7-m/nofp\libc_nano.a(lib_a-nano-freer.o)
                0x00000000080091d0                _free_r
 .text._malloc_r
                0x0000000008009268       0xb4 c:/st/stm32cubeide_1.6.1/stm32cubeide/plugins/com.st.stm32cube.ide.mcu.externaltools.gnu-tools-for-stm32.9-2020-q2-update.win32_2.0.0.202105311346/tools/bin/../lib/gcc/arm-none-eabi/9.3.1/../../../../arm-none-eabi/lib/thumb/v7-m/nofp\libc_nano.a(lib_a-nano-mallocr.o)
                0x0000000008009268                _malloc_r
 .text._sbrk_r  0x000000000800931c       0x20 c:/st/stm32cubeide_1.6.1/stm32cubeide/plugins/com.st.stm32cube.ide.mcu.externaltools.gnu-tools-for-stm32.9-2020-q2-update.win32_2.0.0.202105311346/tools/bin/../lib/gcc/arm-none-eabi/9.3.1/../../../../arm-none-eabi/lib/thumb/v7-m/nofp\libc_nano.a(lib_a-sbrkr.o)
                0x000000000800931c                _sbrk_r
 .text._raise_r
                0x000000000800933c       0x50 c:/st/stm32cubeide_1.6.1/stm32cubeide/plugins/com.st.stm32cube.ide.mcu.externaltools.gnu-tools-for-stm32.9-2020-q2-update.win32_2.0.0.202105311346/tools/bin/../lib/gcc/arm-none-eabi/9.3.1/../../../../arm-none-eabi/lib/thumb/v7-m/nofp\libc_nano.a(lib_a-signal.o)
                0x000000000800933c                _raise_r
 .text.raise    0x000000000800938c       0x10 c:/st/stm32cubeide_1.6.1/stm32cubeide/plugins/com.st.stm32cube.ide.mcu.externaltools.gnu-tools-for-stm32.9-2020-q2-update.win32_2.0.0.202105311346/tools/bin/../lib/gcc/arm-none-eabi/9.3.1/../../../../arm-none-eabi/lib/thumb/v7-m/nofp\libc_nano.a(lib_a-signal.o)
                0x000000000800938c                raise
 .text._kill_r  0x000000000800939c       0x24 c:/st/stm32cubeide_1.6.1/stm32cubeide/plugins/com.st.stm32cube.ide.mcu.externaltools.gnu-tools-for-stm32.9-2020-q2-update.win32_2.0.0.202105311346/tools/bin/../lib/gcc/arm-none-eabi/9.3.1/../../../../arm-none-eabi/lib/thumb/v7-m/nofp\libc_nano.a(lib_a-signalr.o)
                0x000000000800939c                _kill_r
 .text._getpid_r
                0x00000000080093c0        0x4 c:/st/stm32cubeide_1.6.1/stm32cubeide/plugins/com.st.stm32cube.ide.mcu.externaltools.gnu-tools-for-stm32.9-2020-q2-update.win32_2.0.0.202105311346/tools/bin/../lib/gcc/arm-none-eabi/9.3.1/../../../../arm-none-eabi/lib/thumb/v7-m/nofp\libc_nano.a(lib_a-signalr.o)
                0x00000000080093c0                _getpid_r
 .text.strcpy   0x00000000080093c4       0x10 c:/st/stm32cubeide_1.6.1/stm32cubeide/plugins/com.st.stm32cube.ide.mcu.externaltools.gnu-tools-for-stm32.9-2020-q2-update.win32_2.0.0.202105311346/tools/bin/../lib/gcc/arm-none-eabi/9.3.1/../../../../arm-none-eabi/lib/thumb/v7-m/nofp\libc_nano.a(lib_a-strcpy.o)
                0x00000000080093c4                strcpy
 .text._strtol_l.isra.0
                0x00000000080093d4      0x10c c:/st/stm32cubeide_1.6.1/stm32cubeide/plugins/com.st.stm32cube.ide.mcu.externaltools.gnu-tools-for-stm32.9-2020-q2-update.win32_2.0.0.202105311346/tools/bin/../lib/gcc/arm-none-eabi/9.3.1/../../../../arm-none-eabi/lib/thumb/v7-m/nofp\libc_nano.a(lib_a-strtol.o)
 .text.strtol   0x00000000080094e0       0x14 c:/st/stm32cubeide_1.6.1/stm32cubeide/plugins/com.st.stm32cube.ide.mcu.externaltools.gnu-tools-for-stm32.9-2020-q2-update.win32_2.0.0.202105311346/tools/bin/../lib/gcc/arm-none-eabi/9.3.1/../../../../arm-none-eabi/lib/thumb/v7-m/nofp\libc_nano.a(lib_a-strtol.o)
                0x00000000080094e0                strtol
 .text.__utoa   0x00000000080094f4       0x84 c:/st/stm32cubeide_1.6.1/stm32cubeide/plugins/com.st.stm32cube.ide.mcu.externaltools.gnu-tools-for-stm32.9-2020-q2-update.win32_2.0.0.202105311346/tools/bin/../lib/gcc/arm-none-eabi/9.3.1/../../../../arm-none-eabi/lib/thumb/v7-m/nofp\libc_nano.a(lib_a-utoa.o)
                0x00000000080094f4                __utoa
 .text.__malloc_lock
                0x0000000008009578        0xc c:/st/stm32cubeide_1.6.1/stm32cubeide/plugins/com.st.stm32cube.ide.mcu.externaltools.gnu-tools-for-stm32.9-2020-q2-update.win32_2.0.0.202105311346/tools/bin/../lib/gcc/arm-none-eabi/9.3.1/../../../../arm-none-eabi/lib/thumb/v7-m/nofp\libc_nano.a(lib_a-mlock.o)
                0x0000000008009578                __malloc_lock
 .text.__malloc_unlock
                0x0000000008009584        0xc c:/st/stm32cubeide_1.6.1/stm32cubeide/plugins/com.st.stm32cube.ide.mcu.externaltools.gnu-tools-for-stm32.9-2020-q2-update.win32_2.0.0.202105311346/tools/bin/../lib/gcc/arm-none-eabi/9.3.1/../../../../arm-none-eabi/lib/thumb/v7-m/nofp\libc_nano.a(lib_a-mlock.o)
                0x0000000008009584                __malloc_unlock
 .text.__retarget_lock_acquire_recursive
                0x0000000008009590        0x2 c:/st/stm32cubeide_1.6.1/stm32cubeide/plugins/com.st.stm32cube.ide.mcu.externaltools.gnu-tools-for-stm32.9-2020-q2-update.win32_2.0.0.202105311346/tools/bin/../lib/gcc/arm-none-eabi/9.3.1/../../../../arm-none-eabi/lib/thumb/v7-m/nofp\libc_nano.a(lib_a-lock.o)
                0x0000000008009590                __retarget_lock_acquire_recursive
 .text.__retarget_lock_release_recursive
                0x0000000008009592        0x2 c:/st/stm32cubeide_1.6.1/stm32cubeide/plugins/com.st.stm32cube.ide.mcu.externaltools.gnu-tools-for-stm32.9-2020-q2-update.win32_2.0.0.202105311346/tools/bin/../lib/gcc/arm-none-eabi/9.3.1/../../../../arm-none-eabi/lib/thumb/v7-m/nofp\libc_nano.a(lib_a-lock.o)
                0x0000000008009592                __retarget_lock_release_recursive
 *(.glue_7)
 .glue_7        0x0000000008009594        0x0 linker stubs
 *(.glue_7t)
 .glue_7t       0x0000000008009594        0x0 linker stubs
 *(.eh_frame)
 .eh_frame      0x0000000008009594        0x0 c:/st/stm32cubeide_1.6.1/stm32cubeide/plugins/com.st.stm32cube.ide.mcu.externaltools.gnu-tools-for-stm32.9-2020-q2-update.win32_2.0.0.202105311346/tools/bin/../lib/gcc/arm-none-eabi/9.3.1/thumb/v7-m/nofp/crtbegin.o
 *(.init)
 .init          0x0000000008009594        0x4 c:/st/stm32cubeide_1.6.1/stm32cubeide/plugins/com.st.stm32cube.ide.mcu.externaltools.gnu-tools-for-stm32.9-2020-q2-update.win32_2.0.0.202105311346/tools/bin/../lib/gcc/arm-none-eabi/9.3.1/thumb/v7-m/nofp/crti.o
                0x0000000008009594                _init
 .init          0x0000000008009598        0x8 c:/st/stm32cubeide_1.6.1/stm32cubeide/plugins/com.st.stm32cube.ide.mcu.externaltools.gnu-tools-for-stm32.9-2020-q2-update.win32_2.0.0.202105311346/tools/bin/../lib/gcc/arm-none-eabi/9.3.1/thumb/v7-m/nofp/crtn.o
 *(.fini)
 .fini          0x00000000080095a0        0x4 c:/st/stm32cubeide_1.6.1/stm32cubeide/plugins/com.st.stm32cube.ide.mcu.externaltools.gnu-tools-for-stm32.9-2020-q2-update.win32_2.0.0.202105311346/tools/bin/../lib/gcc/arm-none-eabi/9.3.1/thumb/v7-m/nofp/crti.o
                0x00000000080095a0                _fini
 .fini          0x00000000080095a4        0x8 c:/st/stm32cubeide_1.6.1/stm32cubeide/plugins/com.st.stm32cube.ide.mcu.externaltools.gnu-tools-for-stm32.9-2020-q2-update.win32_2.0.0.202105311346/tools/bin/../lib/gcc/arm-none-eabi/9.3.1/thumb/v7-m/nofp/crtn.o
                0x00000000080095ac                . = ALIGN (0x4)
                0x00000000080095ac                _etext = .

.vfp11_veneer   0x00000000080095ac        0x0
 .vfp11_veneer  0x00000000080095ac        0x0 linker stubs

.v4_bx          0x00000000080095ac        0x0
 .v4_bx         0x00000000080095ac        0x0 linker stubs

.iplt           0x00000000080095ac        0x0
 .iplt          0x00000000080095ac        0x0 c:/st/stm32cubeide_1.6.1/stm32cubeide/plugins/com.st.stm32cube.ide.mcu.externaltools.gnu-tools-for-stm32.9-2020-q2-update.win32_2.0.0.202105311346/tools/bin/../lib/gcc/arm-none-eabi/9.3.1/thumb/v7-m/nofp/crtbegin.o

.rodata         0x00000000080095ac      0x50c
                0x00000000080095ac                . = ALIGN (0x4)
 *(.rodata)
 *(.rodata*)
 .rodata._Z3MsgNSt7__cxx1112basic_stringIcSt11char_traitsIcESaIcEEE.str1.4
                0x00000000080095ac       0x15 ./Core/Src/def.o
                                         0x1b (size before relaxing)
 *fill*         0x00000000080095c1        0x3 
 .rodata._ZNSt7__cxx1112basic_stringIcSt11char_traitsIcESaIcEE12_M_constructIPKcEEvT_S8_St20forward_iterator_tag.str1.4
                0x00000000080095c4       0x2a ./Core/Src/def.o
 *fill*         0x00000000080095ee        0x2 
 .rodata._Z17WaitForOptoStatushhhPKc.str1.4
                0x00000000080095f0       0x1a ./Core/Src/def.o
 *fill*         0x000000000800960a        0x2 
 .rodata._Z8RunMotorP12GPIO_TypeDeftS0_ttlsahtPKc.str1.4
                0x000000000800960c       0x3f ./Core/Src/def.o
 *fill*         0x000000000800964b        0x1 
 .rodata._Z7MagnFrvv.str1.4
                0x000000000800964c        0x3 ./Core/Src/def.o
 *fill*         0x000000000800964f        0x1 
 .rodata._Z12RunStepMotorihmahtPKc.str1.4
                0x0000000008009650       0x3b ./Core/Src/def.o
 *fill*         0x000000000800968b        0x1 
 .rodata._Z9PrintFotov.str1.4
                0x000000000800968c        0x7 ./Core/Src/def.o
 *fill*         0x0000000008009693        0x1 
 .rodata._Z23convertCommandToIntListRNSt7__cxx1112basic_stringIcSt11char_traitsIcESaIcEEEPt.str1.4
                0x0000000008009694       0x77 ./Core/Src/def.o
 *fill*         0x000000000800970b        0x1 
 .rodata._Z9Main_functhh.str1.4
                0x000000000800970c       0xf4 ./Core/Src/def.o
 .rodata._Z14executeCommandNSt7__cxx1112basic_stringIcSt11char_traitsIcESaIcEEE.str1.4
                0x0000000008009800       0x92 ./Core/Src/def.o
 *fill*         0x0000000008009892        0x2 
 .rodata.AHBPrescTable
                0x0000000008009894       0x10 ./Core/Src/system_stm32f1xx.o
                0x0000000008009894                AHBPrescTable
 .rodata.APBPrescTable
                0x00000000080098a4        0x8 ./Core/Src/system_stm32f1xx.o
                0x00000000080098a4                APBPrescTable
 .rodata.HAL_RCC_GetSysClockFreq.str1.4
                0x00000000080098ac       0x11 ./Drivers/STM32F1xx_HAL_Driver/Src/stm32f1xx_hal_rcc.o
 .rodata.HAL_RCCEx_GetPeriphCLKFreq.str1.4
                0x00000000080098bd       0x11 ./Drivers/STM32F1xx_HAL_Driver/Src/stm32f1xx_hal_rcc_ex.o
 *fill*         0x00000000080098bd        0x3 
 .rodata.USBD_FS_ProductStrDescriptor.str1.4
                0x00000000080098c0       0x16 ./USB_DEVICE/App/usbd_desc.o
 *fill*         0x00000000080098d6        0x2 
 .rodata.USBD_FS_ManufacturerStrDescriptor.str1.4
                0x00000000080098d8       0x13 ./USB_DEVICE/App/usbd_desc.o
 *fill*         0x00000000080098eb        0x1 
 .rodata.USBD_FS_ConfigStrDescriptor.str1.4
                0x00000000080098ec        0xb ./USB_DEVICE/App/usbd_desc.o
 *fill*         0x00000000080098f7        0x1 
 .rodata.USBD_FS_InterfaceStrDescriptor.str1.4
                0x00000000080098f8        0xe ./USB_DEVICE/App/usbd_desc.o
 .rodata._ZN9__gnu_cxx26__throw_insufficient_spaceEPKcS1_.str1.1
                0x0000000008009906       0x69 c:/st/stm32cubeide_1.6.1/stm32cubeide/plugins/com.st.stm32cube.ide.mcu.externaltools.gnu-tools-for-stm32.9-2020-q2-update.win32_2.0.0.202105311346/tools/bin/../lib/gcc/arm-none-eabi/9.3.1/../../../../arm-none-eabi/lib/thumb/v7-m/nofp\libstdc++_nano.a(snprintf_lite.o)
 .rodata._ZN9__gnu_cxx15__concat_size_tEPcjj.str1.1
                0x000000000800996f        0xb c:/st/stm32cubeide_1.6.1/stm32cubeide/plugins/com.st.stm32cube.ide.mcu.externaltools.gnu-tools-for-stm32.9-2020-q2-update.win32_2.0.0.202105311346/tools/bin/../lib/gcc/arm-none-eabi/9.3.1/../../../../arm-none-eabi/lib/thumb/v7-m/nofp\libstdc++_nano.a(snprintf_lite.o)
 .rodata._ZNSt7__cxx1112basic_stringIcSt11char_traitsIcESaIcEE9_M_createERjj.str1.1
                0x000000000800997a       0x18 c:/st/stm32cubeide_1.6.1/stm32cubeide/plugins/com.st.stm32cube.ide.mcu.externaltools.gnu-tools-for-stm32.9-2020-q2-update.win32_2.0.0.202105311346/tools/bin/../lib/gcc/arm-none-eabi/9.3.1/../../../../arm-none-eabi/lib/thumb/v7-m/nofp\libstdc++_nano.a(string-inst.o)
 .rodata.__utoa.str1.1
                0x0000000008009992       0x25 c:/st/stm32cubeide_1.6.1/stm32cubeide/plugins/com.st.stm32cube.ide.mcu.externaltools.gnu-tools-for-stm32.9-2020-q2-update.win32_2.0.0.202105311346/tools/bin/../lib/gcc/arm-none-eabi/9.3.1/../../../../arm-none-eabi/lib/thumb/v7-m/nofp\libc_nano.a(lib_a-utoa.o)
 .rodata._ctype_
                0x00000000080099b7      0x101 c:/st/stm32cubeide_1.6.1/stm32cubeide/plugins/com.st.stm32cube.ide.mcu.externaltools.gnu-tools-for-stm32.9-2020-q2-update.win32_2.0.0.202105311346/tools/bin/../lib/gcc/arm-none-eabi/9.3.1/../../../../arm-none-eabi/lib/thumb/v7-m/nofp\libc_nano.a(lib_a-ctype_.o)
                0x00000000080099b7                _ctype_
                0x0000000008009ab8                . = ALIGN (0x4)

.rel.dyn        0x0000000008009ab8        0x0
 .rel.iplt      0x0000000008009ab8        0x0 c:/st/stm32cubeide_1.6.1/stm32cubeide/plugins/com.st.stm32cube.ide.mcu.externaltools.gnu-tools-for-stm32.9-2020-q2-update.win32_2.0.0.202105311346/tools/bin/../lib/gcc/arm-none-eabi/9.3.1/thumb/v7-m/nofp/crtbegin.o

.ARM.extab      0x0000000008009ab8        0x0
                0x0000000008009ab8                . = ALIGN (0x4)
 *(.ARM.extab* .gnu.linkonce.armextab.*)
                0x0000000008009ab8                . = ALIGN (0x4)

.ARM            0x0000000008009ab8        0x0
                0x0000000008009ab8                . = ALIGN (0x4)
                0x0000000008009ab8                __exidx_start = .
 *(.ARM.exidx*)
                0x0000000008009ab8                __exidx_end = .
                0x0000000008009ab8                . = ALIGN (0x4)

.preinit_array  0x0000000008009ab8        0x0
                0x0000000008009ab8                . = ALIGN (0x4)
                0x0000000008009ab8                PROVIDE (__preinit_array_start = .)
 *(.preinit_array*)
                0x0000000008009ab8                PROVIDE (__preinit_array_end = .)
                0x0000000008009ab8                . = ALIGN (0x4)

.init_array     0x0000000008009ab8        0x8
                0x0000000008009ab8                . = ALIGN (0x4)
                0x0000000008009ab8                PROVIDE (__init_array_start = .)
 *(SORT_BY_NAME(.init_array.*))
 *(.init_array*)
 .init_array    0x0000000008009ab8        0x4 c:/st/stm32cubeide_1.6.1/stm32cubeide/plugins/com.st.stm32cube.ide.mcu.externaltools.gnu-tools-for-stm32.9-2020-q2-update.win32_2.0.0.202105311346/tools/bin/../lib/gcc/arm-none-eabi/9.3.1/thumb/v7-m/nofp/crtbegin.o
 .init_array    0x0000000008009abc        0x4 ./Core/Src/def.o
                0x0000000008009ac0                PROVIDE (__init_array_end = .)
                0x0000000008009ac0                . = ALIGN (0x4)

.fini_array     0x0000000008009ac0        0x8
                0x0000000008009ac0                . = ALIGN (0x4)
                [!provide]                        PROVIDE (__fini_array_start = .)
 *(SORT_BY_NAME(.fini_array.*))
 *(.fini_array*)
 .fini_array    0x0000000008009ac0        0x4 c:/st/stm32cubeide_1.6.1/stm32cubeide/plugins/com.st.stm32cube.ide.mcu.externaltools.gnu-tools-for-stm32.9-2020-q2-update.win32_2.0.0.202105311346/tools/bin/../lib/gcc/arm-none-eabi/9.3.1/thumb/v7-m/nofp/crtbegin.o
 .fini_array    0x0000000008009ac4        0x4 ./Core/Src/def.o
                [!provide]                        PROVIDE (__fini_array_end = .)
                0x0000000008009ac8                . = ALIGN (0x4)
                0x0000000008009ac8                _sidata = LOADADDR (.data)

.data           0x0000000020000000      0x1e4 load address 0x0000000008009ac8
                0x0000000020000000                . = ALIGN (0x4)
                0x0000000020000000                _sdata = .
 *(.data)
 *(.data*)
 .data.adr_ur_sens
                0x0000000020000000        0x1 ./Core/Src/def.o
                0x0000000020000000                adr_ur_sens
 .data.input_UR
                0x0000000020000001        0x1 ./Core/Src/def.o
                0x0000000020000001                input_UR
 .data.pediod_T1